#! /usr/bin/vvp
:ivl_version "12.0 (stable)";
:ivl_delay_selection "TYPICAL";
:vpi_time_precision - 12;
:vpi_module "/usr/lib64/ivl/system.vpi";
:vpi_module "/usr/lib64/ivl/vhdl_sys.vpi";
:vpi_module "/usr/lib64/ivl/vhdl_textio.vpi";
:vpi_module "/usr/lib64/ivl/v2005_math.vpi";
:vpi_module "/usr/lib64/ivl/va_math.vpi";
:vpi_module "/usr/lib64/ivl/v2009.vpi";
S_0x55b55d48fe10 .scope package, "$unit" "$unit" 2 1;
 .timescale 0 0;
S_0x55b55d490490 .scope package, "riscv_pkg" "riscv_pkg" 3 8;
 .timescale 0 0;
enum0x55b55d3cfec0 .enum4 (7)
   "OPCODE_R_TYPE" 7'b0110011,
   "OPCODE_I_TYPE" 7'b0010011,
   "OPCODE_LOAD" 7'b0000011,
   "OPCODE_STORE" 7'b0100011,
   "OPCODE_BRANCH" 7'b1100011,
   "OPCODE_JALR" 7'b1100111,
   "OPCODE_JAL" 7'b1101111,
   "OPCODE_LUI" 7'b0110111,
   "OPCODE_AUIPC" 7'b0010111,
   "OPCODE_SYSTEM" 7'b1110011
 ;
enum0x55b55d3cee60 .enum4 (3)
   "FUNCT3_ADD_SUB" 3'b000,
   "FUNCT3_SLL" 3'b001,
   "FUNCT3_SLT" 3'b010,
   "FUNCT3_SLTU" 3'b011,
   "FUNCT3_XOR" 3'b100,
   "FUNCT3_SRL_SRA" 3'b101,
   "FUNCT3_OR" 3'b110,
   "FUNCT3_AND" 3'b111
 ;
enum0x55b55d3e1e60 .enum4 (3)
   "FUNCT3_BEQ" 3'b000,
   "FUNCT3_BNE" 3'b001,
   "FUNCT3_BLT" 3'b100,
   "FUNCT3_BGE" 3'b101,
   "FUNCT3_BLTU" 3'b110,
   "FUNCT3_BGEU" 3'b111
 ;
enum0x55b55d3e2900 .enum4 (3)
   "FUNCT3_LB" 3'b000,
   "FUNCT3_LH" 3'b001,
   "FUNCT3_LW" 3'b010,
   "FUNCT3_LBU" 3'b100,
   "FUNCT3_LHU" 3'b101
 ;
enum0x55b55d4552f0 .enum4 (3)
   "FUNCT3_SB" 3'b000,
   "FUNCT3_SH" 3'b001,
   "FUNCT3_SW" 3'b010
 ;
enum0x55b55d4559c0 .enum4 (4)
   "ALU_ADD" 4'b0000,
   "ALU_SUB" 4'b0001,
   "ALU_AND" 4'b0010,
   "ALU_OR" 4'b0011,
   "ALU_XOR" 4'b0100,
   "ALU_SLL" 4'b0101,
   "ALU_SRL" 4'b0110,
   "ALU_SRA" 4'b0111,
   "ALU_SLT" 4'b1000,
   "ALU_SLTU" 4'b1001,
   "ALU_PASS_B" 4'b1010
 ;
enum0x55b55d456b60 .enum4 (2)
   "WB_SEL_ALU" 2'b00,
   "WB_SEL_MEM" 2'b01,
   "WB_SEL_PC4" 2'b10
 ;
S_0x55b55d48f940 .scope module, "tb_riscv_core_top" "tb_riscv_core_top" 4 11;
 .timescale -9 -12;
P_0x55b55d48a830 .param/l "CLK_PERIOD" 0 4 17, C4<0000000000000000000000000000000000000000000000000000000000001010>;
P_0x55b55d48a870 .param/l "MEM_DEPTH" 0 4 16, +C4<00000000000000000000010000000000>;
v0x55b55d4cec20_0 .net *"_ivl_1", 9 0, L_0x55b55d4e42f0;  1 drivers
v0x55b55d4ced20_0 .net *"_ivl_10", 31 0, L_0x55b55d4e4660;  1 drivers
v0x55b55d4cee00_0 .net *"_ivl_13", 9 0, L_0x55b55d4e4700;  1 drivers
v0x55b55d4ceec0_0 .net *"_ivl_14", 11 0, L_0x55b55d4e47a0;  1 drivers
L_0x7fb4f2cda1c8 .functor BUFT 1, C4<00>, C4<0>, C4<0>, C4<0>;
v0x55b55d4cefa0_0 .net *"_ivl_17", 1 0, L_0x7fb4f2cda1c8;  1 drivers
L_0x7fb4f2cda210 .functor BUFT 1, C4<00000000000000000000000000010011>, C4<0>, C4<0>, C4<0>;
v0x55b55d4cf0d0_0 .net/2u *"_ivl_18", 31 0, L_0x7fb4f2cda210;  1 drivers
v0x55b55d4cf1b0_0 .net *"_ivl_2", 31 0, L_0x55b55d4e4390;  1 drivers
v0x55b55d4cf290_0 .net *"_ivl_23", 9 0, L_0x55b55d4e4b00;  1 drivers
v0x55b55d4cf370_0 .net *"_ivl_24", 31 0, L_0x55b55d4e4c80;  1 drivers
L_0x7fb4f2cda258 .functor BUFT 1, C4<0000000000000000000000>, C4<0>, C4<0>, C4<0>;
v0x55b55d4cf4e0_0 .net *"_ivl_27", 21 0, L_0x7fb4f2cda258;  1 drivers
L_0x7fb4f2cda2a0 .functor BUFT 1, C4<00000000000000000000010000000000>, C4<0>, C4<0>, C4<0>;
v0x55b55d4cf5c0_0 .net/2u *"_ivl_28", 31 0, L_0x7fb4f2cda2a0;  1 drivers
v0x55b55d4cf6a0_0 .net *"_ivl_30", 0 0, L_0x55b55d4e4e00;  1 drivers
v0x55b55d4cf760_0 .net *"_ivl_32", 31 0, L_0x55b55d4e4f50;  1 drivers
v0x55b55d4cf840_0 .net *"_ivl_35", 9 0, L_0x55b55d4e4ff0;  1 drivers
v0x55b55d4cf920_0 .net *"_ivl_36", 11 0, L_0x55b55d4e5100;  1 drivers
L_0x7fb4f2cda2e8 .functor BUFT 1, C4<00>, C4<0>, C4<0>, C4<0>;
v0x55b55d4cfa00_0 .net *"_ivl_39", 1 0, L_0x7fb4f2cda2e8;  1 drivers
L_0x7fb4f2cda330 .functor BUFT 1, C4<00000000000000000000000000000000>, C4<0>, C4<0>, C4<0>;
v0x55b55d4cfae0_0 .net/2u *"_ivl_40", 31 0, L_0x7fb4f2cda330;  1 drivers
L_0x7fb4f2cda138 .functor BUFT 1, C4<0000000000000000000000>, C4<0>, C4<0>, C4<0>;
v0x55b55d4cfbc0_0 .net *"_ivl_5", 21 0, L_0x7fb4f2cda138;  1 drivers
L_0x7fb4f2cda180 .functor BUFT 1, C4<00000000000000000000010000000000>, C4<0>, C4<0>, C4<0>;
v0x55b55d4cfca0_0 .net/2u *"_ivl_6", 31 0, L_0x7fb4f2cda180;  1 drivers
v0x55b55d4cfd80_0 .net *"_ivl_8", 0 0, L_0x55b55d4e4520;  1 drivers
v0x55b55d4cfe40_0 .var "clk", 0 0;
v0x55b55d4cfee0_0 .net "dmem_addr", 31 0, L_0x55b55d4e4070;  1 drivers
v0x55b55d4cffa0_0 .net "dmem_rdata", 31 0, L_0x55b55d4e5240;  1 drivers
v0x55b55d4d0060_0 .net "dmem_wdata", 31 0, v0x55b55d4c9010_0;  1 drivers
v0x55b55d4d0170_0 .net "dmem_we", 0 0, L_0x55b55d4e41e0;  1 drivers
v0x55b55d4d0260_0 .net "dmem_wmask", 3 0, v0x55b55d4c9150_0;  1 drivers
v0x55b55d4d0370_0 .var/str "hex_file";
v0x55b55d4d0430_0 .net "imem_addr", 31 0, v0x55b55d4cc1e0_0;  1 drivers
v0x55b55d4d0540_0 .net "imem_rdata", 31 0, L_0x55b55d4e4970;  1 drivers
v0x55b55d4d0650 .array "mem", 1023 0, 31 0;
v0x55b55d4d0710_0 .net "pc_debug", 31 0, L_0x55b55d472780;  1 drivers
v0x55b55d4d07d0_0 .var "rst_n", 0 0;
v0x55b55d4d0900_0 .net "trap", 0 0, v0x55b55d4c3d40_0;  1 drivers
E_0x55b55d3e85c0 .event anyedge, v0x55b55d4c3d40_0;
E_0x55b55d3e8e20 .event posedge, v0x55b55d4c5bc0_0;
L_0x55b55d4e42f0 .part v0x55b55d4cc1e0_0, 2, 10;
L_0x55b55d4e4390 .concat [ 10 22 0 0], L_0x55b55d4e42f0, L_0x7fb4f2cda138;
L_0x55b55d4e4520 .cmp/gt 32, L_0x7fb4f2cda180, L_0x55b55d4e4390;
L_0x55b55d4e4660 .array/port v0x55b55d4d0650, L_0x55b55d4e47a0;
L_0x55b55d4e4700 .part v0x55b55d4cc1e0_0, 2, 10;
L_0x55b55d4e47a0 .concat [ 10 2 0 0], L_0x55b55d4e4700, L_0x7fb4f2cda1c8;
L_0x55b55d4e4970 .functor MUXZ 32, L_0x7fb4f2cda210, L_0x55b55d4e4660, L_0x55b55d4e4520, C4<>;
L_0x55b55d4e4b00 .part L_0x55b55d4e4070, 2, 10;
L_0x55b55d4e4c80 .concat [ 10 22 0 0], L_0x55b55d4e4b00, L_0x7fb4f2cda258;
L_0x55b55d4e4e00 .cmp/gt 32, L_0x7fb4f2cda2a0, L_0x55b55d4e4c80;
L_0x55b55d4e4f50 .array/port v0x55b55d4d0650, L_0x55b55d4e5100;
L_0x55b55d4e4ff0 .part L_0x55b55d4e4070, 2, 10;
L_0x55b55d4e5100 .concat [ 10 2 0 0], L_0x55b55d4e4ff0, L_0x7fb4f2cda2e8;
L_0x55b55d4e5240 .functor MUXZ 32, L_0x7fb4f2cda330, L_0x55b55d4e4f50, L_0x55b55d4e4e00, C4<>;
S_0x55b55d48a9d0 .scope begin, "$ivl_for_loop1" "$ivl_for_loop1" 4 91, 4 91 0, S_0x55b55d48f940;
 .timescale -9 -12;
v0x55b55d4728a0_0 .var/2s "i", 31 0;
S_0x55b55d4c1df0 .scope autotask, "do_reset" "do_reset" 4 60, 4 60 0, S_0x55b55d48f940;
 .timescale -9 -12;
TD_tb_riscv_core_top.do_reset ;
    %pushi/vec4 0, 0, 1;
    %store/vec4 v0x55b55d4d07d0_0, 0, 1;
    %pushi/vec4 3, 0, 32;
T_0.0 %dup/vec4;
    %pushi/vec4 0, 0, 32;
    %cmp/s;
    %jmp/1xz T_0.1, 5;
    %jmp/1 T_0.1, 4;
    %pushi/vec4 1, 0, 32;
    %sub;
    %wait E_0x55b55d3e8e20;
    %jmp T_0.0;
T_0.1 ;
    %pop/vec4 1;
    %delay 2000, 0;
    %pushi/vec4 1, 0, 1;
    %store/vec4 v0x55b55d4d07d0_0, 0, 1;
    %end;
S_0x55b55d4c1ff0 .scope module, "dut" "riscv_core_top" 4 38, 5 11 0, S_0x55b55d48f940;
 .timescale 0 0;
    .port_info 0 /INPUT 1 "clk";
    .port_info 1 /INPUT 1 "rst_n";
    .port_info 2 /OUTPUT 32 "imem_addr";
    .port_info 3 /INPUT 32 "imem_rdata";
    .port_info 4 /OUTPUT 32 "dmem_addr";
    .port_info 5 /OUTPUT 32 "dmem_wdata";
    .port_info 6 /OUTPUT 4 "dmem_wmask";
    .port_info 7 /OUTPUT 1 "dmem_we";
    .port_info 8 /INPUT 32 "dmem_rdata";
    .port_info 9 /OUTPUT 32 "pc_debug";
    .port_info 10 /OUTPUT 1 "trap";
P_0x55b55d3ac610 .param/l "ADDR_WIDTH" 0 5 14, +C4<00000000000000000000000000000100>;
P_0x55b55d3ac650 .param/l "DATA_WIDTH" 0 5 12, +C4<00000000000000000000000000100000>;
P_0x55b55d3ac690 .param/l "REG_COUNT" 0 5 13, +C4<00000000000000000000000000010000>;
L_0x55b55d472780 .functor BUFZ 32, v0x55b55d4cc1e0_0, C4<00000000000000000000000000000000>, C4<00000000000000000000000000000000>, C4<00000000000000000000000000000000>;
v0x55b55d4cd460_0 .net "alu_result_wb", 31 0, v0x55b55d4c82a0_0;  1 drivers
v0x55b55d4cd540_0 .net "branch_or_jump_taken", 0 0, L_0x55b55d4a5530;  1 drivers
v0x55b55d4cd600_0 .net "clk", 0 0, v0x55b55d4cfe40_0;  1 drivers
v0x55b55d4cd6a0_0 .net "dmem_addr", 31 0, L_0x55b55d4e4070;  alias, 1 drivers
v0x55b55d4cd770_0 .net "dmem_rdata", 31 0, L_0x55b55d4e5240;  alias, 1 drivers
v0x55b55d4cd860_0 .net "dmem_rdata_raw_wb", 31 0, v0x55b55d4c8f70_0;  1 drivers
v0x55b55d4cd950_0 .net "dmem_wdata", 31 0, v0x55b55d4c9010_0;  alias, 1 drivers
v0x55b55d4cd9f0_0 .net "dmem_we", 0 0, L_0x55b55d4e41e0;  alias, 1 drivers
v0x55b55d4cdac0_0 .net "dmem_wmask", 3 0, v0x55b55d4c9150_0;  alias, 1 drivers
v0x55b55d4cdc20_0 .net "flush_if_id", 0 0, v0x55b55d4c4740_0;  1 drivers
v0x55b55d4cdcc0_0 .net "funct3_wb", 2 0, v0x55b55d4c9640_0;  1 drivers
v0x55b55d4cdd60_0 .net "imem_addr", 31 0, v0x55b55d4cc1e0_0;  alias, 1 drivers
v0x55b55d4cde00_0 .net "imem_rdata", 31 0, L_0x55b55d4e4970;  alias, 1 drivers
v0x55b55d4cded0_0 .net "instr_id", 31 0, v0x55b55d4cbfa0_0;  1 drivers
v0x55b55d4cdfc0_0 .net "pc_debug", 31 0, L_0x55b55d472780;  alias, 1 drivers
v0x55b55d4ce0a0_0 .net "pc_id", 31 0, v0x55b55d4cc120_0;  1 drivers
v0x55b55d4ce1b0_0 .net "pc_wb", 31 0, v0x55b55d4ca510_0;  1 drivers
v0x55b55d4ce2c0_0 .net "rd_wb", 3 0, v0x55b55d4ca6d0_0;  1 drivers
v0x55b55d4ce380_0 .net "reg_write_wb", 0 0, v0x55b55d4ca950_0;  1 drivers
v0x55b55d4ce420_0 .net "rst_n", 0 0, v0x55b55d4d07d0_0;  1 drivers
v0x55b55d4ce4c0_0 .net "stall_if", 0 0, v0x55b55d4c4d40_0;  1 drivers
v0x55b55d4ce560_0 .net "target_pc", 31 0, v0x55b55d4cad80_0;  1 drivers
v0x55b55d4ce620_0 .net "trap", 0 0, v0x55b55d4c3d40_0;  alias, 1 drivers
v0x55b55d4ce710_0 .net "wb_result", 31 0, v0x55b55d4cd1d0_0;  1 drivers
v0x55b55d4ce7d0_0 .net "wb_sel_wb", 1 0, v0x55b55d4cb0f0_0;  1 drivers
S_0x55b55d4c22c0 .scope module, "u_id_ex_stage" "id_ex_stage" 5 88, 6 11 0, S_0x55b55d4c1ff0;
 .timescale 0 0;
    .port_info 0 /INPUT 1 "clk";
    .port_info 1 /INPUT 1 "rst_n";
    .port_info 2 /INPUT 32 "pc_id";
    .port_info 3 /INPUT 32 "instr_id";
    .port_info 4 /INPUT 1 "wb_reg_write";
    .port_info 5 /INPUT 4 "wb_rd";
    .port_info 6 /INPUT 32 "wb_result";
    .port_info 7 /OUTPUT 32 "dmem_addr";
    .port_info 8 /OUTPUT 32 "dmem_wdata";
    .port_info 9 /OUTPUT 4 "dmem_wmask";
    .port_info 10 /OUTPUT 1 "dmem_we";
    .port_info 11 /INPUT 32 "dmem_rdata";
    .port_info 12 /OUTPUT 1 "branch_or_jump_taken";
    .port_info 13 /OUTPUT 32 "target_pc";
    .port_info 14 /OUTPUT 1 "stall_if";
    .port_info 15 /OUTPUT 1 "flush_if_id";
    .port_info 16 /OUTPUT 32 "pc_wb";
    .port_info 17 /OUTPUT 32 "alu_result_wb";
    .port_info 18 /OUTPUT 32 "dmem_rdata_raw_wb";
    .port_info 19 /OUTPUT 4 "rd_wb";
    .port_info 20 /OUTPUT 1 "reg_write_wb";
    .port_info 21 /OUTPUT 2 "wb_sel_wb";
    .port_info 22 /OUTPUT 3 "funct3_wb";
    .port_info 23 /OUTPUT 1 "trap";
P_0x55b55d473c50 .param/l "ADDR_WIDTH" 0 6 14, +C4<00000000000000000000000000000100>;
P_0x55b55d473c90 .param/l "DATA_WIDTH" 0 6 12, +C4<00000000000000000000000000100000>;
P_0x55b55d473cd0 .param/l "REG_COUNT" 0 6 13, +C4<00000000000000000000000000010000>;
L_0x55b55d48a8c0 .functor AND 1, v0x55b55d4ca950_0, L_0x55b55d4e34f0, C4<1>, C4<1>;
L_0x55b55d3ff670 .functor AND 1, v0x55b55d4c37e0_0, v0x55b55d4c8430_0, C4<1>, C4<1>;
L_0x55b55d4a49e0 .functor OR 1, L_0x55b55d3ff670, v0x55b55d4c38a0_0, C4<0>, C4<0>;
L_0x55b55d4a5530 .functor OR 1, L_0x55b55d4a49e0, v0x55b55d4c3960_0, C4<0>, C4<0>;
L_0x55b55d4e4070 .functor BUFZ 32, v0x55b55d4965a0_0, C4<00000000000000000000000000000000>, C4<00000000000000000000000000000000>, C4<00000000000000000000000000000000>;
L_0x55b55d4e40e0 .functor NOT 1, v0x55b55d4c4680_0, C4<0>, C4<0>, C4<0>;
L_0x55b55d4e41e0 .functor AND 1, v0x55b55d4c3ae0_0, L_0x55b55d4e40e0, C4<1>, C4<1>;
v0x55b55d4c6750_0 .net *"_ivl_13", 0 0, L_0x55b55d4d0f70;  1 drivers
v0x55b55d4c6850_0 .net *"_ivl_14", 19 0, L_0x55b55d4d1010;  1 drivers
v0x55b55d4c6930_0 .net *"_ivl_17", 11 0, L_0x55b55d4d1360;  1 drivers
v0x55b55d4c69f0_0 .net *"_ivl_21", 0 0, L_0x55b55d4d1550;  1 drivers
v0x55b55d4c6ad0_0 .net *"_ivl_22", 19 0, L_0x55b55d4d15f0;  1 drivers
v0x55b55d4c6bb0_0 .net *"_ivl_25", 6 0, L_0x55b55d4d1910;  1 drivers
v0x55b55d4c6c90_0 .net *"_ivl_27", 4 0, L_0x55b55d4d19b0;  1 drivers
v0x55b55d4c6d70_0 .net *"_ivl_31", 0 0, L_0x55b55d4d1c10;  1 drivers
v0x55b55d4c6e50_0 .net *"_ivl_32", 18 0, L_0x55b55d4d1d40;  1 drivers
v0x55b55d4c6fc0_0 .net *"_ivl_35", 0 0, L_0x55b55d4d20f0;  1 drivers
v0x55b55d4c70a0_0 .net *"_ivl_37", 0 0, L_0x55b55d4d2230;  1 drivers
v0x55b55d4c7180_0 .net *"_ivl_39", 5 0, L_0x55b55d4d24e0;  1 drivers
v0x55b55d4c7260_0 .net *"_ivl_41", 3 0, L_0x55b55d4d2190;  1 drivers
L_0x7fb4f2cda018 .functor BUFT 1, C4<0>, C4<0>, C4<0>, C4<0>;
v0x55b55d4c7340_0 .net/2u *"_ivl_42", 0 0, L_0x7fb4f2cda018;  1 drivers
v0x55b55d4c7420_0 .net *"_ivl_47", 19 0, L_0x55b55d4d2920;  1 drivers
L_0x7fb4f2cda060 .functor BUFT 1, C4<000000000000>, C4<0>, C4<0>, C4<0>;
v0x55b55d4c7500_0 .net/2u *"_ivl_48", 11 0, L_0x7fb4f2cda060;  1 drivers
v0x55b55d4c75e0_0 .net *"_ivl_53", 0 0, L_0x55b55d4e2be0;  1 drivers
v0x55b55d4c76c0_0 .net *"_ivl_54", 10 0, L_0x55b55d4e2c80;  1 drivers
v0x55b55d4c77a0_0 .net *"_ivl_57", 0 0, L_0x55b55d4e2e50;  1 drivers
v0x55b55d4c7880_0 .net *"_ivl_59", 7 0, L_0x55b55d4e2ef0;  1 drivers
v0x55b55d4c7960_0 .net *"_ivl_61", 0 0, L_0x55b55d4e3080;  1 drivers
v0x55b55d4c7a40_0 .net *"_ivl_63", 9 0, L_0x55b55d4e3120;  1 drivers
L_0x7fb4f2cda0a8 .functor BUFT 1, C4<0>, C4<0>, C4<0>, C4<0>;
v0x55b55d4c7b20_0 .net/2u *"_ivl_64", 0 0, L_0x7fb4f2cda0a8;  1 drivers
L_0x7fb4f2cda378 .functor BUFT 1, C4<0z>, C4<0>, C4<0>, C4<0>;
v0x55b55d4c7c00_0 .net *"_ivl_68", 1 0, L_0x7fb4f2cda378;  1 drivers
v0x55b55d4c7ce0_0 .net *"_ivl_72", 0 0, L_0x55b55d4e34f0;  1 drivers
v0x55b55d4c7da0_0 .net *"_ivl_84", 0 0, L_0x55b55d3ff670;  1 drivers
v0x55b55d4c7e80_0 .net *"_ivl_86", 0 0, L_0x55b55d4a49e0;  1 drivers
v0x55b55d4c7f60_0 .net *"_ivl_92", 0 0, L_0x55b55d4e40e0;  1 drivers
v0x55b55d4c8040_0 .net "alu_in_a", 31 0, L_0x55b55d4e3a40;  1 drivers
v0x55b55d4c8100_0 .net "alu_in_b", 31 0, L_0x55b55d4e3bd0;  1 drivers
v0x55b55d4c81d0_0 .net "alu_result", 31 0, v0x55b55d4965a0_0;  1 drivers
v0x55b55d4c82a0_0 .var "alu_result_wb", 31 0;
v0x55b55d4c8360_0 .net "alu_zero", 0 0, L_0x55b55d4e3da0;  1 drivers
v0x55b55d4c8430_0 .var "branch_condition_met", 0 0;
v0x55b55d4c84d0_0 .net "branch_or_jump_taken", 0 0, L_0x55b55d4a5530;  alias, 1 drivers
v0x55b55d4c85a0_0 .net "clk", 0 0, v0x55b55d4cfe40_0;  alias, 1 drivers
v0x55b55d4c8670_0 .net "ctrl_alu_op", 3 0, v0x55b55d4c3380_0;  1 drivers
v0x55b55d4c8710_0 .net "ctrl_alu_src_a", 0 0, v0x55b55d4c3460_0;  1 drivers
v0x55b55d4c87b0_0 .net "ctrl_alu_src_b", 0 0, v0x55b55d4c3500_0;  1 drivers
v0x55b55d4c8880_0 .net "ctrl_is_branch", 0 0, v0x55b55d4c37e0_0;  1 drivers
v0x55b55d4c8950_0 .net "ctrl_is_jal", 0 0, v0x55b55d4c38a0_0;  1 drivers
v0x55b55d4c8a20_0 .net "ctrl_is_jalr", 0 0, v0x55b55d4c3960_0;  1 drivers
v0x55b55d4c8af0_0 .net "ctrl_mem_read", 0 0, v0x55b55d4c3a20_0;  1 drivers
v0x55b55d4c8bc0_0 .net "ctrl_mem_write", 0 0, v0x55b55d4c3ae0_0;  1 drivers
v0x55b55d4c8c90_0 .net "ctrl_reg_write", 0 0, v0x55b55d4c3c80_0;  1 drivers
v0x55b55d4c8d60_0 .net "ctrl_wb_sel", 1 0, v0x55b55d4c3e00_0;  1 drivers
v0x55b55d4c8e30_0 .net "dmem_addr", 31 0, L_0x55b55d4e4070;  alias, 1 drivers
v0x55b55d4c8ed0_0 .net "dmem_rdata", 31 0, L_0x55b55d4e5240;  alias, 1 drivers
v0x55b55d4c8f70_0 .var "dmem_rdata_raw_wb", 31 0;
v0x55b55d4c9010_0 .var "dmem_wdata", 31 0;
v0x55b55d4c90b0_0 .net "dmem_we", 0 0, L_0x55b55d4e41e0;  alias, 1 drivers
v0x55b55d4c9150_0 .var "dmem_wmask", 3 0;
v0x55b55d4c9230_0 .net "flush_id_ex", 0 0, v0x55b55d4c4680_0;  1 drivers
v0x55b55d4c9300_0 .net "flush_if_id", 0 0, v0x55b55d4c4740_0;  alias, 1 drivers
v0x55b55d4c93d0_0 .net "forward_a", 0 0, v0x55b55d4c4810_0;  1 drivers
v0x55b55d4c94a0_0 .net "forward_b", 0 0, v0x55b55d4c48d0_0;  1 drivers
v0x55b55d4c9570_0 .net "funct3", 2 0, L_0x55b55d4d0b30;  1 drivers
v0x55b55d4c9640_0 .var "funct3_wb", 2 0;
v0x55b55d4c96e0_0 .net "funct7", 6 0, L_0x55b55d4d0cb0;  1 drivers
v0x55b55d4c97b0_0 .net "imm_b", 31 0, L_0x55b55d4d2630;  1 drivers
v0x55b55d4c9850_0 .net "imm_i", 31 0, L_0x55b55d4d1400;  1 drivers
v0x55b55d4c9930_0 .net "imm_j", 31 0, L_0x55b55d4e32c0;  1 drivers
v0x55b55d4c9a10_0 .net "imm_s", 31 0, L_0x55b55d4d1ad0;  1 drivers
v0x55b55d4c9af0_0 .var "imm_selected", 31 0;
v0x55b55d4c9bd0_0 .net "imm_u", 31 0, L_0x55b55d4e29d0;  1 drivers
v0x55b55d4ca0c0_0 .net "instr_id", 31 0, v0x55b55d4cbfa0_0;  alias, 1 drivers
v0x55b55d4ca1a0_0 .net "op_a_forwarded", 31 0, L_0x55b55d4e36f0;  1 drivers
v0x55b55d4ca280_0 .net "op_b_forwarded", 31 0, L_0x55b55d4e3830;  1 drivers
v0x55b55d4ca360_0 .net "opcode", 6 0, L_0x55b55d4d0a70;  1 drivers
v0x55b55d4ca450_0 .net "pc_id", 31 0, v0x55b55d4cc120_0;  alias, 1 drivers
v0x55b55d4ca510_0 .var "pc_wb", 31 0;
v0x55b55d4ca5f0_0 .net "rd_addr", 3 0, L_0x55b55d4d0d50;  1 drivers
v0x55b55d4ca6d0_0 .var "rd_wb", 3 0;
v0x55b55d4ca790_0 .net "reg_rdata1", 31 0, v0x55b55d4c5e90_0;  1 drivers
v0x55b55d4ca880_0 .net "reg_rdata2", 31 0, v0x55b55d4c5f30_0;  1 drivers
v0x55b55d4ca950_0 .var "reg_write_wb", 0 0;
v0x55b55d4caa40_0 .net "rs1_addr", 3 0, L_0x55b55d4d0df0;  1 drivers
v0x55b55d4cab30_0 .net "rs2_addr", 3 0, L_0x55b55d4d0e90;  1 drivers
v0x55b55d4cac40_0 .net "rst_n", 0 0, v0x55b55d4d07d0_0;  alias, 1 drivers
v0x55b55d4cace0_0 .net "stall_if", 0 0, v0x55b55d4c4d40_0;  alias, 1 drivers
v0x55b55d4cad80_0 .var "target_pc", 31 0;
v0x55b55d4cae20_0 .net "trap", 0 0, v0x55b55d4c3d40_0;  alias, 1 drivers
v0x55b55d4caec0_0 .net "wb_rd", 3 0, v0x55b55d4ca6d0_0;  alias, 1 drivers
v0x55b55d4caf60_0 .net "wb_reg_write", 0 0, v0x55b55d4ca950_0;  alias, 1 drivers
v0x55b55d4cb000_0 .net "wb_result", 31 0, v0x55b55d4cd1d0_0;  alias, 1 drivers
v0x55b55d4cb0f0_0 .var "wb_sel_wb", 1 0;
E_0x55b55d3e9140 .event anyedge, v0x55b55d4c35d0_0, v0x55b55d4965a0_0, v0x55b55d4ca280_0;
E_0x55b55d3cf180/0 .event anyedge, v0x55b55d4c3960_0, v0x55b55d4ca1a0_0, v0x55b55d4c9850_0, v0x55b55d4c38a0_0;
E_0x55b55d3cf180/1 .event anyedge, v0x55b55d4ca450_0, v0x55b55d4c9930_0, v0x55b55d4c97b0_0;
E_0x55b55d3cf180 .event/or E_0x55b55d3cf180/0, E_0x55b55d3cf180/1;
E_0x55b55d4aaa10 .event anyedge, v0x55b55d4c35d0_0, v0x55b55d4ca1a0_0, v0x55b55d4ca280_0;
E_0x55b55d4aacf0/0 .event anyedge, v0x55b55d4c3ba0_0, v0x55b55d4c9850_0, v0x55b55d4c9a10_0, v0x55b55d4c97b0_0;
E_0x55b55d4aacf0/1 .event anyedge, v0x55b55d4c9bd0_0, v0x55b55d4c9930_0;
E_0x55b55d4aacf0 .event/or E_0x55b55d4aacf0/0, E_0x55b55d4aacf0/1;
L_0x55b55d4d0a70 .part v0x55b55d4cbfa0_0, 0, 7;
L_0x55b55d4d0b30 .part v0x55b55d4cbfa0_0, 12, 3;
L_0x55b55d4d0cb0 .part v0x55b55d4cbfa0_0, 25, 7;
L_0x55b55d4d0d50 .part v0x55b55d4cbfa0_0, 7, 4;
L_0x55b55d4d0df0 .part v0x55b55d4cbfa0_0, 15, 4;
L_0x55b55d4d0e90 .part v0x55b55d4cbfa0_0, 20, 4;
L_0x55b55d4d0f70 .part v0x55b55d4cbfa0_0, 31, 1;
LS_0x55b55d4d1010_0_0 .concat [ 1 1 1 1], L_0x55b55d4d0f70, L_0x55b55d4d0f70, L_0x55b55d4d0f70, L_0x55b55d4d0f70;
LS_0x55b55d4d1010_0_4 .concat [ 1 1 1 1], L_0x55b55d4d0f70, L_0x55b55d4d0f70, L_0x55b55d4d0f70, L_0x55b55d4d0f70;
LS_0x55b55d4d1010_0_8 .concat [ 1 1 1 1], L_0x55b55d4d0f70, L_0x55b55d4d0f70, L_0x55b55d4d0f70, L_0x55b55d4d0f70;
LS_0x55b55d4d1010_0_12 .concat [ 1 1 1 1], L_0x55b55d4d0f70, L_0x55b55d4d0f70, L_0x55b55d4d0f70, L_0x55b55d4d0f70;
LS_0x55b55d4d1010_0_16 .concat [ 1 1 1 1], L_0x55b55d4d0f70, L_0x55b55d4d0f70, L_0x55b55d4d0f70, L_0x55b55d4d0f70;
LS_0x55b55d4d1010_1_0 .concat [ 4 4 4 4], LS_0x55b55d4d1010_0_0, LS_0x55b55d4d1010_0_4, LS_0x55b55d4d1010_0_8, LS_0x55b55d4d1010_0_12;
LS_0x55b55d4d1010_1_4 .concat [ 4 0 0 0], LS_0x55b55d4d1010_0_16;
L_0x55b55d4d1010 .concat [ 16 4 0 0], LS_0x55b55d4d1010_1_0, LS_0x55b55d4d1010_1_4;
L_0x55b55d4d1360 .part v0x55b55d4cbfa0_0, 20, 12;
L_0x55b55d4d1400 .concat [ 12 20 0 0], L_0x55b55d4d1360, L_0x55b55d4d1010;
L_0x55b55d4d1550 .part v0x55b55d4cbfa0_0, 31, 1;
LS_0x55b55d4d15f0_0_0 .concat [ 1 1 1 1], L_0x55b55d4d1550, L_0x55b55d4d1550, L_0x55b55d4d1550, L_0x55b55d4d1550;
LS_0x55b55d4d15f0_0_4 .concat [ 1 1 1 1], L_0x55b55d4d1550, L_0x55b55d4d1550, L_0x55b55d4d1550, L_0x55b55d4d1550;
LS_0x55b55d4d15f0_0_8 .concat [ 1 1 1 1], L_0x55b55d4d1550, L_0x55b55d4d1550, L_0x55b55d4d1550, L_0x55b55d4d1550;
LS_0x55b55d4d15f0_0_12 .concat [ 1 1 1 1], L_0x55b55d4d1550, L_0x55b55d4d1550, L_0x55b55d4d1550, L_0x55b55d4d1550;
LS_0x55b55d4d15f0_0_16 .concat [ 1 1 1 1], L_0x55b55d4d1550, L_0x55b55d4d1550, L_0x55b55d4d1550, L_0x55b55d4d1550;
LS_0x55b55d4d15f0_1_0 .concat [ 4 4 4 4], LS_0x55b55d4d15f0_0_0, LS_0x55b55d4d15f0_0_4, LS_0x55b55d4d15f0_0_8, LS_0x55b55d4d15f0_0_12;
LS_0x55b55d4d15f0_1_4 .concat [ 4 0 0 0], LS_0x55b55d4d15f0_0_16;
L_0x55b55d4d15f0 .concat [ 16 4 0 0], LS_0x55b55d4d15f0_1_0, LS_0x55b55d4d15f0_1_4;
L_0x55b55d4d1910 .part v0x55b55d4cbfa0_0, 25, 7;
L_0x55b55d4d19b0 .part v0x55b55d4cbfa0_0, 7, 5;
L_0x55b55d4d1ad0 .concat [ 5 7 20 0], L_0x55b55d4d19b0, L_0x55b55d4d1910, L_0x55b55d4d15f0;
L_0x55b55d4d1c10 .part v0x55b55d4cbfa0_0, 31, 1;
LS_0x55b55d4d1d40_0_0 .concat [ 1 1 1 1], L_0x55b55d4d1c10, L_0x55b55d4d1c10, L_0x55b55d4d1c10, L_0x55b55d4d1c10;
LS_0x55b55d4d1d40_0_4 .concat [ 1 1 1 1], L_0x55b55d4d1c10, L_0x55b55d4d1c10, L_0x55b55d4d1c10, L_0x55b55d4d1c10;
LS_0x55b55d4d1d40_0_8 .concat [ 1 1 1 1], L_0x55b55d4d1c10, L_0x55b55d4d1c10, L_0x55b55d4d1c10, L_0x55b55d4d1c10;
LS_0x55b55d4d1d40_0_12 .concat [ 1 1 1 1], L_0x55b55d4d1c10, L_0x55b55d4d1c10, L_0x55b55d4d1c10, L_0x55b55d4d1c10;
LS_0x55b55d4d1d40_0_16 .concat [ 1 1 1 0], L_0x55b55d4d1c10, L_0x55b55d4d1c10, L_0x55b55d4d1c10;
LS_0x55b55d4d1d40_1_0 .concat [ 4 4 4 4], LS_0x55b55d4d1d40_0_0, LS_0x55b55d4d1d40_0_4, LS_0x55b55d4d1d40_0_8, LS_0x55b55d4d1d40_0_12;
LS_0x55b55d4d1d40_1_4 .concat [ 3 0 0 0], LS_0x55b55d4d1d40_0_16;
L_0x55b55d4d1d40 .concat [ 16 3 0 0], LS_0x55b55d4d1d40_1_0, LS_0x55b55d4d1d40_1_4;
L_0x55b55d4d20f0 .part v0x55b55d4cbfa0_0, 31, 1;
L_0x55b55d4d2230 .part v0x55b55d4cbfa0_0, 7, 1;
L_0x55b55d4d24e0 .part v0x55b55d4cbfa0_0, 25, 6;
L_0x55b55d4d2190 .part v0x55b55d4cbfa0_0, 8, 4;
LS_0x55b55d4d2630_0_0 .concat [ 1 4 6 1], L_0x7fb4f2cda018, L_0x55b55d4d2190, L_0x55b55d4d24e0, L_0x55b55d4d2230;
LS_0x55b55d4d2630_0_4 .concat [ 1 19 0 0], L_0x55b55d4d20f0, L_0x55b55d4d1d40;
L_0x55b55d4d2630 .concat [ 12 20 0 0], LS_0x55b55d4d2630_0_0, LS_0x55b55d4d2630_0_4;
L_0x55b55d4d2920 .part v0x55b55d4cbfa0_0, 12, 20;
L_0x55b55d4e29d0 .concat [ 12 20 0 0], L_0x7fb4f2cda060, L_0x55b55d4d2920;
L_0x55b55d4e2be0 .part v0x55b55d4cbfa0_0, 31, 1;
LS_0x55b55d4e2c80_0_0 .concat [ 1 1 1 1], L_0x55b55d4e2be0, L_0x55b55d4e2be0, L_0x55b55d4e2be0, L_0x55b55d4e2be0;
LS_0x55b55d4e2c80_0_4 .concat [ 1 1 1 1], L_0x55b55d4e2be0, L_0x55b55d4e2be0, L_0x55b55d4e2be0, L_0x55b55d4e2be0;
LS_0x55b55d4e2c80_0_8 .concat [ 1 1 1 0], L_0x55b55d4e2be0, L_0x55b55d4e2be0, L_0x55b55d4e2be0;
L_0x55b55d4e2c80 .concat [ 4 4 3 0], LS_0x55b55d4e2c80_0_0, LS_0x55b55d4e2c80_0_4, LS_0x55b55d4e2c80_0_8;
L_0x55b55d4e2e50 .part v0x55b55d4cbfa0_0, 31, 1;
L_0x55b55d4e2ef0 .part v0x55b55d4cbfa0_0, 12, 8;
L_0x55b55d4e3080 .part v0x55b55d4cbfa0_0, 20, 1;
L_0x55b55d4e3120 .part v0x55b55d4cbfa0_0, 21, 10;
LS_0x55b55d4e32c0_0_0 .concat [ 1 10 1 8], L_0x7fb4f2cda0a8, L_0x55b55d4e3120, L_0x55b55d4e3080, L_0x55b55d4e2ef0;
LS_0x55b55d4e32c0_0_4 .concat [ 1 11 0 0], L_0x55b55d4e2e50, L_0x55b55d4e2c80;
L_0x55b55d4e32c0 .concat [ 20 12 0 0], LS_0x55b55d4e32c0_0_0, LS_0x55b55d4e32c0_0_4;
L_0x55b55d4e34f0 .cmp/eq 2, v0x55b55d4cb0f0_0, L_0x7fb4f2cda378;
L_0x55b55d4e36f0 .functor MUXZ 32, v0x55b55d4c5e90_0, v0x55b55d4cd1d0_0, v0x55b55d4c4810_0, C4<>;
L_0x55b55d4e3830 .functor MUXZ 32, v0x55b55d4c5f30_0, v0x55b55d4cd1d0_0, v0x55b55d4c48d0_0, C4<>;
L_0x55b55d4e3a40 .functor MUXZ 32, L_0x55b55d4e36f0, v0x55b55d4cc120_0, v0x55b55d4c3460_0, C4<>;
L_0x55b55d4e3bd0 .functor MUXZ 32, L_0x55b55d4e3830, v0x55b55d4c9af0_0, v0x55b55d4c3500_0, C4<>;
S_0x55b55d4c29d0 .scope module, "u_alu" "alu" 6 189, 7 9 0, S_0x55b55d4c22c0;
 .timescale 0 0;
    .port_info 0 /INPUT 32 "a";
    .port_info 1 /INPUT 32 "b";
    .port_info 2 /INPUT 4 "alu_op";
    .port_info 3 /OUTPUT 32 "result";
    .port_info 4 /OUTPUT 1 "zero";
P_0x55b55d4c2bb0 .param/l "DATA_WIDTH" 0 7 10, +C4<00000000000000000000000000100000>;
L_0x7fb4f2cda0f0 .functor BUFT 1, C4<00000000000000000000000000000000>, C4<0>, C4<0>, C4<0>;
v0x55b55d472940_0 .net/2u *"_ivl_0", 31 0, L_0x7fb4f2cda0f0;  1 drivers
v0x55b55d4736d0_0 .net "a", 31 0, L_0x55b55d4e3a40;  alias, 1 drivers
v0x55b55d473770_0 .net "alu_op", 3 0, v0x55b55d4c3380_0;  alias, 1 drivers
v0x55b55d496500_0 .net "b", 31 0, L_0x55b55d4e3bd0;  alias, 1 drivers
v0x55b55d4965a0_0 .var "result", 31 0;
v0x55b55d48a930_0 .net "zero", 0 0, L_0x55b55d4e3da0;  alias, 1 drivers
E_0x55b55d4c2cb0 .event anyedge, v0x55b55d473770_0, v0x55b55d4736d0_0, v0x55b55d496500_0, v0x55b55d496500_0;
L_0x55b55d4e3da0 .cmp/eq 32, v0x55b55d4965a0_0, L_0x7fb4f2cda0f0;
S_0x55b55d4c2fc0 .scope module, "u_control_unit" "control_unit" 6 106, 8 10 0, S_0x55b55d4c22c0;
 .timescale 0 0;
    .port_info 0 /INPUT 7 "opcode";
    .port_info 1 /INPUT 3 "funct3";
    .port_info 2 /INPUT 7 "funct7";
    .port_info 3 /OUTPUT 1 "reg_write";
    .port_info 4 /OUTPUT 1 "mem_read";
    .port_info 5 /OUTPUT 1 "mem_write";
    .port_info 6 /OUTPUT 4 "alu_op";
    .port_info 7 /OUTPUT 1 "alu_src_a";
    .port_info 8 /OUTPUT 1 "alu_src_b";
    .port_info 9 /OUTPUT 2 "wb_sel";
    .port_info 10 /OUTPUT 1 "is_branch";
    .port_info 11 /OUTPUT 1 "is_jal";
    .port_info 12 /OUTPUT 1 "is_jalr";
    .port_info 13 /OUTPUT 1 "trap";
v0x55b55d4c3380_0 .var "alu_op", 3 0;
v0x55b55d4c3460_0 .var "alu_src_a", 0 0;
v0x55b55d4c3500_0 .var "alu_src_b", 0 0;
v0x55b55d4c35d0_0 .net "funct3", 2 0, L_0x55b55d4d0b30;  alias, 1 drivers
v0x55b55d4c36b0_0 .net "funct7", 6 0, L_0x55b55d4d0cb0;  alias, 1 drivers
v0x55b55d4c37e0_0 .var "is_branch", 0 0;
v0x55b55d4c38a0_0 .var "is_jal", 0 0;
v0x55b55d4c3960_0 .var "is_jalr", 0 0;
v0x55b55d4c3a20_0 .var "mem_read", 0 0;
v0x55b55d4c3ae0_0 .var "mem_write", 0 0;
v0x55b55d4c3ba0_0 .net "opcode", 6 0, L_0x55b55d4d0a70;  alias, 1 drivers
v0x55b55d4c3c80_0 .var "reg_write", 0 0;
v0x55b55d4c3d40_0 .var "trap", 0 0;
v0x55b55d4c3e00_0 .var "wb_sel", 1 0;
E_0x55b55d4c3320 .event anyedge, v0x55b55d4c3ba0_0, v0x55b55d4c35d0_0, v0x55b55d4c36b0_0;
S_0x55b55d4c40a0 .scope module, "u_hazard_unit" "hazard_unit" 6 152, 9 9 0, S_0x55b55d4c22c0;
 .timescale 0 0;
    .port_info 0 /INPUT 4 "id_rs1";
    .port_info 1 /INPUT 4 "id_rs2";
    .port_info 2 /INPUT 4 "id_ex_rd";
    .port_info 3 /INPUT 1 "id_ex_mem_read";
    .port_info 4 /INPUT 4 "wb_rd";
    .port_info 5 /INPUT 1 "wb_reg_write";
    .port_info 6 /INPUT 1 "branch_or_jump_taken";
    .port_info 7 /OUTPUT 1 "forward_a";
    .port_info 8 /OUTPUT 1 "forward_b";
    .port_info 9 /OUTPUT 1 "stall_if";
    .port_info 10 /OUTPUT 1 "flush_if_id";
    .port_info 11 /OUTPUT 1 "flush_id_ex";
P_0x55b55d4c4230 .param/l "ADDR_WIDTH" 0 9 10, +C4<00000000000000000000000000000100>;
v0x55b55d4c45a0_0 .net "branch_or_jump_taken", 0 0, L_0x55b55d4a5530;  alias, 1 drivers
v0x55b55d4c4680_0 .var "flush_id_ex", 0 0;
v0x55b55d4c4740_0 .var "flush_if_id", 0 0;
v0x55b55d4c4810_0 .var "forward_a", 0 0;
v0x55b55d4c48d0_0 .var "forward_b", 0 0;
v0x55b55d4c49e0_0 .net "id_ex_mem_read", 0 0, L_0x55b55d48a8c0;  1 drivers
v0x55b55d4c4aa0_0 .net "id_ex_rd", 3 0, v0x55b55d4ca6d0_0;  alias, 1 drivers
v0x55b55d4c4b80_0 .net "id_rs1", 3 0, L_0x55b55d4d0df0;  alias, 1 drivers
v0x55b55d4c4c60_0 .net "id_rs2", 3 0, L_0x55b55d4d0e90;  alias, 1 drivers
v0x55b55d4c4d40_0 .var "stall_if", 0 0;
v0x55b55d4c4e00_0 .net "wb_rd", 3 0, v0x55b55d4ca6d0_0;  alias, 1 drivers
v0x55b55d4c4ec0_0 .net "wb_reg_write", 0 0, v0x55b55d4ca950_0;  alias, 1 drivers
E_0x55b55d4c44c0/0 .event anyedge, v0x55b55d4c49e0_0, v0x55b55d4c4aa0_0, v0x55b55d4c4b80_0, v0x55b55d4c4c60_0;
E_0x55b55d4c44c0/1 .event anyedge, v0x55b55d4c45a0_0;
E_0x55b55d4c44c0 .event/or E_0x55b55d4c44c0/0, E_0x55b55d4c44c0/1;
E_0x55b55d4c4530 .event anyedge, v0x55b55d4c4ec0_0, v0x55b55d4c4aa0_0, v0x55b55d4c4b80_0, v0x55b55d4c4c60_0;
S_0x55b55d4c50e0 .scope module, "u_regfile" "regfile" 6 132, 10 9 0, S_0x55b55d4c22c0;
 .timescale 0 0;
    .port_info 0 /INPUT 1 "clk";
    .port_info 1 /INPUT 1 "rst_n";
    .port_info 2 /INPUT 4 "raddr1";
    .port_info 3 /OUTPUT 32 "rdata1";
    .port_info 4 /INPUT 4 "raddr2";
    .port_info 5 /OUTPUT 32 "rdata2";
    .port_info 6 /INPUT 1 "we";
    .port_info 7 /INPUT 4 "waddr";
    .port_info 8 /INPUT 32 "wdata";
P_0x55b55d4c5270 .param/l "ADDR_WIDTH" 0 10 12, +C4<00000000000000000000000000000100>;
P_0x55b55d4c52b0 .param/l "DATA_WIDTH" 0 10 10, +C4<00000000000000000000000000100000>;
P_0x55b55d4c52f0 .param/l "REG_COUNT" 0 10 11, +C4<00000000000000000000000000010000>;
v0x55b55d4c5bc0_0 .net "clk", 0 0, v0x55b55d4cfe40_0;  alias, 1 drivers
v0x55b55d4c5ca0_0 .net "raddr1", 3 0, L_0x55b55d4d0df0;  alias, 1 drivers
v0x55b55d4c5d90_0 .net "raddr2", 3 0, L_0x55b55d4d0e90;  alias, 1 drivers
v0x55b55d4c5e90_0 .var "rdata1", 31 0;
v0x55b55d4c5f30_0 .var "rdata2", 31 0;
v0x55b55d4c6060 .array "rf", 15 1, 31 0;
v0x55b55d4c6300_0 .net "rst_n", 0 0, v0x55b55d4d07d0_0;  alias, 1 drivers
v0x55b55d4c63c0_0 .net "waddr", 3 0, v0x55b55d4ca6d0_0;  alias, 1 drivers
v0x55b55d4c64d0_0 .net "wdata", 31 0, v0x55b55d4cd1d0_0;  alias, 1 drivers
v0x55b55d4c65b0_0 .net "we", 0 0, v0x55b55d4ca950_0;  alias, 1 drivers
E_0x55b55d4c5680/0 .event anyedge, v0x55b55d4c4c60_0, v0x55b55d4c4ec0_0, v0x55b55d4c4aa0_0, v0x55b55d4c64d0_0;
v0x55b55d4c6060_0 .array/port v0x55b55d4c6060, 0;
v0x55b55d4c6060_1 .array/port v0x55b55d4c6060, 1;
v0x55b55d4c6060_2 .array/port v0x55b55d4c6060, 2;
v0x55b55d4c6060_3 .array/port v0x55b55d4c6060, 3;
E_0x55b55d4c5680/1 .event anyedge, v0x55b55d4c6060_0, v0x55b55d4c6060_1, v0x55b55d4c6060_2, v0x55b55d4c6060_3;
v0x55b55d4c6060_4 .array/port v0x55b55d4c6060, 4;
v0x55b55d4c6060_5 .array/port v0x55b55d4c6060, 5;
v0x55b55d4c6060_6 .array/port v0x55b55d4c6060, 6;
v0x55b55d4c6060_7 .array/port v0x55b55d4c6060, 7;
E_0x55b55d4c5680/2 .event anyedge, v0x55b55d4c6060_4, v0x55b55d4c6060_5, v0x55b55d4c6060_6, v0x55b55d4c6060_7;
v0x55b55d4c6060_8 .array/port v0x55b55d4c6060, 8;
v0x55b55d4c6060_9 .array/port v0x55b55d4c6060, 9;
v0x55b55d4c6060_10 .array/port v0x55b55d4c6060, 10;
v0x55b55d4c6060_11 .array/port v0x55b55d4c6060, 11;
E_0x55b55d4c5680/3 .event anyedge, v0x55b55d4c6060_8, v0x55b55d4c6060_9, v0x55b55d4c6060_10, v0x55b55d4c6060_11;
v0x55b55d4c6060_12 .array/port v0x55b55d4c6060, 12;
v0x55b55d4c6060_13 .array/port v0x55b55d4c6060, 13;
v0x55b55d4c6060_14 .array/port v0x55b55d4c6060, 14;
E_0x55b55d4c5680/4 .event anyedge, v0x55b55d4c6060_12, v0x55b55d4c6060_13, v0x55b55d4c6060_14;
E_0x55b55d4c5680 .event/or E_0x55b55d4c5680/0, E_0x55b55d4c5680/1, E_0x55b55d4c5680/2, E_0x55b55d4c5680/3, E_0x55b55d4c5680/4;
E_0x55b55d4c5780/0 .event anyedge, v0x55b55d4c4b80_0, v0x55b55d4c4ec0_0, v0x55b55d4c4aa0_0, v0x55b55d4c64d0_0;
E_0x55b55d4c5780/1 .event anyedge, v0x55b55d4c6060_0, v0x55b55d4c6060_1, v0x55b55d4c6060_2, v0x55b55d4c6060_3;
E_0x55b55d4c5780/2 .event anyedge, v0x55b55d4c6060_4, v0x55b55d4c6060_5, v0x55b55d4c6060_6, v0x55b55d4c6060_7;
E_0x55b55d4c5780/3 .event anyedge, v0x55b55d4c6060_8, v0x55b55d4c6060_9, v0x55b55d4c6060_10, v0x55b55d4c6060_11;
E_0x55b55d4c5780/4 .event anyedge, v0x55b55d4c6060_12, v0x55b55d4c6060_13, v0x55b55d4c6060_14;
E_0x55b55d4c5780 .event/or E_0x55b55d4c5780/0, E_0x55b55d4c5780/1, E_0x55b55d4c5780/2, E_0x55b55d4c5780/3, E_0x55b55d4c5780/4;
E_0x55b55d4c5860/0 .event negedge, v0x55b55d4c6300_0;
E_0x55b55d4c5860/1 .event posedge, v0x55b55d4c5bc0_0;
E_0x55b55d4c5860 .event/or E_0x55b55d4c5860/0, E_0x55b55d4c5860/1;
S_0x55b55d4c58c0 .scope begin, "$ivl_for_loop0" "$ivl_for_loop0" 10 37, 10 37 0, S_0x55b55d4c50e0;
 .timescale 0 0;
v0x55b55d4c5ac0_0 .var/2s "i", 31 0;
S_0x55b55d4cb580 .scope module, "u_if_stage" "if_stage" 5 68, 11 9 0, S_0x55b55d4c1ff0;
 .timescale 0 0;
    .port_info 0 /INPUT 1 "clk";
    .port_info 1 /INPUT 1 "rst_n";
    .port_info 2 /INPUT 1 "branch_or_jump_taken";
    .port_info 3 /INPUT 32 "target_pc";
    .port_info 4 /INPUT 1 "stall_if";
    .port_info 5 /INPUT 1 "flush_if_id";
    .port_info 6 /OUTPUT 32 "imem_addr";
    .port_info 7 /INPUT 32 "imem_rdata";
    .port_info 8 /OUTPUT 32 "pc_id";
    .port_info 9 /OUTPUT 32 "instr_id";
P_0x55b55d4cb730 .param/l "DATA_WIDTH" 0 11 10, +C4<00000000000000000000000000100000>;
P_0x55b55d4cb770 .param/l "NOP_INSTR" 1 11 33, C4<00000000000000000000000000010011>;
v0x55b55d4cbac0_0 .net "branch_or_jump_taken", 0 0, L_0x55b55d4a5530;  alias, 1 drivers
v0x55b55d4cbbd0_0 .net "clk", 0 0, v0x55b55d4cfe40_0;  alias, 1 drivers
v0x55b55d4cbce0_0 .net "flush_if_id", 0 0, v0x55b55d4c4740_0;  alias, 1 drivers
v0x55b55d4cbdd0_0 .net "imem_addr", 31 0, v0x55b55d4cc1e0_0;  alias, 1 drivers
v0x55b55d4cbe70_0 .net "imem_rdata", 31 0, L_0x55b55d4e4970;  alias, 1 drivers
v0x55b55d4cbfa0_0 .var "instr_id", 31 0;
v0x55b55d4cc060_0 .var "next_pc", 31 0;
v0x55b55d4cc120_0 .var "pc_id", 31 0;
v0x55b55d4cc1e0_0 .var "pc_reg", 31 0;
v0x55b55d4cc2a0_0 .net "rst_n", 0 0, v0x55b55d4d07d0_0;  alias, 1 drivers
v0x55b55d4cc340_0 .net "stall_if", 0 0, v0x55b55d4c4d40_0;  alias, 1 drivers
v0x55b55d4cc430_0 .net "target_pc", 31 0, v0x55b55d4cad80_0;  alias, 1 drivers
E_0x55b55d4cba50 .event anyedge, v0x55b55d4c45a0_0, v0x55b55d4cad80_0, v0x55b55d4c4d40_0, v0x55b55d4cc1e0_0;
S_0x55b55d4cc670 .scope module, "u_wb_stage" "wb_stage" 5 120, 12 11 0, S_0x55b55d4c1ff0;
 .timescale 0 0;
    .port_info 0 /INPUT 32 "pc_wb";
    .port_info 1 /INPUT 32 "alu_result_wb";
    .port_info 2 /INPUT 32 "dmem_rdata_raw_wb";
    .port_info 3 /INPUT 2 "wb_sel_wb";
    .port_info 4 /INPUT 3 "funct3_wb";
    .port_info 5 /OUTPUT 32 "wb_result";
P_0x55b55d4cc850 .param/l "DATA_WIDTH" 0 12 12, +C4<00000000000000000000000000100000>;
v0x55b55d4ccb80_0 .net "alu_result_wb", 31 0, v0x55b55d4c82a0_0;  alias, 1 drivers
v0x55b55d4ccc90_0 .var "byte_selected", 7 0;
v0x55b55d4ccd50_0 .net "dmem_rdata_raw_wb", 31 0, v0x55b55d4c8f70_0;  alias, 1 drivers
v0x55b55d4cce50_0 .var "formatted_load_data", 31 0;
v0x55b55d4ccf10_0 .net "funct3_wb", 2 0, v0x55b55d4c9640_0;  alias, 1 drivers
v0x55b55d4cd020_0 .var "halfword_selected", 15 0;
v0x55b55d4cd0e0_0 .net "pc_wb", 31 0, v0x55b55d4ca510_0;  alias, 1 drivers
v0x55b55d4cd1d0_0 .var "wb_result", 31 0;
v0x55b55d4cd2c0_0 .net "wb_sel_wb", 1 0, v0x55b55d4cb0f0_0;  alias, 1 drivers
E_0x55b55d4cca60 .event anyedge, v0x55b55d4cb0f0_0, v0x55b55d4c82a0_0, v0x55b55d4cce50_0, v0x55b55d4ca510_0;
E_0x55b55d4ccad0/0 .event anyedge, v0x55b55d4c82a0_0, v0x55b55d4c8f70_0, v0x55b55d4c8f70_0, v0x55b55d4c8f70_0;
E_0x55b55d4ccad0/1 .event anyedge, v0x55b55d4c8f70_0, v0x55b55d4c82a0_0, v0x55b55d4c8f70_0, v0x55b55d4c8f70_0;
E_0x55b55d4ccad0/2 .event anyedge, v0x55b55d4c9640_0, v0x55b55d4ccc90_0, v0x55b55d4cd020_0, v0x55b55d4c8f70_0;
E_0x55b55d4ccad0 .event/or E_0x55b55d4ccad0/0, E_0x55b55d4ccad0/1, E_0x55b55d4ccad0/2;
S_0x55b55d4cea40 .scope autotask, "load_builtin_test" "load_builtin_test" 4 141, 4 141 0, S_0x55b55d48f940;
 .timescale -9 -12;
TD_tb_riscv_core_top.load_builtin_test ;
    %pushi/vec4 10485907, 0, 32;
    %ix/load 4, 0, 0;
    %flag_set/imm 4, 0;
    %store/vec4a v0x55b55d4d0650, 4, 0;
    %pushi/vec4 20971795, 0, 32;
    %ix/load 4, 1, 0;
    %flag_set/imm 4, 0;
    %store/vec4a v0x55b55d4d0650, 4, 0;
    %pushi/vec4 2130355, 0, 32;
    %ix/load 4, 2, 0;
    %flag_set/imm 4, 0;
    %store/vec4a v0x55b55d4d0650, 4, 0;
    %pushi/vec4 3153955, 0, 32;
    %ix/load 4, 3, 0;
    %flag_set/imm 4, 0;
    %store/vec4a v0x55b55d4d0650, 4, 0;
    %pushi/vec4 8707, 0, 32;
    %ix/load 4, 4, 0;
    %flag_set/imm 4, 0;
    %store/vec4a v0x55b55d4d0650, 4, 0;
    %pushi/vec4 1180339, 0, 32;
    %ix/load 4, 5, 0;
    %flag_set/imm 4, 0;
    %store/vec4a v0x55b55d4d0650, 4, 0;
    %pushi/vec4 15893139, 0, 32;
    %ix/load 4, 6, 0;
    %flag_set/imm 4, 0;
    %store/vec4a v0x55b55d4d0650, 4, 0;
    %pushi/vec4 1048979, 0, 32;
    %ix/load 4, 7, 0;
    %flag_set/imm 4, 0;
    %store/vec4a v0x55b55d4d0650, 4, 0;
    %pushi/vec4 1048691, 0, 32;
    %ix/load 4, 8, 0;
    %flag_set/imm 4, 0;
    %store/vec4a v0x55b55d4d0650, 4, 0;
    %end;
    .scope S_0x55b55d4cb580;
T_2 ;
Ewait_0 .event/or E_0x55b55d4cba50, E_0x0;
    %wait Ewait_0;
    %load/vec4 v0x55b55d4cbac0_0;
    %flag_set/vec4 8;
    %jmp/0xz  T_2.0, 8;
    %load/vec4 v0x55b55d4cc430_0;
    %store/vec4 v0x55b55d4cc060_0, 0, 32;
    %jmp T_2.1;
T_2.0 ;
    %load/vec4 v0x55b55d4cc340_0;
    %flag_set/vec4 8;
    %jmp/0xz  T_2.2, 8;
    %load/vec4 v0x55b55d4cc1e0_0;
    %store/vec4 v0x55b55d4cc060_0, 0, 32;
    %jmp T_2.3;
T_2.2 ;
    %load/vec4 v0x55b55d4cc1e0_0;
    %addi 4, 0, 32;
    %store/vec4 v0x55b55d4cc060_0, 0, 32;
T_2.3 ;
T_2.1 ;
    %jmp T_2;
    .thread T_2, $push;
    .scope S_0x55b55d4cb580;
T_3 ;
    %wait E_0x55b55d4c5860;
    %load/vec4 v0x55b55d4cc2a0_0;
    %nor/r;
    %flag_set/vec4 8;
    %jmp/0xz  T_3.0, 8;
    %pushi/vec4 0, 0, 32;
    %assign/vec4 v0x55b55d4cc1e0_0, 0;
    %jmp T_3.1;
T_3.0 ;
    %load/vec4 v0x55b55d4cc060_0;
    %assign/vec4 v0x55b55d4cc1e0_0, 0;
T_3.1 ;
    %jmp T_3;
    .thread T_3;
    .scope S_0x55b55d4cb580;
T_4 ;
    %wait E_0x55b55d4c5860;
    %load/vec4 v0x55b55d4cc2a0_0;
    %nor/r;
    %flag_set/vec4 8;
    %jmp/0xz  T_4.0, 8;
    %pushi/vec4 0, 0, 32;
    %assign/vec4 v0x55b55d4cc120_0, 0;
    %pushi/vec4 19, 0, 32;
    %assign/vec4 v0x55b55d4cbfa0_0, 0;
    %jmp T_4.1;
T_4.0 ;
    %load/vec4 v0x55b55d4cbce0_0;
    %flag_set/vec4 8;
    %jmp/0xz  T_4.2, 8;
    %pushi/vec4 0, 0, 32;
    %assign/vec4 v0x55b55d4cc120_0, 0;
    %pushi/vec4 19, 0, 32;
    %assign/vec4 v0x55b55d4cbfa0_0, 0;
    %jmp T_4.3;
T_4.2 ;
    %load/vec4 v0x55b55d4cc340_0;
    %nor/r;
    %flag_set/vec4 8;
    %jmp/0xz  T_4.4, 8;
    %load/vec4 v0x55b55d4cc1e0_0;
    %assign/vec4 v0x55b55d4cc120_0, 0;
    %load/vec4 v0x55b55d4cbe70_0;
    %assign/vec4 v0x55b55d4cbfa0_0, 0;
T_4.4 ;
T_4.3 ;
T_4.1 ;
    %jmp T_4;
    .thread T_4;
    .scope S_0x55b55d4c2fc0;
T_5 ;
Ewait_1 .event/or E_0x55b55d4c3320, E_0x0;
    %wait Ewait_1;
    %pushi/vec4 0, 0, 1;
    %store/vec4 v0x55b55d4c3c80_0, 0, 1;
    %pushi/vec4 0, 0, 1;
    %store/vec4 v0x55b55d4c3a20_0, 0, 1;
    %pushi/vec4 0, 0, 1;
    %store/vec4 v0x55b55d4c3ae0_0, 0, 1;
    %pushi/vec4 0, 0, 4;
    %store/vec4 v0x55b55d4c3380_0, 0, 4;
    %pushi/vec4 0, 0, 1;
    %store/vec4 v0x55b55d4c3460_0, 0, 1;
    %pushi/vec4 0, 0, 1;
    %store/vec4 v0x55b55d4c3500_0, 0, 1;
    %pushi/vec4 0, 0, 2;
    %store/vec4 v0x55b55d4c3e00_0, 0, 2;
    %pushi/vec4 0, 0, 1;
    %store/vec4 v0x55b55d4c37e0_0, 0, 1;
    %pushi/vec4 0, 0, 1;
    %store/vec4 v0x55b55d4c38a0_0, 0, 1;
    %pushi/vec4 0, 0, 1;
    %store/vec4 v0x55b55d4c3960_0, 0, 1;
    %pushi/vec4 0, 0, 1;
    %store/vec4 v0x55b55d4c3d40_0, 0, 1;
    %load/vec4 v0x55b55d4c3ba0_0;
    %dup/vec4;
    %pushi/vec4 51, 0, 7;
    %cmp/u;
    %jmp/1 T_5.0, 6;
    %dup/vec4;
    %pushi/vec4 19, 0, 7;
    %cmp/u;
    %jmp/1 T_5.1, 6;
    %dup/vec4;
    %pushi/vec4 3, 0, 7;
    %cmp/u;
    %jmp/1 T_5.2, 6;
    %dup/vec4;
    %pushi/vec4 35, 0, 7;
    %cmp/u;
    %jmp/1 T_5.3, 6;
    %dup/vec4;
    %pushi/vec4 99, 0, 7;
    %cmp/u;
    %jmp/1 T_5.4, 6;
    %dup/vec4;
    %pushi/vec4 111, 0, 7;
    %cmp/u;
    %jmp/1 T_5.5, 6;
    %dup/vec4;
    %pushi/vec4 103, 0, 7;
    %cmp/u;
    %jmp/1 T_5.6, 6;
    %dup/vec4;
    %pushi/vec4 55, 0, 7;
    %cmp/u;
    %jmp/1 T_5.7, 6;
    %dup/vec4;
    %pushi/vec4 23, 0, 7;
    %cmp/u;
    %jmp/1 T_5.8, 6;
    %dup/vec4;
    %pushi/vec4 115, 0, 7;
    %cmp/u;
    %jmp/1 T_5.9, 6;
    %pushi/vec4 1, 0, 1;
    %store/vec4 v0x55b55d4c3d40_0, 0, 1;
    %jmp T_5.11;
T_5.0 ;
    %pushi/vec4 1, 0, 1;
    %store/vec4 v0x55b55d4c3c80_0, 0, 1;
    %pushi/vec4 0, 0, 1;
    %store/vec4 v0x55b55d4c3500_0, 0, 1;
    %pushi/vec4 0, 0, 2;
    %store/vec4 v0x55b55d4c3e00_0, 0, 2;
    %load/vec4 v0x55b55d4c35d0_0;
    %dup/vec4;
    %pushi/vec4 0, 0, 3;
    %cmp/u;
    %jmp/1 T_5.12, 6;
    %dup/vec4;
    %pushi/vec4 1, 0, 3;
    %cmp/u;
    %jmp/1 T_5.13, 6;
    %dup/vec4;
    %pushi/vec4 2, 0, 3;
    %cmp/u;
    %jmp/1 T_5.14, 6;
    %dup/vec4;
    %pushi/vec4 3, 0, 3;
    %cmp/u;
    %jmp/1 T_5.15, 6;
    %dup/vec4;
    %pushi/vec4 4, 0, 3;
    %cmp/u;
    %jmp/1 T_5.16, 6;
    %dup/vec4;
    %pushi/vec4 5, 0, 3;
    %cmp/u;
    %jmp/1 T_5.17, 6;
    %dup/vec4;
    %pushi/vec4 6, 0, 3;
    %cmp/u;
    %jmp/1 T_5.18, 6;
    %dup/vec4;
    %pushi/vec4 7, 0, 3;
    %cmp/u;
    %jmp/1 T_5.19, 6;
    %pushi/vec4 1, 0, 1;
    %store/vec4 v0x55b55d4c3d40_0, 0, 1;
    %jmp T_5.21;
T_5.12 ;
    %load/vec4 v0x55b55d4c36b0_0;
    %parti/s 1, 5, 4;
    %flag_set/vec4 8;
    %jmp/0 T_5.22, 8;
    %pushi/vec4 1, 0, 4;
    %jmp/1 T_5.23, 8;
T_5.22 ; End of true expr.
    %pushi/vec4 0, 0, 4;
    %jmp/0 T_5.23, 8;
 ; End of false expr.
    %blend;
T_5.23;
    %store/vec4 v0x55b55d4c3380_0, 0, 4;
    %jmp T_5.21;
T_5.13 ;
    %pushi/vec4 5, 0, 4;
    %store/vec4 v0x55b55d4c3380_0, 0, 4;
    %jmp T_5.21;
T_5.14 ;
    %pushi/vec4 8, 0, 4;
    %store/vec4 v0x55b55d4c3380_0, 0, 4;
    %jmp T_5.21;
T_5.15 ;
    %pushi/vec4 9, 0, 4;
    %store/vec4 v0x55b55d4c3380_0, 0, 4;
    %jmp T_5.21;
T_5.16 ;
    %pushi/vec4 4, 0, 4;
    %store/vec4 v0x55b55d4c3380_0, 0, 4;
    %jmp T_5.21;
T_5.17 ;
    %load/vec4 v0x55b55d4c36b0_0;
    %parti/s 1, 5, 4;
    %flag_set/vec4 8;
    %jmp/0 T_5.24, 8;
    %pushi/vec4 7, 0, 4;
    %jmp/1 T_5.25, 8;
T_5.24 ; End of true expr.
    %pushi/vec4 6, 0, 4;
    %jmp/0 T_5.25, 8;
 ; End of false expr.
    %blend;
T_5.25;
    %store/vec4 v0x55b55d4c3380_0, 0, 4;
    %jmp T_5.21;
T_5.18 ;
    %pushi/vec4 3, 0, 4;
    %store/vec4 v0x55b55d4c3380_0, 0, 4;
    %jmp T_5.21;
T_5.19 ;
    %pushi/vec4 2, 0, 4;
    %store/vec4 v0x55b55d4c3380_0, 0, 4;
    %jmp T_5.21;
T_5.21 ;
    %pop/vec4 1;
    %jmp T_5.11;
T_5.1 ;
    %pushi/vec4 1, 0, 1;
    %store/vec4 v0x55b55d4c3c80_0, 0, 1;
    %pushi/vec4 1, 0, 1;
    %store/vec4 v0x55b55d4c3500_0, 0, 1;
    %pushi/vec4 0, 0, 2;
    %store/vec4 v0x55b55d4c3e00_0, 0, 2;
    %load/vec4 v0x55b55d4c35d0_0;
    %dup/vec4;
    %pushi/vec4 0, 0, 3;
    %cmp/u;
    %jmp/1 T_5.26, 6;
    %dup/vec4;
    %pushi/vec4 2, 0, 3;
    %cmp/u;
    %jmp/1 T_5.27, 6;
    %dup/vec4;
    %pushi/vec4 3, 0, 3;
    %cmp/u;
    %jmp/1 T_5.28, 6;
    %dup/vec4;
    %pushi/vec4 4, 0, 3;
    %cmp/u;
    %jmp/1 T_5.29, 6;
    %dup/vec4;
    %pushi/vec4 6, 0, 3;
    %cmp/u;
    %jmp/1 T_5.30, 6;
    %dup/vec4;
    %pushi/vec4 7, 0, 3;
    %cmp/u;
    %jmp/1 T_5.31, 6;
    %dup/vec4;
    %pushi/vec4 1, 0, 3;
    %cmp/u;
    %jmp/1 T_5.32, 6;
    %dup/vec4;
    %pushi/vec4 5, 0, 3;
    %cmp/u;
    %jmp/1 T_5.33, 6;
    %pushi/vec4 1, 0, 1;
    %store/vec4 v0x55b55d4c3d40_0, 0, 1;
    %jmp T_5.35;
T_5.26 ;
    %pushi/vec4 0, 0, 4;
    %store/vec4 v0x55b55d4c3380_0, 0, 4;
    %jmp T_5.35;
T_5.27 ;
    %pushi/vec4 8, 0, 4;
    %store/vec4 v0x55b55d4c3380_0, 0, 4;
    %jmp T_5.35;
T_5.28 ;
    %pushi/vec4 9, 0, 4;
    %store/vec4 v0x55b55d4c3380_0, 0, 4;
    %jmp T_5.35;
T_5.29 ;
    %pushi/vec4 4, 0, 4;
    %store/vec4 v0x55b55d4c3380_0, 0, 4;
    %jmp T_5.35;
T_5.30 ;
    %pushi/vec4 3, 0, 4;
    %store/vec4 v0x55b55d4c3380_0, 0, 4;
    %jmp T_5.35;
T_5.31 ;
    %pushi/vec4 2, 0, 4;
    %store/vec4 v0x55b55d4c3380_0, 0, 4;
    %jmp T_5.35;
T_5.32 ;
    %pushi/vec4 5, 0, 4;
    %store/vec4 v0x55b55d4c3380_0, 0, 4;
    %jmp T_5.35;
T_5.33 ;
    %load/vec4 v0x55b55d4c36b0_0;
    %parti/s 1, 5, 4;
    %flag_set/vec4 8;
    %jmp/0 T_5.36, 8;
    %pushi/vec4 7, 0, 4;
    %jmp/1 T_5.37, 8;
T_5.36 ; End of true expr.
    %pushi/vec4 6, 0, 4;
    %jmp/0 T_5.37, 8;
 ; End of false expr.
    %blend;
T_5.37;
    %store/vec4 v0x55b55d4c3380_0, 0, 4;
    %jmp T_5.35;
T_5.35 ;
    %pop/vec4 1;
    %jmp T_5.11;
T_5.2 ;
    %pushi/vec4 1, 0, 1;
    %store/vec4 v0x55b55d4c3c80_0, 0, 1;
    %pushi/vec4 1, 0, 1;
    %store/vec4 v0x55b55d4c3a20_0, 0, 1;
    %pushi/vec4 1, 0, 1;
    %store/vec4 v0x55b55d4c3500_0, 0, 1;
    %pushi/vec4 0, 0, 4;
    %store/vec4 v0x55b55d4c3380_0, 0, 4;
    %pushi/vec4 1, 0, 2;
    %store/vec4 v0x55b55d4c3e00_0, 0, 2;
    %jmp T_5.11;
T_5.3 ;
    %pushi/vec4 1, 0, 1;
    %store/vec4 v0x55b55d4c3ae0_0, 0, 1;
    %pushi/vec4 1, 0, 1;
    %store/vec4 v0x55b55d4c3500_0, 0, 1;
    %pushi/vec4 0, 0, 4;
    %store/vec4 v0x55b55d4c3380_0, 0, 4;
    %jmp T_5.11;
T_5.4 ;
    %pushi/vec4 1, 0, 1;
    %store/vec4 v0x55b55d4c37e0_0, 0, 1;
    %pushi/vec4 0, 0, 1;
    %store/vec4 v0x55b55d4c3500_0, 0, 1;
    %pushi/vec4 1, 0, 4;
    %store/vec4 v0x55b55d4c3380_0, 0, 4;
    %jmp T_5.11;
T_5.5 ;
    %pushi/vec4 1, 0, 1;
    %store/vec4 v0x55b55d4c3c80_0, 0, 1;
    %pushi/vec4 1, 0, 1;
    %store/vec4 v0x55b55d4c38a0_0, 0, 1;
    %pushi/vec4 2, 0, 2;
    %store/vec4 v0x55b55d4c3e00_0, 0, 2;
    %jmp T_5.11;
T_5.6 ;
    %pushi/vec4 1, 0, 1;
    %store/vec4 v0x55b55d4c3c80_0, 0, 1;
    %pushi/vec4 1, 0, 1;
    %store/vec4 v0x55b55d4c3960_0, 0, 1;
    %pushi/vec4 1, 0, 1;
    %store/vec4 v0x55b55d4c3500_0, 0, 1;
    %pushi/vec4 0, 0, 4;
    %store/vec4 v0x55b55d4c3380_0, 0, 4;
    %pushi/vec4 2, 0, 2;
    %store/vec4 v0x55b55d4c3e00_0, 0, 2;
    %jmp T_5.11;
T_5.7 ;
    %pushi/vec4 1, 0, 1;
    %store/vec4 v0x55b55d4c3c80_0, 0, 1;
    %pushi/vec4 1, 0, 1;
    %store/vec4 v0x55b55d4c3500_0, 0, 1;
    %pushi/vec4 10, 0, 4;
    %store/vec4 v0x55b55d4c3380_0, 0, 4;
    %pushi/vec4 0, 0, 2;
    %store/vec4 v0x55b55d4c3e00_0, 0, 2;
    %jmp T_5.11;
T_5.8 ;
    %pushi/vec4 1, 0, 1;
    %store/vec4 v0x55b55d4c3c80_0, 0, 1;
    %pushi/vec4 1, 0, 1;
    %store/vec4 v0x55b55d4c3460_0, 0, 1;
    %pushi/vec4 1, 0, 1;
    %store/vec4 v0x55b55d4c3500_0, 0, 1;
    %pushi/vec4 0, 0, 4;
    %store/vec4 v0x55b55d4c3380_0, 0, 4;
    %pushi/vec4 0, 0, 2;
    %store/vec4 v0x55b55d4c3e00_0, 0, 2;
    %jmp T_5.11;
T_5.9 ;
    %pushi/vec4 1, 0, 1;
    %store/vec4 v0x55b55d4c3d40_0, 0, 1;
    %jmp T_5.11;
T_5.11 ;
    %pop/vec4 1;
    %jmp T_5;
    .thread T_5, $push;
    .scope S_0x55b55d4c50e0;
T_6 ;
    %wait E_0x55b55d4c5860;
    %load/vec4 v0x55b55d4c6300_0;
    %nor/r;
    %flag_set/vec4 8;
    %jmp/0xz  T_6.0, 8;
    %fork t_1, S_0x55b55d4c58c0;
    %jmp t_0;
    .scope S_0x55b55d4c58c0;
t_1 ;
    %pushi/vec4 1, 0, 32;
    %store/vec4 v0x55b55d4c5ac0_0, 0, 32;
T_6.2 ;
    %load/vec4 v0x55b55d4c5ac0_0;
    %cmpi/s 16, 0, 32;
    %jmp/0xz T_6.3, 5;
    %pushi/vec4 0, 0, 32;
    %load/vec4 v0x55b55d4c5ac0_0;
    %subi 1, 0, 32;
    %ix/vec4/s 3;
    %ix/load 4, 0, 0; Constant delay
    %assign/vec4/a/d v0x55b55d4c6060, 0, 4;
    ; show_stmt_assign_vector: Get l-value for compressed += operand
    %load/vec4 v0x55b55d4c5ac0_0;
    %pushi/vec4 1, 0, 32;
    %add;
    %cast2;
    %store/vec4 v0x55b55d4c5ac0_0, 0, 32;
    %jmp T_6.2;
T_6.3 ;
    %end;
    .scope S_0x55b55d4c50e0;
t_0 %join;
    %jmp T_6.1;
T_6.0 ;
    %load/vec4 v0x55b55d4c65b0_0;
    %flag_set/vec4 9;
    %flag_get/vec4 9;
    %jmp/0 T_6.6, 9;
    %load/vec4 v0x55b55d4c63c0_0;
    %pushi/vec4 0, 0, 4;
    %cmp/ne;
    %flag_get/vec4 4;
    %and;
T_6.6;
    %flag_set/vec4 8;
    %jmp/0xz  T_6.4, 8;
    %load/vec4 v0x55b55d4c64d0_0;
    %load/vec4 v0x55b55d4c63c0_0;
    %pad/u 6;
    %subi 1, 0, 6;
    %ix/vec4 3;
    %ix/load 4, 0, 0; Constant delay
    %assign/vec4/a/d v0x55b55d4c6060, 0, 4;
T_6.4 ;
T_6.1 ;
    %jmp T_6;
    .thread T_6;
    .scope S_0x55b55d4c50e0;
T_7 ;
Ewait_2 .event/or E_0x55b55d4c5780, E_0x0;
    %wait Ewait_2;
    %load/vec4 v0x55b55d4c5ca0_0;
    %cmpi/e 0, 0, 4;
    %jmp/0xz  T_7.0, 4;
    %pushi/vec4 0, 0, 32;
    %store/vec4 v0x55b55d4c5e90_0, 0, 32;
    %jmp T_7.1;
T_7.0 ;
    %load/vec4 v0x55b55d4c65b0_0;
    %flag_set/vec4 9;
    %flag_get/vec4 9;
    %jmp/0 T_7.4, 9;
    %load/vec4 v0x55b55d4c63c0_0;
    %load/vec4 v0x55b55d4c5ca0_0;
    %cmp/e;
    %flag_get/vec4 4;
    %and;
T_7.4;
    %flag_set/vec4 8;
    %jmp/0xz  T_7.2, 8;
    %load/vec4 v0x55b55d4c64d0_0;
    %store/vec4 v0x55b55d4c5e90_0, 0, 32;
    %jmp T_7.3;
T_7.2 ;
    %load/vec4 v0x55b55d4c5ca0_0;
    %pad/u 6;
    %subi 1, 0, 6;
    %ix/vec4 4;
    %load/vec4a v0x55b55d4c6060, 4;
    %store/vec4 v0x55b55d4c5e90_0, 0, 32;
T_7.3 ;
T_7.1 ;
    %jmp T_7;
    .thread T_7, $push;
    .scope S_0x55b55d4c50e0;
T_8 ;
Ewait_3 .event/or E_0x55b55d4c5680, E_0x0;
    %wait Ewait_3;
    %load/vec4 v0x55b55d4c5d90_0;
    %cmpi/e 0, 0, 4;
    %jmp/0xz  T_8.0, 4;
    %pushi/vec4 0, 0, 32;
    %store/vec4 v0x55b55d4c5f30_0, 0, 32;
    %jmp T_8.1;
T_8.0 ;
    %load/vec4 v0x55b55d4c65b0_0;
    %flag_set/vec4 9;
    %flag_get/vec4 9;
    %jmp/0 T_8.4, 9;
    %load/vec4 v0x55b55d4c63c0_0;
    %load/vec4 v0x55b55d4c5d90_0;
    %cmp/e;
    %flag_get/vec4 4;
    %and;
T_8.4;
    %flag_set/vec4 8;
    %jmp/0xz  T_8.2, 8;
    %load/vec4 v0x55b55d4c64d0_0;
    %store/vec4 v0x55b55d4c5f30_0, 0, 32;
    %jmp T_8.3;
T_8.2 ;
    %load/vec4 v0x55b55d4c5d90_0;
    %pad/u 6;
    %subi 1, 0, 6;
    %ix/vec4 4;
    %load/vec4a v0x55b55d4c6060, 4;
    %store/vec4 v0x55b55d4c5f30_0, 0, 32;
T_8.3 ;
T_8.1 ;
    %jmp T_8;
    .thread T_8, $push;
    .scope S_0x55b55d4c40a0;
T_9 ;
Ewait_4 .event/or E_0x55b55d4c4530, E_0x0;
    %wait Ewait_4;
    %pushi/vec4 0, 0, 1;
    %store/vec4 v0x55b55d4c4810_0, 0, 1;
    %pushi/vec4 0, 0, 1;
    %store/vec4 v0x55b55d4c48d0_0, 0, 1;
    %load/vec4 v0x55b55d4c4ec0_0;
    %flag_set/vec4 9;
    %flag_get/vec4 9;
    %jmp/0 T_9.2, 9;
    %load/vec4 v0x55b55d4c4e00_0;
    %pushi/vec4 0, 0, 4;
    %cmp/ne;
    %flag_get/vec4 4;
    %and;
T_9.2;
    %flag_set/vec4 8;
    %jmp/0xz  T_9.0, 8;
    %load/vec4 v0x55b55d4c4e00_0;
    %load/vec4 v0x55b55d4c4b80_0;
    %cmp/e;
    %jmp/0xz  T_9.3, 4;
    %pushi/vec4 1, 0, 1;
    %store/vec4 v0x55b55d4c4810_0, 0, 1;
T_9.3 ;
    %load/vec4 v0x55b55d4c4e00_0;
    %load/vec4 v0x55b55d4c4c60_0;
    %cmp/e;
    %jmp/0xz  T_9.5, 4;
    %pushi/vec4 1, 0, 1;
    %store/vec4 v0x55b55d4c48d0_0, 0, 1;
T_9.5 ;
T_9.0 ;
    %jmp T_9;
    .thread T_9, $push;
    .scope S_0x55b55d4c40a0;
T_10 ;
Ewait_5 .event/or E_0x55b55d4c44c0, E_0x0;
    %wait Ewait_5;
    %pushi/vec4 0, 0, 1;
    %store/vec4 v0x55b55d4c4d40_0, 0, 1;
    %pushi/vec4 0, 0, 1;
    %store/vec4 v0x55b55d4c4740_0, 0, 1;
    %pushi/vec4 0, 0, 1;
    %store/vec4 v0x55b55d4c4680_0, 0, 1;
    %load/vec4 v0x55b55d4c49e0_0;
    %flag_set/vec4 10;
    %flag_get/vec4 10;
    %jmp/0 T_10.3, 10;
    %load/vec4 v0x55b55d4c4aa0_0;
    %pushi/vec4 0, 0, 4;
    %cmp/ne;
    %flag_get/vec4 4;
    %and;
T_10.3;
    %flag_set/vec4 9;
    %flag_get/vec4 9;
    %jmp/0 T_10.2, 9;
    %load/vec4 v0x55b55d4c4aa0_0;
    %load/vec4 v0x55b55d4c4b80_0;
    %cmp/e;
    %flag_get/vec4 4;
    %jmp/1 T_10.4, 4;
    %load/vec4 v0x55b55d4c4aa0_0;
    %load/vec4 v0x55b55d4c4c60_0;
    %cmp/e;
    %flag_get/vec4 4;
    %or;
T_10.4;
    %and;
T_10.2;
    %flag_set/vec4 8;
    %jmp/0xz  T_10.0, 8;
    %pushi/vec4 1, 0, 1;
    %store/vec4 v0x55b55d4c4d40_0, 0, 1;
    %pushi/vec4 1, 0, 1;
    %store/vec4 v0x55b55d4c4680_0, 0, 1;
T_10.0 ;
    %load/vec4 v0x55b55d4c45a0_0;
    %flag_set/vec4 8;
    %jmp/0xz  T_10.5, 8;
    %pushi/vec4 1, 0, 1;
    %store/vec4 v0x55b55d4c4740_0, 0, 1;
T_10.5 ;
    %jmp T_10;
    .thread T_10, $push;
    .scope S_0x55b55d4c29d0;
T_11 ;
Ewait_6 .event/or E_0x55b55d4c2cb0, E_0x0;
    %wait Ewait_6;
    %load/vec4 v0x55b55d473770_0;
    %dup/vec4;
    %pushi/vec4 0, 0, 4;
    %cmp/u;
    %jmp/1 T_11.0, 6;
    %dup/vec4;
    %pushi/vec4 1, 0, 4;
    %cmp/u;
    %jmp/1 T_11.1, 6;
    %dup/vec4;
    %pushi/vec4 2, 0, 4;
    %cmp/u;
    %jmp/1 T_11.2, 6;
    %dup/vec4;
    %pushi/vec4 3, 0, 4;
    %cmp/u;
    %jmp/1 T_11.3, 6;
    %dup/vec4;
    %pushi/vec4 4, 0, 4;
    %cmp/u;
    %jmp/1 T_11.4, 6;
    %dup/vec4;
    %pushi/vec4 5, 0, 4;
    %cmp/u;
    %jmp/1 T_11.5, 6;
    %dup/vec4;
    %pushi/vec4 6, 0, 4;
    %cmp/u;
    %jmp/1 T_11.6, 6;
    %dup/vec4;
    %pushi/vec4 7, 0, 4;
    %cmp/u;
    %jmp/1 T_11.7, 6;
    %dup/vec4;
    %pushi/vec4 8, 0, 4;
    %cmp/u;
    %jmp/1 T_11.8, 6;
    %dup/vec4;
    %pushi/vec4 9, 0, 4;
    %cmp/u;
    %jmp/1 T_11.9, 6;
    %dup/vec4;
    %pushi/vec4 10, 0, 4;
    %cmp/u;
    %jmp/1 T_11.10, 6;
    %pushi/vec4 0, 0, 32;
    %store/vec4 v0x55b55d4965a0_0, 0, 32;
    %jmp T_11.12;
T_11.0 ;
    %load/vec4 v0x55b55d4736d0_0;
    %load/vec4 v0x55b55d496500_0;
    %add;
    %store/vec4 v0x55b55d4965a0_0, 0, 32;
    %jmp T_11.12;
T_11.1 ;
    %load/vec4 v0x55b55d4736d0_0;
    %load/vec4 v0x55b55d496500_0;
    %sub;
    %store/vec4 v0x55b55d4965a0_0, 0, 32;
    %jmp T_11.12;
T_11.2 ;
    %load/vec4 v0x55b55d4736d0_0;
    %load/vec4 v0x55b55d496500_0;
    %and;
    %store/vec4 v0x55b55d4965a0_0, 0, 32;
    %jmp T_11.12;
T_11.3 ;
    %load/vec4 v0x55b55d4736d0_0;
    %load/vec4 v0x55b55d496500_0;
    %or;
    %store/vec4 v0x55b55d4965a0_0, 0, 32;
    %jmp T_11.12;
T_11.4 ;
    %load/vec4 v0x55b55d4736d0_0;
    %load/vec4 v0x55b55d496500_0;
    %xor;
    %store/vec4 v0x55b55d4965a0_0, 0, 32;
    %jmp T_11.12;
T_11.5 ;
    %load/vec4 v0x55b55d4736d0_0;
    %load/vec4 v0x55b55d496500_0;
    %parti/s 5, 0, 2;
    %ix/vec4 4;
    %shiftl 4;
    %store/vec4 v0x55b55d4965a0_0, 0, 32;
    %jmp T_11.12;
T_11.6 ;
    %load/vec4 v0x55b55d4736d0_0;
    %load/vec4 v0x55b55d496500_0;
    %parti/s 5, 0, 2;
    %ix/vec4 4;
    %shiftr 4;
    %store/vec4 v0x55b55d4965a0_0, 0, 32;
    %jmp T_11.12;
T_11.7 ;
    %load/vec4 v0x55b55d4736d0_0;
    %load/vec4 v0x55b55d496500_0;
    %parti/s 5, 0, 2;
    %ix/vec4 4;
    %shiftr/s 4;
    %store/vec4 v0x55b55d4965a0_0, 0, 32;
    %jmp T_11.12;
T_11.8 ;
    %load/vec4 v0x55b55d4736d0_0;
    %load/vec4 v0x55b55d496500_0;
    %cmp/s;
    %flag_mov 8, 5;
    %jmp/0 T_11.13, 8;
    %pushi/vec4 1, 0, 32;
    %jmp/1 T_11.14, 8;
T_11.13 ; End of true expr.
    %pushi/vec4 0, 0, 32;
    %jmp/0 T_11.14, 8;
 ; End of false expr.
    %blend;
T_11.14;
    %store/vec4 v0x55b55d4965a0_0, 0, 32;
    %jmp T_11.12;
T_11.9 ;
    %load/vec4 v0x55b55d4736d0_0;
    %load/vec4 v0x55b55d496500_0;
    %cmp/u;
    %flag_mov 8, 5;
    %jmp/0 T_11.15, 8;
    %pushi/vec4 1, 0, 32;
    %jmp/1 T_11.16, 8;
T_11.15 ; End of true expr.
    %pushi/vec4 0, 0, 32;
    %jmp/0 T_11.16, 8;
 ; End of false expr.
    %blend;
T_11.16;
    %store/vec4 v0x55b55d4965a0_0, 0, 32;
    %jmp T_11.12;
T_11.10 ;
    %load/vec4 v0x55b55d496500_0;
    %store/vec4 v0x55b55d4965a0_0, 0, 32;
    %jmp T_11.12;
T_11.12 ;
    %pop/vec4 1;
    %jmp T_11;
    .thread T_11, $push;
    .scope S_0x55b55d4c22c0;
T_12 ;
Ewait_7 .event/or E_0x55b55d4aacf0, E_0x0;
    %wait Ewait_7;
    %load/vec4 v0x55b55d4ca360_0;
    %dup/vec4;
    %pushi/vec4 19, 0, 7;
    %cmp/u;
    %jmp/1 T_12.0, 6;
    %dup/vec4;
    %pushi/vec4 3, 0, 7;
    %cmp/u;
    %jmp/1 T_12.1, 6;
    %dup/vec4;
    %pushi/vec4 103, 0, 7;
    %cmp/u;
    %jmp/1 T_12.2, 6;
    %dup/vec4;
    %pushi/vec4 35, 0, 7;
    %cmp/u;
    %jmp/1 T_12.3, 6;
    %dup/vec4;
    %pushi/vec4 99, 0, 7;
    %cmp/u;
    %jmp/1 T_12.4, 6;
    %dup/vec4;
    %pushi/vec4 55, 0, 7;
    %cmp/u;
    %jmp/1 T_12.5, 6;
    %dup/vec4;
    %pushi/vec4 23, 0, 7;
    %cmp/u;
    %jmp/1 T_12.6, 6;
    %dup/vec4;
    %pushi/vec4 111, 0, 7;
    %cmp/u;
    %jmp/1 T_12.7, 6;
    %load/vec4 v0x55b55d4c9850_0;
    %store/vec4 v0x55b55d4c9af0_0, 0, 32;
    %jmp T_12.9;
T_12.0 ;
    %load/vec4 v0x55b55d4c9850_0;
    %store/vec4 v0x55b55d4c9af0_0, 0, 32;
    %jmp T_12.9;
T_12.1 ;
    %load/vec4 v0x55b55d4c9850_0;
    %store/vec4 v0x55b55d4c9af0_0, 0, 32;
    %jmp T_12.9;
T_12.2 ;
    %load/vec4 v0x55b55d4c9850_0;
    %store/vec4 v0x55b55d4c9af0_0, 0, 32;
    %jmp T_12.9;
T_12.3 ;
    %load/vec4 v0x55b55d4c9a10_0;
    %store/vec4 v0x55b55d4c9af0_0, 0, 32;
    %jmp T_12.9;
T_12.4 ;
    %load/vec4 v0x55b55d4c97b0_0;
    %store/vec4 v0x55b55d4c9af0_0, 0, 32;
    %jmp T_12.9;
T_12.5 ;
    %load/vec4 v0x55b55d4c9bd0_0;
    %store/vec4 v0x55b55d4c9af0_0, 0, 32;
    %jmp T_12.9;
T_12.6 ;
    %load/vec4 v0x55b55d4c9bd0_0;
    %store/vec4 v0x55b55d4c9af0_0, 0, 32;
    %jmp T_12.9;
T_12.7 ;
    %load/vec4 v0x55b55d4c9930_0;
    %store/vec4 v0x55b55d4c9af0_0, 0, 32;
    %jmp T_12.9;
T_12.9 ;
    %pop/vec4 1;
    %jmp T_12;
    .thread T_12, $push;
    .scope S_0x55b55d4c22c0;
T_13 ;
Ewait_8 .event/or E_0x55b55d4aaa10, E_0x0;
    %wait Ewait_8;
    %load/vec4 v0x55b55d4c9570_0;
    %dup/vec4;
    %pushi/vec4 0, 0, 3;
    %cmp/u;
    %jmp/1 T_13.0, 6;
    %dup/vec4;
    %pushi/vec4 1, 0, 3;
    %cmp/u;
    %jmp/1 T_13.1, 6;
    %dup/vec4;
    %pushi/vec4 4, 0, 3;
    %cmp/u;
    %jmp/1 T_13.2, 6;
    %dup/vec4;
    %pushi/vec4 5, 0, 3;
    %cmp/u;
    %jmp/1 T_13.3, 6;
    %dup/vec4;
    %pushi/vec4 6, 0, 3;
    %cmp/u;
    %jmp/1 T_13.4, 6;
    %dup/vec4;
    %pushi/vec4 7, 0, 3;
    %cmp/u;
    %jmp/1 T_13.5, 6;
    %pushi/vec4 0, 0, 1;
    %store/vec4 v0x55b55d4c8430_0, 0, 1;
    %jmp T_13.7;
T_13.0 ;
    %load/vec4 v0x55b55d4ca1a0_0;
    %load/vec4 v0x55b55d4ca280_0;
    %cmp/e;
    %flag_get/vec4 4;
    %store/vec4 v0x55b55d4c8430_0, 0, 1;
    %jmp T_13.7;
T_13.1 ;
    %load/vec4 v0x55b55d4ca1a0_0;
    %load/vec4 v0x55b55d4ca280_0;
    %cmp/ne;
    %flag_get/vec4 4;
    %store/vec4 v0x55b55d4c8430_0, 0, 1;
    %jmp T_13.7;
T_13.2 ;
    %load/vec4 v0x55b55d4ca1a0_0;
    %load/vec4 v0x55b55d4ca280_0;
    %cmp/s;
    %flag_get/vec4 5;
    %store/vec4 v0x55b55d4c8430_0, 0, 1;
    %jmp T_13.7;
T_13.3 ;
    %load/vec4 v0x55b55d4ca280_0;
    %load/vec4 v0x55b55d4ca1a0_0;
    %cmp/s;
    %flag_get/vec4 4;
    %flag_get/vec4 5;
    %or;
    %store/vec4 v0x55b55d4c8430_0, 0, 1;
    %jmp T_13.7;
T_13.4 ;
    %load/vec4 v0x55b55d4ca1a0_0;
    %load/vec4 v0x55b55d4ca280_0;
    %cmp/u;
    %flag_get/vec4 5;
    %store/vec4 v0x55b55d4c8430_0, 0, 1;
    %jmp T_13.7;
T_13.5 ;
    %load/vec4 v0x55b55d4ca280_0;
    %load/vec4 v0x55b55d4ca1a0_0;
    %cmp/u;
    %flag_get/vec4 4;
    %flag_get/vec4 5;
    %or;
    %store/vec4 v0x55b55d4c8430_0, 0, 1;
    %jmp T_13.7;
T_13.7 ;
    %pop/vec4 1;
    %jmp T_13;
    .thread T_13, $push;
    .scope S_0x55b55d4c22c0;
T_14 ;
Ewait_9 .event/or E_0x55b55d3cf180, E_0x0;
    %wait Ewait_9;
    %load/vec4 v0x55b55d4c8a20_0;
    %flag_set/vec4 8;
    %jmp/0xz  T_14.0, 8;
    %load/vec4 v0x55b55d4ca1a0_0;
    %load/vec4 v0x55b55d4c9850_0;
    %add;
    %pushi/vec4 4294967294, 0, 32;
    %and;
    %store/vec4 v0x55b55d4cad80_0, 0, 32;
    %jmp T_14.1;
T_14.0 ;
    %load/vec4 v0x55b55d4c8950_0;
    %flag_set/vec4 8;
    %jmp/0xz  T_14.2, 8;
    %load/vec4 v0x55b55d4ca450_0;
    %load/vec4 v0x55b55d4c9930_0;
    %add;
    %store/vec4 v0x55b55d4cad80_0, 0, 32;
    %jmp T_14.3;
T_14.2 ;
    %load/vec4 v0x55b55d4ca450_0;
    %load/vec4 v0x55b55d4c97b0_0;
    %add;
    %store/vec4 v0x55b55d4cad80_0, 0, 32;
T_14.3 ;
T_14.1 ;
    %jmp T_14;
    .thread T_14, $push;
    .scope S_0x55b55d4c22c0;
T_15 ;
Ewait_10 .event/or E_0x55b55d3e9140, E_0x0;
    %wait Ewait_10;
    %load/vec4 v0x55b55d4c9570_0;
    %dup/vec4;
    %pushi/vec4 0, 0, 3;
    %cmp/u;
    %jmp/1 T_15.0, 6;
    %dup/vec4;
    %pushi/vec4 1, 0, 3;
    %cmp/u;
    %jmp/1 T_15.1, 6;
    %dup/vec4;
    %pushi/vec4 2, 0, 3;
    %cmp/u;
    %jmp/1 T_15.2, 6;
    %pushi/vec4 0, 0, 4;
    %store/vec4 v0x55b55d4c9150_0, 0, 4;
    %pushi/vec4 0, 0, 32;
    %store/vec4 v0x55b55d4c9010_0, 0, 32;
    %jmp T_15.4;
T_15.0 ;
    %pushi/vec4 1, 0, 4;
    %load/vec4 v0x55b55d4c81d0_0;
    %parti/s 2, 0, 2;
    %ix/vec4 4;
    %shiftl 4;
    %store/vec4 v0x55b55d4c9150_0, 0, 4;
    %load/vec4 v0x55b55d4ca280_0;
    %load/vec4 v0x55b55d4c81d0_0;
    %parti/s 2, 0, 2;
    %pad/u 32;
    %muli 8, 0, 32;
    %ix/vec4 4;
    %shiftl 4;
    %store/vec4 v0x55b55d4c9010_0, 0, 32;
    %jmp T_15.4;
T_15.1 ;
    %pushi/vec4 3, 0, 4;
    %load/vec4 v0x55b55d4c81d0_0;
    %parti/s 2, 0, 2;
    %ix/vec4 4;
    %shiftl 4;
    %store/vec4 v0x55b55d4c9150_0, 0, 4;
    %load/vec4 v0x55b55d4ca280_0;
    %load/vec4 v0x55b55d4c81d0_0;
    %parti/s 2, 0, 2;
    %pad/u 32;
    %muli 8, 0, 32;
    %ix/vec4 4;
    %shiftl 4;
    %store/vec4 v0x55b55d4c9010_0, 0, 32;
    %jmp T_15.4;
T_15.2 ;
    %pushi/vec4 15, 0, 4;
    %store/vec4 v0x55b55d4c9150_0, 0, 4;
    %load/vec4 v0x55b55d4ca280_0;
    %store/vec4 v0x55b55d4c9010_0, 0, 32;
    %jmp T_15.4;
T_15.4 ;
    %pop/vec4 1;
    %jmp T_15;
    .thread T_15, $push;
    .scope S_0x55b55d4c22c0;
T_16 ;
    %wait E_0x55b55d4c5860;
    %load/vec4 v0x55b55d4cac40_0;
    %nor/r;
    %flag_set/vec4 8;
    %jmp/1 T_16.2, 8;
    %load/vec4 v0x55b55d4c9230_0;
    %flag_set/vec4 9;
    %flag_or 8, 9;
T_16.2;
    %jmp/0xz  T_16.0, 8;
    %pushi/vec4 0, 0, 32;
    %assign/vec4 v0x55b55d4ca510_0, 0;
    %pushi/vec4 0, 0, 32;
    %assign/vec4 v0x55b55d4c82a0_0, 0;
    %pushi/vec4 0, 0, 32;
    %assign/vec4 v0x55b55d4c8f70_0, 0;
    %pushi/vec4 0, 0, 4;
    %assign/vec4 v0x55b55d4ca6d0_0, 0;
    %pushi/vec4 0, 0, 1;
    %assign/vec4 v0x55b55d4ca950_0, 0;
    %pushi/vec4 0, 0, 2;
    %assign/vec4 v0x55b55d4cb0f0_0, 0;
    %pushi/vec4 0, 0, 3;
    %assign/vec4 v0x55b55d4c9640_0, 0;
    %jmp T_16.1;
T_16.0 ;
    %load/vec4 v0x55b55d4ca450_0;
    %assign/vec4 v0x55b55d4ca510_0, 0;
    %load/vec4 v0x55b55d4c81d0_0;
    %assign/vec4 v0x55b55d4c82a0_0, 0;
    %load/vec4 v0x55b55d4c8ed0_0;
    %assign/vec4 v0x55b55d4c8f70_0, 0;
    %load/vec4 v0x55b55d4ca5f0_0;
    %assign/vec4 v0x55b55d4ca6d0_0, 0;
    %load/vec4 v0x55b55d4c8c90_0;
    %assign/vec4 v0x55b55d4ca950_0, 0;
    %load/vec4 v0x55b55d4c8d60_0;
    %assign/vec4 v0x55b55d4cb0f0_0, 0;
    %load/vec4 v0x55b55d4c9570_0;
    %assign/vec4 v0x55b55d4c9640_0, 0;
T_16.1 ;
    %jmp T_16;
    .thread T_16;
    .scope S_0x55b55d4cc670;
T_17 ;
Ewait_11 .event/or E_0x55b55d4ccad0, E_0x0;
    %wait Ewait_11;
    %load/vec4 v0x55b55d4ccb80_0;
    %parti/s 2, 0, 2;
    %dup/vec4;
    %pushi/vec4 0, 0, 2;
    %cmp/u;
    %jmp/1 T_17.0, 6;
    %dup/vec4;
    %pushi/vec4 1, 0, 2;
    %cmp/u;
    %jmp/1 T_17.1, 6;
    %dup/vec4;
    %pushi/vec4 2, 0, 2;
    %cmp/u;
    %jmp/1 T_17.2, 6;
    %dup/vec4;
    %pushi/vec4 3, 0, 2;
    %cmp/u;
    %jmp/1 T_17.3, 6;
    %jmp T_17.4;
T_17.0 ;
    %load/vec4 v0x55b55d4ccd50_0;
    %parti/s 8, 0, 2;
    %store/vec4 v0x55b55d4ccc90_0, 0, 8;
    %jmp T_17.4;
T_17.1 ;
    %load/vec4 v0x55b55d4ccd50_0;
    %parti/s 8, 8, 5;
    %store/vec4 v0x55b55d4ccc90_0, 0, 8;
    %jmp T_17.4;
T_17.2 ;
    %load/vec4 v0x55b55d4ccd50_0;
    %parti/s 8, 16, 6;
    %store/vec4 v0x55b55d4ccc90_0, 0, 8;
    %jmp T_17.4;
T_17.3 ;
    %load/vec4 v0x55b55d4ccd50_0;
    %parti/s 8, 24, 6;
    %store/vec4 v0x55b55d4ccc90_0, 0, 8;
    %jmp T_17.4;
T_17.4 ;
    %pop/vec4 1;
    %load/vec4 v0x55b55d4ccb80_0;
    %parti/s 1, 1, 2;
    %dup/vec4;
    %pushi/vec4 0, 0, 1;
    %cmp/u;
    %jmp/1 T_17.5, 6;
    %dup/vec4;
    %pushi/vec4 1, 0, 1;
    %cmp/u;
    %jmp/1 T_17.6, 6;
    %jmp T_17.7;
T_17.5 ;
    %load/vec4 v0x55b55d4ccd50_0;
    %parti/s 16, 0, 2;
    %store/vec4 v0x55b55d4cd020_0, 0, 16;
    %jmp T_17.7;
T_17.6 ;
    %load/vec4 v0x55b55d4ccd50_0;
    %parti/s 16, 16, 6;
    %store/vec4 v0x55b55d4cd020_0, 0, 16;
    %jmp T_17.7;
T_17.7 ;
    %pop/vec4 1;
    %load/vec4 v0x55b55d4ccf10_0;
    %dup/vec4;
    %pushi/vec4 0, 0, 3;
    %cmp/u;
    %jmp/1 T_17.8, 6;
    %dup/vec4;
    %pushi/vec4 4, 0, 3;
    %cmp/u;
    %jmp/1 T_17.9, 6;
    %dup/vec4;
    %pushi/vec4 1, 0, 3;
    %cmp/u;
    %jmp/1 T_17.10, 6;
    %dup/vec4;
    %pushi/vec4 5, 0, 3;
    %cmp/u;
    %jmp/1 T_17.11, 6;
    %dup/vec4;
    %pushi/vec4 2, 0, 3;
    %cmp/u;
    %jmp/1 T_17.12, 6;
    %load/vec4 v0x55b55d4ccd50_0;
    %store/vec4 v0x55b55d4cce50_0, 0, 32;
    %jmp T_17.14;
T_17.8 ;
    %load/vec4 v0x55b55d4ccc90_0;
    %parti/s 1, 7, 4;
    %replicate 24;
    %load/vec4 v0x55b55d4ccc90_0;
    %concat/vec4; draw_concat_vec4
    %store/vec4 v0x55b55d4cce50_0, 0, 32;
    %jmp T_17.14;
T_17.9 ;
    %pushi/vec4 0, 0, 24;
    %load/vec4 v0x55b55d4ccc90_0;
    %concat/vec4; draw_concat_vec4
    %store/vec4 v0x55b55d4cce50_0, 0, 32;
    %jmp T_17.14;
T_17.10 ;
    %load/vec4 v0x55b55d4cd020_0;
    %parti/s 1, 15, 5;
    %replicate 16;
    %load/vec4 v0x55b55d4cd020_0;
    %concat/vec4; draw_concat_vec4
    %store/vec4 v0x55b55d4cce50_0, 0, 32;
    %jmp T_17.14;
T_17.11 ;
    %pushi/vec4 0, 0, 16;
    %load/vec4 v0x55b55d4cd020_0;
    %concat/vec4; draw_concat_vec4
    %store/vec4 v0x55b55d4cce50_0, 0, 32;
    %jmp T_17.14;
T_17.12 ;
    %load/vec4 v0x55b55d4ccd50_0;
    %store/vec4 v0x55b55d4cce50_0, 0, 32;
    %jmp T_17.14;
T_17.14 ;
    %pop/vec4 1;
    %jmp T_17;
    .thread T_17, $push;
    .scope S_0x55b55d4cc670;
T_18 ;
Ewait_12 .event/or E_0x55b55d4cca60, E_0x0;
    %wait Ewait_12;
    %load/vec4 v0x55b55d4cd2c0_0;
    %dup/vec4;
    %pushi/vec4 0, 0, 2;
    %cmp/u;
    %jmp/1 T_18.0, 6;
    %dup/vec4;
    %pushi/vec4 1, 0, 2;
    %cmp/u;
    %jmp/1 T_18.1, 6;
    %dup/vec4;
    %pushi/vec4 2, 0, 2;
    %cmp/u;
    %jmp/1 T_18.2, 6;
    %load/vec4 v0x55b55d4ccb80_0;
    %store/vec4 v0x55b55d4cd1d0_0, 0, 32;
    %jmp T_18.4;
T_18.0 ;
    %load/vec4 v0x55b55d4ccb80_0;
    %store/vec4 v0x55b55d4cd1d0_0, 0, 32;
    %jmp T_18.4;
T_18.1 ;
    %load/vec4 v0x55b55d4cce50_0;
    %store/vec4 v0x55b55d4cd1d0_0, 0, 32;
    %jmp T_18.4;
T_18.2 ;
    %load/vec4 v0x55b55d4cd0e0_0;
    %addi 4, 0, 32;
    %store/vec4 v0x55b55d4cd1d0_0, 0, 32;
    %jmp T_18.4;
T_18.4 ;
    %pop/vec4 1;
    %jmp T_18;
    .thread T_18, $push;
    .scope S_0x55b55d48f940;
T_19 ;
    %pushi/vec4 0, 0, 1;
    %store/vec4 v0x55b55d4cfe40_0, 0, 1;
T_19.0 ;
    %delay 5000, 0;
    %load/vec4 v0x55b55d4cfe40_0;
    %inv;
    %store/vec4 v0x55b55d4cfe40_0, 0, 1;
    %jmp T_19.0;
    %end;
    .thread T_19;
    .scope S_0x55b55d48f940;
T_20 ;
    %wait E_0x55b55d3e8e20;
    %load/vec4 v0x55b55d4d0170_0;
    %flag_set/vec4 9;
    %flag_get/vec4 9;
    %jmp/0 T_20.2, 9;
    %load/vec4 v0x55b55d4cfee0_0;
    %parti/s 10, 2, 3;
    %pad/u 32;
    %cmpi/u 1024, 0, 32;
    %flag_get/vec4 5;
    %and;
T_20.2;
    %flag_set/vec4 8;
    %jmp/0xz  T_20.0, 8;
    %load/vec4 v0x55b55d4d0260_0;
    %parti/s 1, 0, 2;
    %flag_set/vec4 8;
    %jmp/0xz  T_20.3, 8;
    %load/vec4 v0x55b55d4d0060_0;
    %parti/s 8, 0, 2;
    %load/vec4 v0x55b55d4cfee0_0;
    %parti/s 10, 2, 3;
    %pad/u 12;
    %ix/vec4 3;
    %ix/load 4, 0, 0; Constant delay
    %assign/vec4/a/d v0x55b55d4d0650, 0, 4;
T_20.3 ;
    %load/vec4 v0x55b55d4d0260_0;
    %parti/s 1, 1, 2;
    %flag_set/vec4 8;
    %jmp/0xz  T_20.5, 8;
    %load/vec4 v0x55b55d4d0060_0;
    %parti/s 8, 8, 5;
    %load/vec4 v0x55b55d4cfee0_0;
    %parti/s 10, 2, 3;
    %pad/u 12;
    %ix/vec4 3;
    %ix/load 4, 8, 0; part off
    %ix/load 5, 0, 0; Constant delay
    %assign/vec4/a/d v0x55b55d4d0650, 4, 5;
T_20.5 ;
    %load/vec4 v0x55b55d4d0260_0;
    %parti/s 1, 2, 3;
    %flag_set/vec4 8;
    %jmp/0xz  T_20.7, 8;
    %load/vec4 v0x55b55d4d0060_0;
    %parti/s 8, 16, 6;
    %load/vec4 v0x55b55d4cfee0_0;
    %parti/s 10, 2, 3;
    %pad/u 12;
    %ix/vec4 3;
    %ix/load 4, 16, 0; part off
    %ix/load 5, 0, 0; Constant delay
    %assign/vec4/a/d v0x55b55d4d0650, 4, 5;
T_20.7 ;
    %load/vec4 v0x55b55d4d0260_0;
    %parti/s 1, 3, 3;
    %flag_set/vec4 8;
    %jmp/0xz  T_20.9, 8;
    %load/vec4 v0x55b55d4d0060_0;
    %parti/s 8, 24, 6;
    %load/vec4 v0x55b55d4cfee0_0;
    %parti/s 10, 2, 3;
    %pad/u 12;
    %ix/vec4 3;
    %ix/load 4, 24, 0; part off
    %ix/load 5, 0, 0; Constant delay
    %assign/vec4/a/d v0x55b55d4d0650, 4, 5;
T_20.9 ;
    %vpi_call/w 4 81 "$display", "[TB DMEM WRITE] Time=%0t | Addr=0x%08h | Data=0x%08h | Mask=%b", $time, v0x55b55d4cfee0_0, v0x55b55d4d0060_0, v0x55b55d4d0260_0 {0 0 0};
T_20.0 ;
    %jmp T_20;
    .thread T_20;
    .scope S_0x55b55d48f940;
T_21 ;
    %fork t_3, S_0x55b55d48a9d0;
    %jmp t_2;
    .scope S_0x55b55d48a9d0;
t_3 ;
    %pushi/vec4 0, 0, 32;
    %store/vec4 v0x55b55d4728a0_0, 0, 32;
T_21.0 ;
    %load/vec4 v0x55b55d4728a0_0;
    %cmpi/s 1024, 0, 32;
    %jmp/0xz T_21.1, 5;
    %pushi/vec4 19, 0, 32;
    %ix/getv/s 4, v0x55b55d4728a0_0;
    %store/vec4a v0x55b55d4d0650, 4, 0;
    ; show_stmt_assign_vector: Get l-value for compressed += operand
    %load/vec4 v0x55b55d4728a0_0;
    %pushi/vec4 1, 0, 32;
    %add;
    %cast2;
    %store/vec4 v0x55b55d4728a0_0, 0, 32;
    %jmp T_21.0;
T_21.1 ;
    %end;
    .scope S_0x55b55d48f940;
t_2 %join;
    %vpi_func 4 94 "$value$plusargs" 32, "HEX=%s", v0x55b55d4d0370_0 {0 0 0};
    %cmpi/ne 0, 0, 32;
    %jmp/0xz  T_21.2, 4;
    %vpi_call/w 4 95 "$display", "[TB] Loading hex program: %s", v0x55b55d4d0370_0 {0 0 0};
    %vpi_call/w 4 96 "$readmemh", v0x55b55d4d0370_0, v0x55b55d4d0650 {0 0 0};
    %jmp T_21.3;
T_21.2 ;
    %vpi_call/w 4 98 "$display", "[TB] No +HEX specified. Loading default built-in ALU/Hazard verification test." {0 0 0};
    %alloc S_0x55b55d4cea40;
    %fork TD_tb_riscv_core_top.load_builtin_test, S_0x55b55d4cea40;
    %join;
    %free S_0x55b55d4cea40;
T_21.3 ;
    %alloc S_0x55b55d4c1df0;
    %fork TD_tb_riscv_core_top.do_reset, S_0x55b55d4c1df0;
    %join;
    %free S_0x55b55d4c1df0;
    %vpi_call/w 4 104 "$display", "[TB] Reset released. Processor running..." {0 0 0};
    %fork t_5, S_0x55b55d48f940;
    %fork t_6, S_0x55b55d48f940;
    %join;
    %join/detach 1;
    %jmp t_4;
t_5 ;
T_21.4 ;
    %load/vec4 v0x55b55d4d0900_0;
    %pushi/vec4 1, 0, 1;
    %cmp/e;
    %flag_get/vec4 4;
    %cmpi/ne 1, 0, 1;
    %jmp/0xz T_21.5, 6;
    %wait E_0x55b55d3e85c0;
    %jmp T_21.4;
T_21.5 ;
    %vpi_call/w 4 110 "$display", "[TB] TRAP/EBREAK detected at PC=0x%08h. Simulation Completed.", v0x55b55d4d0710_0 {0 0 0};
    %end;
t_6 ;
    %delay 50000000, 0;
    %vpi_call/w 4 114 "$display", "[TB ERROR] Simulation Timeout reached!" {0 0 0};
    %end;
    .scope S_0x55b55d48f940;
t_4 ;
    %delay 20000, 0;
    %vpi_call/w 4 120 "$display", "=================================================" {0 0 0};
    %vpi_call/w 4 121 "$display", " VERIFICATION REPORT" {0 0 0};
    %vpi_call/w 4 122 "$display", "=================================================" {0 0 0};
    %vpi_call/w 4 123 "$display", " Final PC Debug : 0x%08h", v0x55b55d4d0710_0 {0 0 0};
    %vpi_call/w 4 124 "$display", " Reg x1 (ra)    : 0x%08h", &A<v0x55b55d4c6060, 0> {0 0 0};
    %vpi_call/w 4 125 "$display", " Reg x2 (sp)    : 0x%08h", &A<v0x55b55d4c6060, 1> {0 0 0};
    %vpi_call/w 4 126 "$display", " Reg x3 (gp)    : 0x%08h", &A<v0x55b55d4c6060, 2> {0 0 0};
    %vpi_call/w 4 127 "$display", " Reg x4 (tp)    : 0x%08h", &A<v0x55b55d4c6060, 3> {0 0 0};
    %vpi_call/w 4 128 "$display", " Reg x5 (t0)    : 0x%08h", &A<v0x55b55d4c6060, 4> {0 0 0};
    %vpi_call/w 4 129 "$display", "=================================================" {0 0 0};
    %ix/load 4, 2, 0;
    %flag_set/imm 4, 0;
    %load/vec4a v0x55b55d4c6060, 4;
    %cmpi/e 1, 0, 32;
    %jmp/1 T_21.8, 4;
    %flag_mov 8, 4;
    %ix/load 4, 4, 0;
    %flag_set/imm 4, 0;
    %load/vec4a v0x55b55d4c6060, 4;
    %cmpi/e 55, 0, 32;
    %flag_or 4, 8;
T_21.8;
    %jmp/0xz  T_21.6, 4;
    %vpi_call/w 4 131 "$display", " >>> RESULT: TEST PASSED <<<" {0 0 0};
    %jmp T_21.7;
T_21.6 ;
    %vpi_call/w 4 133 "$display", " >>> RESULT: CHECK REGISTER VALUES <<<" {0 0 0};
T_21.7 ;
    %vpi_call/w 4 135 "$finish" {0 0 0};
    %end;
    .thread T_21;
# The file index is used to find the file name in the following table.
:file_names 13;
    "N/A";
    "<interactive>";
    "-";
    "rtl/riscv_pkg.sv";
    "tb/tb_riscv_core_top.sv";
    "rtl/riscv_core_top.sv";
    "rtl/id_ex_stage.sv";
    "rtl/alu.sv";
    "rtl/control_unit.sv";
    "rtl/hazard_unit.sv";
    "rtl/regfile.sv";
    "rtl/if_stage.sv";
    "rtl/wb_stage.sv";
