rtl/control_unit.sv:48: sorry: constant selects in always_* processes are not fully supported (the process will be sensitive to all bits in 'funct7[6:0]').
rtl/control_unit.sv:53: sorry: constant selects in always_* processes are not fully supported (the process will be sensitive to all bits in 'funct7[6:0]').
rtl/control_unit.sv:72: sorry: constant selects in always_* processes are not fully supported (the process will be sensitive to all bits in 'funct7[6:0]').
rtl/alu.sv:29: sorry: constant selects in always_* processes are not fully supported (the process will be sensitive to all bits in 'b[31:0]').
rtl/alu.sv:30: sorry: constant selects in always_* processes are not fully supported (the process will be sensitive to all bits in 'b[31:0]').
rtl/alu.sv:31: sorry: constant selects in always_* processes are not fully supported (the process will be sensitive to all bits in 'sra_ext[63:0]').
rtl/id_ex_stage.sv:234: sorry: constant selects in always_* processes are not fully supported (the process will be sensitive to all bits in 'alu_result[31:0]').
rtl/id_ex_stage.sv:235: sorry: constant selects in always_* processes are not fully supported (the process will be sensitive to all bits in 'alu_result[31:0]').
rtl/id_ex_stage.sv:238: sorry: constant selects in always_* processes are not fully supported (the process will be sensitive to all bits in 'alu_result[31:0]').
rtl/id_ex_stage.sv:239: sorry: constant selects in always_* processes are not fully supported (the process will be sensitive to all bits in 'alu_result[31:0]').
rtl/wb_stage.sv:31: sorry: constant selects in always_* processes are not fully supported (the process will be sensitive to all bits in 'alu_result_wb[31:0]').
rtl/wb_stage.sv:32: sorry: constant selects in always_* processes are not fully supported (the process will be sensitive to all bits in 'dmem_rdata_raw_wb[31:0]').
rtl/wb_stage.sv:33: sorry: constant selects in always_* processes are not fully supported (the process will be sensitive to all bits in 'dmem_rdata_raw_wb[31:0]').
rtl/wb_stage.sv:34: sorry: constant selects in always_* processes are not fully supported (the process will be sensitive to all bits in 'dmem_rdata_raw_wb[31:0]').
rtl/wb_stage.sv:35: sorry: constant selects in always_* processes are not fully supported (the process will be sensitive to all bits in 'dmem_rdata_raw_wb[31:0]').
rtl/wb_stage.sv:38: sorry: constant selects in always_* processes are not fully supported (the process will be sensitive to all bits in 'alu_result_wb[31:0]').
rtl/wb_stage.sv:39: sorry: constant selects in always_* processes are not fully supported (the process will be sensitive to all bits in 'dmem_rdata_raw_wb[31:0]').
rtl/wb_stage.sv:40: sorry: constant selects in always_* processes are not fully supported (the process will be sensitive to all bits in 'dmem_rdata_raw_wb[31:0]').
rtl/wb_stage.sv:44: sorry: constant selects in always_* processes are not fully supported (the process will be sensitive to all bits in 'byte_selected[7:0]').
rtl/wb_stage.sv:46: sorry: constant selects in always_* processes are not fully supported (the process will be sensitive to all bits in 'halfword_selected[15:0]').
