Copyright 1986-2022 Xilinx, Inc. All Rights Reserved. Copyright 2022-2026 Advanced Micro Devices, Inc. All Rights Reserved.
---------------------------------------------------------------------------------------------------------------------------------------------
| Tool Version : Vivado v.2025.2.1 (win64) Build 6403652 Thu Mar 19 19:48:24 GMT 2026
| Date         : Wed Jul 29 12:16:27 2026
| Host         : Adithyan running 64-bit major release  (build 9200)
| Command      : report_control_sets -verbose -file fpga_top_control_sets_placed.rpt
| Design       : fpga_top
| Device       : xc7a100t
---------------------------------------------------------------------------------------------------------------------------------------------

Control Set Information

Table of Contents
-----------------
1. Summary
2. Histogram
3. Flip-Flop Distribution
4. Detailed Control Set Information

1. Summary
----------

+----------------------------------------------------------+-------+
|                          Status                          | Count |
+----------------------------------------------------------+-------+
| Total control sets                                       |   276 |
|    Minimum number of control sets                        |   276 |
|    Addition due to synthesis replication                 |     0 |
|    Addition due to physical synthesis replication        |     0 |
| Unused register locations in slices containing registers |    18 |
+----------------------------------------------------------+-------+
* Control sets can be merged at opt_design using control_set_merge or merge_equivalent_drivers
** Run report_qor_suggestions for automated merging and remapping suggestions


2. Histogram
------------

+--------------------+-------+
|       Fanout       | Count |
+--------------------+-------+
| Total control sets |   276 |
| >= 0 to < 4        |     2 |
| >= 4 to < 6        |     0 |
| >= 6 to < 8        |     0 |
| >= 8 to < 10       |     0 |
| >= 10 to < 12      |     0 |
| >= 12 to < 14      |     0 |
| >= 14 to < 16      |     0 |
| >= 16              |   274 |
+--------------------+-------+
* Control sets can be remapped at either synth_design or opt_design


3. Flip-Flop Distribution
-------------------------

+--------------+-----------------------+------------------------+-----------------+--------------+
| Clock Enable | Synchronous Set/Reset | Asynchronous Set/Reset | Total Registers | Total Slices |
+--------------+-----------------------+------------------------+-----------------+--------------+
| No           | No                    | No                     |               2 |            1 |
| No           | No                    | Yes                    |             204 |          102 |
| No           | Yes                   | No                     |               0 |            0 |
| Yes          | No                    | No                     |               0 |            0 |
| Yes          | No                    | Yes                    |             512 |          228 |
| Yes          | Yes                   | No                     |               0 |            0 |
+--------------+-----------------------+------------------------+-----------------+--------------+


4. Detailed Control Set Information
-----------------------------------

+----------------------+---------------------------------------------------------+------------------------------------------------+------------------+----------------+--------------+
|     Clock Signal     |                      Enable Signal                      |                Set/Reset Signal                | Slice Load Count | Bel Load Count | Bels / Slice |
+----------------------+---------------------------------------------------------+------------------------------------------------+------------------+----------------+--------------+
|  clk_25m             |                                                         | CPU_RESETN_IBUF                                |                1 |              2 |         2.00 |
|  CLK100MHZ_IBUF_BUFG |                                                         |                                                |                1 |              2 |         2.00 |
|  clk_25m             | led_reg[15]_i_1_n_0                                     | led_reg[15]_i_2_n_0                            |               15 |             16 |         1.07 |
|  clk_25m             | led_reg[7]_i_1_n_0                                      | led_reg[15]_i_2_n_0                            |               10 |             16 |         1.60 |
|  clk_25m             | mem_reg_512_639_0_0_i_1_n_0                             |                                                |                8 |             32 |         4.00 |
|  clk_25m             | u_riscv_core/u_id_ex_stage/u_regfile/rf[3][31]_i_1_n_0  | u_riscv_core/u_id_ex_stage/u_regfile/rst_n_reg |               16 |             32 |         2.00 |
|  clk_25m             | u_riscv_core/u_id_ex_stage/u_regfile/rf[4][31]_i_1_n_0  | u_riscv_core/u_id_ex_stage/u_regfile/rst_n_reg |               10 |             32 |         3.20 |
|  clk_25m             | u_riscv_core/u_id_ex_stage/u_regfile/rf[5][31]_i_1_n_0  | u_riscv_core/u_id_ex_stage/u_regfile/rst_n_reg |               10 |             32 |         3.20 |
|  clk_25m             | u_riscv_core/u_id_ex_stage/u_regfile/rf[10][31]_i_1_n_0 | u_riscv_core/u_id_ex_stage/u_regfile/rst_n_reg |               11 |             32 |         2.91 |
|  clk_25m             | u_riscv_core/u_id_ex_stage/u_regfile/rf[6][31]_i_1_n_0  | u_riscv_core/u_id_ex_stage/u_regfile/rst_n_reg |               16 |             32 |         2.00 |
|  clk_25m             | u_riscv_core/u_id_ex_stage/u_regfile/rf[15][31]_i_1_n_0 | u_riscv_core/u_id_ex_stage/u_regfile/rst_n_reg |               20 |             32 |         1.60 |
|  clk_25m             | u_riscv_core/u_id_ex_stage/u_regfile/rf[13][31]_i_1_n_0 | u_riscv_core/u_id_ex_stage/u_regfile/rst_n_reg |               16 |             32 |         2.00 |
|  clk_25m             | u_riscv_core/u_id_ex_stage/u_regfile/rf[2][31]_i_1_n_0  | u_riscv_core/u_id_ex_stage/u_regfile/rst_n_reg |               12 |             32 |         2.67 |
|  clk_25m             | u_riscv_core/u_id_ex_stage/u_regfile/rf[7][31]_i_1_n_0  | u_riscv_core/u_id_ex_stage/u_regfile/rst_n_reg |               20 |             32 |         1.60 |
|  clk_25m             | u_riscv_core/u_id_ex_stage/u_regfile/rf[8][31]_i_1_n_0  | u_riscv_core/u_id_ex_stage/u_regfile/rst_n_reg |               12 |             32 |         2.67 |
|  clk_25m             | u_riscv_core/u_id_ex_stage/u_regfile/rf[11][31]_i_1_n_0 | u_riscv_core/u_id_ex_stage/u_regfile/rst_n_reg |               16 |             32 |         2.00 |
|  clk_25m             | u_riscv_core/u_id_ex_stage/u_regfile/rf[12][31]_i_1_n_0 | u_riscv_core/u_id_ex_stage/u_regfile/rst_n_reg |               11 |             32 |         2.91 |
|  clk_25m             | u_riscv_core/u_id_ex_stage/u_regfile/rf[14][31]_i_1_n_0 | u_riscv_core/u_id_ex_stage/u_regfile/rst_n_reg |               11 |             32 |         2.91 |
|  clk_25m             | u_riscv_core/u_id_ex_stage/u_regfile/rf[9][31]_i_1_n_0  | u_riscv_core/u_id_ex_stage/u_regfile/rst_n_reg |               12 |             32 |         2.67 |
|  clk_25m             | mem_reg_7680_7807_16_16_i_1_n_0                         |                                                |                8 |             32 |         4.00 |
|  clk_25m             | mem_reg_7552_7679_24_24_i_1_n_0                         |                                                |                8 |             32 |         4.00 |
|  clk_25m             | mem_reg_7552_7679_8_8_i_1_n_0                           |                                                |                8 |             32 |         4.00 |
|  clk_25m             | mem_reg_7680_7807_0_0_i_1_n_0                           |                                                |                8 |             32 |         4.00 |
|  clk_25m             | mem_reg_7680_7807_8_8_i_1_n_0                           |                                                |                8 |             32 |         4.00 |
|  clk_25m             | mem_reg_7680_7807_24_24_i_1_n_0                         |                                                |                8 |             32 |         4.00 |
|  clk_25m             | mem_reg_768_895_0_0_i_1_n_0                             |                                                |                8 |             32 |         4.00 |
|  clk_25m             | mem_reg_7808_7935_0_0_i_1_n_0                           |                                                |                8 |             32 |         4.00 |
|  clk_25m             | mem_reg_768_895_24_24_i_1_n_0                           |                                                |                8 |             32 |         4.00 |
|  clk_25m             | mem_reg_768_895_16_16_i_1_n_0                           |                                                |                8 |             32 |         4.00 |
|  clk_25m             | mem_reg_768_895_8_8_i_1_n_0                             |                                                |                8 |             32 |         4.00 |
|  clk_25m             | mem_reg_5120_5247_24_24_i_1_n_0                         |                                                |                8 |             32 |         4.00 |
|  clk_25m             | mem_reg_5120_5247_16_16_i_1_n_0                         |                                                |                8 |             32 |         4.00 |
|  clk_25m             | mem_reg_5120_5247_0_0_i_1_n_0                           |                                                |                8 |             32 |         4.00 |
|  clk_25m             | mem_reg_4992_5119_8_8_i_1_n_0                           |                                                |                8 |             32 |         4.00 |
|  clk_25m             | mem_reg_512_639_16_16_i_1_n_0                           |                                                |                8 |             32 |         4.00 |
|  clk_25m             | mem_reg_512_639_24_24_i_1_n_0                           |                                                |                8 |             32 |         4.00 |
|  clk_25m             | mem_reg_5120_5247_8_8_i_1_n_0                           |                                                |                8 |             32 |         4.00 |
|  clk_25m             | mem_reg_6272_6399_16_16_i_1_n_0                         |                                                |                8 |             32 |         4.00 |
|  clk_25m             | mem_reg_5248_5375_16_16_i_1_n_0                         |                                                |                8 |             32 |         4.00 |
|  clk_25m             | mem_reg_512_639_8_8_i_1_n_0                             |                                                |                8 |             32 |         4.00 |
|  clk_25m             | mem_reg_5248_5375_0_0_i_1_n_0                           |                                                |                8 |             32 |         4.00 |
|  clk_25m             | mem_reg_5248_5375_24_24_i_1_n_0                         |                                                |                8 |             32 |         4.00 |
|  clk_25m             | mem_reg_5376_5503_0_0_i_1_n_0                           |                                                |                8 |             32 |         4.00 |
|  clk_25m             | mem_reg_5376_5503_16_16_i_1_n_0                         |                                                |                8 |             32 |         4.00 |
|  clk_25m             | mem_reg_5248_5375_8_8_i_1_n_0                           |                                                |                8 |             32 |         4.00 |
|  clk_25m             | mem_reg_5504_5631_0_0_i_1_n_0                           |                                                |                8 |             32 |         4.00 |
|  clk_25m             | mem_reg_5504_5631_16_16_i_1_n_0                         |                                                |                8 |             32 |         4.00 |
|  clk_25m             | mem_reg_5376_5503_8_8_i_1_n_0                           |                                                |                8 |             32 |         4.00 |
|  clk_25m             | mem_reg_5376_5503_24_24_i_1_n_0                         |                                                |                8 |             32 |         4.00 |
|  clk_25m             | mem_reg_5504_5631_24_24_i_1_n_0                         |                                                |                8 |             32 |         4.00 |
|  clk_25m             | mem_reg_5504_5631_8_8_i_1_n_0                           |                                                |                8 |             32 |         4.00 |
|  clk_25m             | mem_reg_5632_5759_0_0_i_1_n_0                           |                                                |                8 |             32 |         4.00 |
|  clk_25m             | mem_reg_5632_5759_16_16_i_1_n_0                         |                                                |                8 |             32 |         4.00 |
|  clk_25m             | mem_reg_5632_5759_8_8_i_1_n_0                           |                                                |                8 |             32 |         4.00 |
|  clk_25m             | mem_reg_5760_5887_0_0_i_1_n_0                           |                                                |                8 |             32 |         4.00 |
|  clk_25m             | mem_reg_5632_5759_24_24_i_1_n_0                         |                                                |                8 |             32 |         4.00 |
|  clk_25m             | mem_reg_5760_5887_16_16_i_1_n_0                         |                                                |                8 |             32 |         4.00 |
|  clk_25m             | mem_reg_5760_5887_24_24_i_1_n_0                         |                                                |                8 |             32 |         4.00 |
|  clk_25m             | mem_reg_5760_5887_8_8_i_1_n_0                           |                                                |                8 |             32 |         4.00 |
|  clk_25m             | mem_reg_5888_6015_0_0_i_1_n_0                           |                                                |                8 |             32 |         4.00 |
|  clk_25m             | mem_reg_5888_6015_24_24_i_1_n_0                         |                                                |                8 |             32 |         4.00 |
|  clk_25m             | mem_reg_6016_6143_0_0_i_1_n_0                           |                                                |                8 |             32 |         4.00 |
|  clk_25m             | mem_reg_5888_6015_16_16_i_1_n_0                         |                                                |                8 |             32 |         4.00 |
|  clk_25m             | mem_reg_5888_6015_8_8_i_1_n_0                           |                                                |                8 |             32 |         4.00 |
|  clk_25m             | mem_reg_6144_6271_0_0_i_1_n_0                           |                                                |                8 |             32 |         4.00 |
|  clk_25m             | mem_reg_6016_6143_24_24_i_1_n_0                         |                                                |                8 |             32 |         4.00 |
|  clk_25m             | mem_reg_6016_6143_16_16_i_1_n_0                         |                                                |                8 |             32 |         4.00 |
|  clk_25m             | mem_reg_6016_6143_8_8_i_1_n_0                           |                                                |                8 |             32 |         4.00 |
|  clk_25m             | mem_reg_6144_6271_16_16_i_1_n_0                         |                                                |                8 |             32 |         4.00 |
|  clk_25m             | mem_reg_6144_6271_24_24_i_1_n_0                         |                                                |                8 |             32 |         4.00 |
|  clk_25m             | mem_reg_6144_6271_8_8_i_1_n_0                           |                                                |                8 |             32 |         4.00 |
|  clk_25m             | mem_reg_6272_6399_0_0_i_1_n_0                           |                                                |                8 |             32 |         4.00 |
|  clk_25m             | mem_reg_6272_6399_24_24_i_1_n_0                         |                                                |                8 |             32 |         4.00 |
|  clk_25m             | mem_reg_6400_6527_16_16_i_1_n_0                         |                                                |                8 |             32 |         4.00 |
|  clk_25m             | mem_reg_6272_6399_8_8_i_1_n_0                           |                                                |                8 |             32 |         4.00 |
|  clk_25m             | mem_reg_6400_6527_24_24_i_1_n_0                         |                                                |                8 |             32 |         4.00 |
|  clk_25m             | mem_reg_6400_6527_0_0_i_1_n_0                           |                                                |                8 |             32 |         4.00 |
|  clk_25m             | mem_reg_640_767_0_0_i_1_n_0                             |                                                |                8 |             32 |         4.00 |
|  clk_25m             | mem_reg_640_767_24_24_i_1_n_0                           |                                                |                8 |             32 |         4.00 |
|  clk_25m             | mem_reg_640_767_16_16_i_1_n_0                           |                                                |                8 |             32 |         4.00 |
|  clk_25m             | mem_reg_6400_6527_8_8_i_1_n_0                           |                                                |                8 |             32 |         4.00 |
|  clk_25m             | mem_reg_6528_6655_24_24_i_1_n_0                         |                                                |                8 |             32 |         4.00 |
|  clk_25m             | mem_reg_6528_6655_0_0_i_1_n_0                           |                                                |                8 |             32 |         4.00 |
|  clk_25m             | mem_reg_6528_6655_16_16_i_1_n_0                         |                                                |                8 |             32 |         4.00 |
|  clk_25m             | mem_reg_640_767_8_8_i_1_n_0                             |                                                |                8 |             32 |         4.00 |
|  clk_25m             | mem_reg_6656_6783_24_24_i_1_n_0                         |                                                |                8 |             32 |         4.00 |
|  clk_25m             | mem_reg_6528_6655_8_8_i_1_n_0                           |                                                |                8 |             32 |         4.00 |
|  clk_25m             | mem_reg_6656_6783_0_0_i_1_n_0                           |                                                |                8 |             32 |         4.00 |
|  clk_25m             | mem_reg_6656_6783_16_16_i_1_n_0                         |                                                |                8 |             32 |         4.00 |
|  clk_25m             | mem_reg_6656_6783_8_8_i_1_n_0                           |                                                |                8 |             32 |         4.00 |
|  clk_25m             | mem_reg_6784_6911_16_16_i_1_n_0                         |                                                |                8 |             32 |         4.00 |
|  clk_25m             | mem_reg_6784_6911_0_0_i_1_n_0                           |                                                |                8 |             32 |         4.00 |
|  clk_25m             | mem_reg_6912_7039_16_16_i_1_n_0                         |                                                |                8 |             32 |         4.00 |
|  clk_25m             | mem_reg_6912_7039_0_0_i_1_n_0                           |                                                |                8 |             32 |         4.00 |
|  clk_25m             | mem_reg_6784_6911_24_24_i_1_n_0                         |                                                |                8 |             32 |         4.00 |
|  clk_25m             | mem_reg_6784_6911_8_8_i_1_n_0                           |                                                |                8 |             32 |         4.00 |
|  clk_25m             | mem_reg_6912_7039_8_8_i_1_n_0                           |                                                |                8 |             32 |         4.00 |
|  clk_25m             | mem_reg_6912_7039_24_24_i_1_n_0                         |                                                |                8 |             32 |         4.00 |
|  clk_25m             | mem_reg_7040_7167_0_0_i_1_n_0                           |                                                |                8 |             32 |         4.00 |
|  clk_25m             | mem_reg_7040_7167_16_16_i_1_n_0                         |                                                |                8 |             32 |         4.00 |
|  clk_25m             | mem_reg_7168_7295_16_16_i_1_n_0                         |                                                |                8 |             32 |         4.00 |
|  clk_25m             | mem_reg_7040_7167_8_8_i_1_n_0                           |                                                |                8 |             32 |         4.00 |
|  clk_25m             | mem_reg_7168_7295_0_0_i_1_n_0                           |                                                |                8 |             32 |         4.00 |
|  clk_25m             | mem_reg_7040_7167_24_24_i_1_n_0                         |                                                |                8 |             32 |         4.00 |
|  clk_25m             | mem_reg_7168_7295_24_24_i_1_n_0                         |                                                |                8 |             32 |         4.00 |
|  clk_25m             | mem_reg_7296_7423_0_0_i_1_n_0                           |                                                |                8 |             32 |         4.00 |
|  clk_25m             | mem_reg_7168_7295_8_8_i_1_n_0                           |                                                |                8 |             32 |         4.00 |
|  clk_25m             | mem_reg_7296_7423_16_16_i_1_n_0                         |                                                |                8 |             32 |         4.00 |
|  clk_25m             | mem_reg_7296_7423_8_8_i_1_n_0                           |                                                |                8 |             32 |         4.00 |
|  clk_25m             | mem_reg_7424_7551_0_0_i_1_n_0                           |                                                |                8 |             32 |         4.00 |
|  clk_25m             | mem_reg_7296_7423_24_24_i_1_n_0                         |                                                |                8 |             32 |         4.00 |
|  clk_25m             | mem_reg_7552_7679_0_0_i_1_n_0                           |                                                |                8 |             32 |         4.00 |
|  clk_25m             | mem_reg_7424_7551_24_24_i_1_n_0                         |                                                |                8 |             32 |         4.00 |
|  clk_25m             | mem_reg_7424_7551_16_16_i_1_n_0                         |                                                |                8 |             32 |         4.00 |
|  clk_25m             | mem_reg_7424_7551_8_8_i_1_n_0                           |                                                |                8 |             32 |         4.00 |
|  clk_25m             | mem_reg_7552_7679_16_16_i_1_n_0                         |                                                |                8 |             32 |         4.00 |
|  clk_25m             | mem_reg_7808_7935_16_16_i_1_n_0                         |                                                |                8 |             32 |         4.00 |
|  clk_25m             | mem_reg_7808_7935_24_24_i_1_n_0                         |                                                |                8 |             32 |         4.00 |
|  clk_25m             | mem_reg_7936_8063_0_0_i_1_n_0                           |                                                |                8 |             32 |         4.00 |
|  clk_25m             | mem_reg_7808_7935_8_8_i_1_n_0                           |                                                |                8 |             32 |         4.00 |
|  clk_25m             | mem_reg_7936_8063_16_16_i_1_n_0                         |                                                |                8 |             32 |         4.00 |
|  clk_25m             | mem_reg_7936_8063_24_24_i_1_n_0                         |                                                |                8 |             32 |         4.00 |
|  clk_25m             | mem_reg_8064_8191_0_0_i_1_n_0                           |                                                |                8 |             32 |         4.00 |
|  clk_25m             | mem_reg_7936_8063_8_8_i_1_n_0                           |                                                |                8 |             32 |         4.00 |
|  clk_25m             | mem_reg_8064_8191_16_16_i_1_n_0                         |                                                |                8 |             32 |         4.00 |
|  clk_25m             | mem_reg_8064_8191_24_24_i_1_n_0                         |                                                |                8 |             32 |         4.00 |
|  clk_25m             | mem_reg_8064_8191_8_8_i_1_n_0                           |                                                |                8 |             32 |         4.00 |
|  clk_25m             | mem_reg_896_1023_0_0_i_1_n_0                            |                                                |                8 |             32 |         4.00 |
|  clk_25m             | mem_reg_896_1023_24_24_i_1_n_0                          |                                                |                8 |             32 |         4.00 |
|  clk_25m             | mem_reg_896_1023_16_16_i_1_n_0                          |                                                |                8 |             32 |         4.00 |
|  clk_25m             | mem_reg_896_1023_8_8_i_1_n_0                            |                                                |                8 |             32 |         4.00 |
|  clk_25m             | mem_reg_2048_2175_8_8_i_1_n_0                           |                                                |                8 |             32 |         4.00 |
|  clk_25m             | mem_reg_2176_2303_0_0_i_1_n_0                           |                                                |                8 |             32 |         4.00 |
|  clk_25m             | mem_reg_2176_2303_24_24_i_1_n_0                         |                                                |                8 |             32 |         4.00 |
|  clk_25m             | mem_reg_2176_2303_16_16_i_1_n_0                         |                                                |                8 |             32 |         4.00 |
|  clk_25m             | mem_reg_0_127_0_0_i_1_n_0                               |                                                |                8 |             32 |         4.00 |
|  clk_25m             | mem_reg_0_127_16_16_i_1_n_0                             |                                                |                8 |             32 |         4.00 |
|  clk_25m             | mem_reg_1024_1151_0_0_i_1_n_0                           |                                                |                8 |             32 |         4.00 |
|  clk_25m             | mem_reg_0_127_24_24_i_2_n_0                             |                                                |                8 |             32 |         4.00 |
|  clk_25m             | mem_reg_0_127_8_8_i_1_n_0                               |                                                |                8 |             32 |         4.00 |
|  clk_25m             | mem_reg_1024_1151_8_8_i_1_n_0                           |                                                |                8 |             32 |         4.00 |
|  clk_25m             | mem_reg_1024_1151_16_16_i_1_n_0                         |                                                |                8 |             32 |         4.00 |
|  clk_25m             | mem_reg_1024_1151_24_24_i_1_n_0                         |                                                |                8 |             32 |         4.00 |
|  clk_25m             | mem_reg_1152_1279_0_0_i_1_n_0                           |                                                |                8 |             32 |         4.00 |
|  clk_25m             | mem_reg_1152_1279_16_16_i_1_n_0                         |                                                |                8 |             32 |         4.00 |
|  clk_25m             | mem_reg_1152_1279_8_8_i_1_n_0                           |                                                |                8 |             32 |         4.00 |
|  clk_25m             | mem_reg_1152_1279_24_24_i_1_n_0                         |                                                |                8 |             32 |         4.00 |
|  clk_25m             | mem_reg_1280_1407_0_0_i_1_n_0                           |                                                |                8 |             32 |         4.00 |
|  clk_25m             | mem_reg_1280_1407_16_16_i_1_n_0                         |                                                |                8 |             32 |         4.00 |
|  clk_25m             | mem_reg_1280_1407_24_24_i_1_n_0                         |                                                |                8 |             32 |         4.00 |
|  clk_25m             | mem_reg_1280_1407_8_8_i_1_n_0                           |                                                |                8 |             32 |         4.00 |
|  clk_25m             | mem_reg_128_255_16_16_i_1_n_0                           |                                                |                8 |             32 |         4.00 |
|  clk_25m             | mem_reg_128_255_24_24_i_1_n_0                           |                                                |                8 |             32 |         4.00 |
|  clk_25m             | mem_reg_128_255_0_0_i_1_n_0                             |                                                |                8 |             32 |         4.00 |
|  clk_25m             | mem_reg_128_255_8_8_i_1_n_0                             |                                                |                8 |             32 |         4.00 |
|  clk_25m             | mem_reg_1408_1535_24_24_i_1_n_0                         |                                                |                8 |             32 |         4.00 |
|  clk_25m             | mem_reg_1408_1535_16_16_i_1_n_0                         |                                                |                8 |             32 |         4.00 |
|  clk_25m             | mem_reg_1408_1535_0_0_i_1_n_0                           |                                                |                8 |             32 |         4.00 |
|  clk_25m             | mem_reg_1408_1535_8_8_i_1_n_0                           |                                                |                8 |             32 |         4.00 |
|  clk_25m             | mem_reg_1536_1663_16_16_i_1_n_0                         |                                                |                8 |             32 |         4.00 |
|  clk_25m             | mem_reg_1536_1663_0_0_i_1_n_0                           |                                                |                8 |             32 |         4.00 |
|  clk_25m             | mem_reg_1536_1663_24_24_i_1_n_0                         |                                                |                8 |             32 |         4.00 |
|  clk_25m             | mem_reg_1664_1791_24_24_i_1_n_0                         |                                                |                8 |             32 |         4.00 |
|  clk_25m             | mem_reg_1664_1791_16_16_i_1_n_0                         |                                                |                8 |             32 |         4.00 |
|  clk_25m             | mem_reg_1664_1791_0_0_i_1_n_0                           |                                                |                8 |             32 |         4.00 |
|  clk_25m             | mem_reg_1536_1663_8_8_i_1_n_0                           |                                                |                8 |             32 |         4.00 |
|  clk_25m             | mem_reg_1792_1919_0_0_i_1_n_0                           |                                                |                8 |             32 |         4.00 |
|  clk_25m             | mem_reg_1664_1791_8_8_i_1_n_0                           |                                                |                8 |             32 |         4.00 |
|  clk_25m             | mem_reg_1792_1919_16_16_i_1_n_0                         |                                                |                8 |             32 |         4.00 |
|  clk_25m             | mem_reg_1920_2047_16_16_i_1_n_0                         |                                                |                8 |             32 |         4.00 |
|  clk_25m             | mem_reg_1920_2047_0_0_i_1_n_0                           |                                                |                8 |             32 |         4.00 |
|  clk_25m             | mem_reg_1792_1919_24_24_i_1_n_0                         |                                                |                8 |             32 |         4.00 |
|  clk_25m             | mem_reg_1792_1919_8_8_i_1_n_0                           |                                                |                8 |             32 |         4.00 |
|  clk_25m             | mem_reg_2048_2175_16_16_i_1_n_0                         |                                                |                8 |             32 |         4.00 |
|  clk_25m             | mem_reg_2048_2175_0_0_i_1_n_0                           |                                                |                8 |             32 |         4.00 |
|  clk_25m             | mem_reg_1920_2047_8_8_i_1_n_0                           |                                                |                8 |             32 |         4.00 |
|  clk_25m             | mem_reg_1920_2047_24_24_i_1_n_0                         |                                                |                8 |             32 |         4.00 |
|  clk_25m             | mem_reg_2048_2175_24_24_i_1_n_0                         |                                                |                8 |             32 |         4.00 |
|  clk_25m             | mem_reg_2176_2303_8_8_i_1_n_0                           |                                                |                8 |             32 |         4.00 |
|  clk_25m             | mem_reg_2304_2431_16_16_i_1_n_0                         |                                                |                8 |             32 |         4.00 |
|  clk_25m             | mem_reg_2304_2431_0_0_i_1_n_0                           |                                                |                8 |             32 |         4.00 |
|  clk_25m             | mem_reg_2432_2559_16_16_i_1_n_0                         |                                                |                8 |             32 |         4.00 |
|  clk_25m             | mem_reg_2304_2431_24_24_i_1_n_0                         |                                                |                8 |             32 |         4.00 |
|  clk_25m             | mem_reg_2432_2559_0_0_i_1_n_0                           |                                                |                8 |             32 |         4.00 |
|  clk_25m             | mem_reg_2304_2431_8_8_i_1_n_0                           |                                                |                8 |             32 |         4.00 |
|  clk_25m             | mem_reg_2432_2559_24_24_i_1_n_0                         |                                                |                8 |             32 |         4.00 |
|  clk_25m             | mem_reg_2432_2559_8_8_i_1_n_0                           |                                                |                8 |             32 |         4.00 |
|  clk_25m             | mem_reg_2560_2687_0_0_i_1_n_0                           |                                                |                8 |             32 |         4.00 |
|  clk_25m             | mem_reg_2560_2687_16_16_i_1_n_0                         |                                                |                8 |             32 |         4.00 |
|  clk_25m             | mem_reg_2560_2687_24_24_i_1_n_0                         |                                                |                8 |             32 |         4.00 |
|  clk_25m             | mem_reg_256_383_0_0_i_1_n_0                             |                                                |                8 |             32 |         4.00 |
|  clk_25m             | mem_reg_2560_2687_8_8_i_1_n_0                           |                                                |                8 |             32 |         4.00 |
|  clk_25m             | mem_reg_256_383_24_24_i_1_n_0                           |                                                |                8 |             32 |         4.00 |
|  clk_25m             | mem_reg_256_383_8_8_i_1_n_0                             |                                                |                8 |             32 |         4.00 |
|  clk_25m             | mem_reg_256_383_16_16_i_1_n_0                           |                                                |                8 |             32 |         4.00 |
|  clk_25m             | mem_reg_2688_2815_0_0_i_1_n_0                           |                                                |                8 |             32 |         4.00 |
|  clk_25m             | mem_reg_2688_2815_8_8_i_1_n_0                           |                                                |                8 |             32 |         4.00 |
|  clk_25m             | mem_reg_2816_2943_0_0_i_1_n_0                           |                                                |                8 |             32 |         4.00 |
|  clk_25m             | mem_reg_2688_2815_24_24_i_1_n_0                         |                                                |                8 |             32 |         4.00 |
|  clk_25m             | mem_reg_2688_2815_16_16_i_1_n_0                         |                                                |                8 |             32 |         4.00 |
|  clk_25m             | mem_reg_2816_2943_16_16_i_1_n_0                         |                                                |                8 |             32 |         4.00 |
|  clk_25m             | mem_reg_2816_2943_8_8_i_1_n_0                           |                                                |                8 |             32 |         4.00 |
|  clk_25m             | mem_reg_2816_2943_24_24_i_1_n_0                         |                                                |                8 |             32 |         4.00 |
|  clk_25m             | mem_reg_2944_3071_16_16_i_1_n_0                         |                                                |                8 |             32 |         4.00 |
|  clk_25m             | mem_reg_2944_3071_24_24_i_1_n_0                         |                                                |                8 |             32 |         4.00 |
|  clk_25m             | mem_reg_2944_3071_0_0_i_1_n_0                           |                                                |                8 |             32 |         4.00 |
|  clk_25m             | mem_reg_3072_3199_24_24_i_1_n_0                         |                                                |                8 |             32 |         4.00 |
|  clk_25m             | mem_reg_3072_3199_0_0_i_1_n_0                           |                                                |                8 |             32 |         4.00 |
|  clk_25m             | mem_reg_3072_3199_16_16_i_1_n_0                         |                                                |                8 |             32 |         4.00 |
|  clk_25m             | mem_reg_3200_3327_0_0_i_1_n_0                           |                                                |                8 |             32 |         4.00 |
|  clk_25m             | mem_reg_3200_3327_24_24_i_1_n_0                         |                                                |                8 |             32 |         4.00 |
|  clk_25m             | mem_reg_3072_3199_8_8_i_1_n_0                           |                                                |                8 |             32 |         4.00 |
|  clk_25m             | mem_reg_3200_3327_16_16_i_1_n_0                         |                                                |                8 |             32 |         4.00 |
|  clk_25m             | mem_reg_3328_3455_16_16_i_1_n_0                         |                                                |                8 |             32 |         4.00 |
|  clk_25m             | mem_reg_3328_3455_0_0_i_1_n_0                           |                                                |                8 |             32 |         4.00 |
|  clk_25m             | mem_reg_3328_3455_24_24_i_1_n_0                         |                                                |                8 |             32 |         4.00 |
|  clk_25m             | mem_reg_3200_3327_8_8_i_1_n_0                           |                                                |                8 |             32 |         4.00 |
|  clk_25m             | mem_reg_3456_3583_0_0_i_1_n_0                           |                                                |                8 |             32 |         4.00 |
|  clk_25m             | mem_reg_3328_3455_8_8_i_1_n_0                           |                                                |                8 |             32 |         4.00 |
|  clk_25m             | mem_reg_3456_3583_16_16_i_1_n_0                         |                                                |                8 |             32 |         4.00 |
|  clk_25m             | mem_reg_3456_3583_24_24_i_1_n_0                         |                                                |                8 |             32 |         4.00 |
|  clk_25m             | mem_reg_3456_3583_8_8_i_1_n_0                           |                                                |                8 |             32 |         4.00 |
|  clk_25m             | mem_reg_3584_3711_0_0_i_1_n_0                           |                                                |                8 |             32 |         4.00 |
|  clk_25m             | mem_reg_3584_3711_16_16_i_1_n_0                         |                                                |                8 |             32 |         4.00 |
|  clk_25m             | mem_reg_3712_3839_0_0_i_1_n_0                           |                                                |                8 |             32 |         4.00 |
|  clk_25m             | mem_reg_3712_3839_16_16_i_1_n_0                         |                                                |                8 |             32 |         4.00 |
|  clk_25m             | mem_reg_3584_3711_8_8_i_1_n_0                           |                                                |                8 |             32 |         4.00 |
|  clk_25m             | mem_reg_3584_3711_24_24_i_1_n_0                         |                                                |                8 |             32 |         4.00 |
|  clk_25m             | mem_reg_3840_3967_0_0_i_1_n_0                           |                                                |                8 |             32 |         4.00 |
|  clk_25m             | mem_reg_3840_3967_16_16_i_1_n_0                         |                                                |                8 |             32 |         4.00 |
|  clk_25m             | mem_reg_3712_3839_8_8_i_1_n_0                           |                                                |                8 |             32 |         4.00 |
|  clk_25m             | mem_reg_3712_3839_24_24_i_1_n_0                         |                                                |                8 |             32 |         4.00 |
|  clk_25m             | mem_reg_384_511_16_16_i_1_n_0                           |                                                |                8 |             32 |         4.00 |
|  clk_25m             | mem_reg_384_511_0_0_i_1_n_0                             |                                                |                8 |             32 |         4.00 |
|  clk_25m             | mem_reg_3840_3967_24_24_i_1_n_0                         |                                                |                8 |             32 |         4.00 |
|  clk_25m             | mem_reg_3840_3967_8_8_i_1_n_0                           |                                                |                8 |             32 |         4.00 |
|  clk_25m             | mem_reg_384_511_24_24_i_1_n_0                           |                                                |                8 |             32 |         4.00 |
|  clk_25m             | mem_reg_384_511_8_8_i_1_n_0                             |                                                |                8 |             32 |         4.00 |
|  clk_25m             | mem_reg_3968_4095_0_0_i_1_n_0                           |                                                |                8 |             32 |         4.00 |
|  clk_25m             | mem_reg_3968_4095_24_24_i_1_n_0                         |                                                |                8 |             32 |         4.00 |
|  clk_25m             | mem_reg_2944_3071_8_8_i_1_n_0                           |                                                |                8 |             32 |         4.00 |
|  clk_25m             | mem_reg_4096_4223_0_0_i_1_n_0                           |                                                |                8 |             32 |         4.00 |
|  clk_25m             | mem_reg_3968_4095_16_16_i_1_n_0                         |                                                |                8 |             32 |         4.00 |
|  clk_25m             | mem_reg_4096_4223_24_24_i_2_n_0                         |                                                |                8 |             32 |         4.00 |
|  clk_25m             | mem_reg_4096_4223_8_8_i_1_n_0                           |                                                |                8 |             32 |         4.00 |
|  clk_25m             | mem_reg_4096_4223_16_16_i_1_n_0                         |                                                |                8 |             32 |         4.00 |
|  clk_25m             | mem_reg_4224_4351_0_0_i_1_n_0                           |                                                |                8 |             32 |         4.00 |
|  clk_25m             | mem_reg_4224_4351_24_24_i_1_n_0                         |                                                |                8 |             32 |         4.00 |
|  clk_25m             | mem_reg_4224_4351_16_16_i_1_n_0                         |                                                |                8 |             32 |         4.00 |
|  clk_25m             | mem_reg_4224_4351_8_8_i_1_n_0                           |                                                |                8 |             32 |         4.00 |
|  clk_25m             | mem_reg_4352_4479_24_24_i_1_n_0                         |                                                |                8 |             32 |         4.00 |
|  clk_25m             | mem_reg_4352_4479_16_16_i_1_n_0                         |                                                |                8 |             32 |         4.00 |
|  clk_25m             | mem_reg_4352_4479_0_0_i_1_n_0                           |                                                |                8 |             32 |         4.00 |
|  clk_25m             | mem_reg_4352_4479_8_8_i_1_n_0                           |                                                |                8 |             32 |         4.00 |
|  clk_25m             | mem_reg_4480_4607_0_0_i_1_n_0                           |                                                |                8 |             32 |         4.00 |
|  clk_25m             | mem_reg_4480_4607_16_16_i_1_n_0                         |                                                |                8 |             32 |         4.00 |
|  clk_25m             | mem_reg_4480_4607_24_24_i_1_n_0                         |                                                |                8 |             32 |         4.00 |
|  clk_25m             | mem_reg_4608_4735_0_0_i_1_n_0                           |                                                |                8 |             32 |         4.00 |
|  clk_25m             | mem_reg_4608_4735_24_24_i_1_n_0                         |                                                |                8 |             32 |         4.00 |
|  clk_25m             | mem_reg_4480_4607_8_8_i_1_n_0                           |                                                |                8 |             32 |         4.00 |
|  clk_25m             | mem_reg_4608_4735_16_16_i_1_n_0                         |                                                |                8 |             32 |         4.00 |
|  clk_25m             | mem_reg_4736_4863_24_24_i_1_n_0                         |                                                |                8 |             32 |         4.00 |
|  clk_25m             | mem_reg_4736_4863_16_16_i_1_n_0                         |                                                |                8 |             32 |         4.00 |
|  clk_25m             | mem_reg_4736_4863_0_0_i_1_n_0                           |                                                |                8 |             32 |         4.00 |
|  clk_25m             | mem_reg_4608_4735_8_8_i_1_n_0                           |                                                |                8 |             32 |         4.00 |
|  clk_25m             | mem_reg_4864_4991_16_16_i_1_n_0                         |                                                |                8 |             32 |         4.00 |
|  clk_25m             | mem_reg_4736_4863_8_8_i_1_n_0                           |                                                |                8 |             32 |         4.00 |
|  clk_25m             | mem_reg_4864_4991_0_0_i_1_n_0                           |                                                |                8 |             32 |         4.00 |
|  clk_25m             | mem_reg_4864_4991_8_8_i_1_n_0                           |                                                |                8 |             32 |         4.00 |
|  clk_25m             | mem_reg_4992_5119_16_16_i_1_n_0                         |                                                |                8 |             32 |         4.00 |
|  clk_25m             | mem_reg_4992_5119_0_0_i_1_n_0                           |                                                |                8 |             32 |         4.00 |
|  clk_25m             | mem_reg_4864_4991_24_24_i_1_n_0                         |                                                |                8 |             32 |         4.00 |
|  clk_25m             | mem_reg_4992_5119_24_24_i_1_n_0                         |                                                |                8 |             32 |         4.00 |
|  clk_25m             | u_riscv_core/u_id_ex_stage/u_regfile/rf[0]              | u_riscv_core/u_id_ex_stage/u_regfile/rst_n_reg |               10 |             32 |         3.20 |
|  clk_25m             | mem_reg_3968_4095_8_8_i_1_n_0                           |                                                |                8 |             32 |         4.00 |
|  clk_25m             |                                                         | u_riscv_core/u_id_ex_stage/u_regfile/rst_n_reg |              101 |            202 |         2.00 |
+----------------------+---------------------------------------------------------+------------------------------------------------+------------------+----------------+--------------+


