
*** Running vivado
    with args -log fpga_top.vds -m64 -product Vivado -mode batch -messageDb vivado.pb -notrace -source fpga_top.tcl



****** Vivado v2025.2.1 (64-bit)
  **** SW Build 6403652 on Thu Mar 19 19:48:24 GMT 2026
  **** IP Build 6403511 on Thu Mar 19 12:41:45 MDT 2026
  **** SharedData Build 6403650 on Thu Mar 19 14:02:13 MDT 2026
  **** Start of session at: Tue Jul 28 15:03:02 2026
    ** Copyright 1986-2022 Xilinx, Inc. All Rights Reserved.
    ** Copyright 2022-2026 Advanced Micro Devices, Inc. All Rights Reserved.

source fpga_top.tcl -notrace
create_project: Time (s): cpu = 00:00:09 ; elapsed = 00:00:06 . Memory (MB): peak = 573.090 ; gain = 255.395
Command: read_checkpoint -auto_incremental -incremental C:/Users/hp/Downloads/Final_Project/fpga_imple/fpga_imple.srcs/utils_1/imports/synth_1/fpga_top.dcp
INFO: [Vivado 12-5825] Read reference checkpoint from C:/Users/hp/Downloads/Final_Project/fpga_imple/fpga_imple.srcs/utils_1/imports/synth_1/fpga_top.dcp for incremental synthesis
INFO: [Vivado 12-7989] Please ensure there are no constraint changes
Command: synth_design -top fpga_top -part xc7a100tcsg324-3
Starting synth_design
Attempting to get a license for feature 'Synthesis' and/or device 'xc7a100t'
INFO: [Common 17-349] Got license for feature 'Synthesis' and/or device 'xc7a100t'
INFO: [Device 21-403] Loading part xc7a100tcsg324-3
INFO: [Designutils 20-5440] No compile time benefit to using incremental synthesis; A full resynthesis will be run
INFO: [Designutils 20-4379] Flow is switching to default flow due to incremental criteria not met. If you would like to alter this behaviour and have the flow terminate instead, please set the following parameter config_implementation {autoIncr.Synth.RejectBehavior Terminate}
INFO: [Synth 8-7079] Multithreading enabled for synth_design using a maximum of 2 processes.
INFO: [Synth 8-7078] Launching helper process for spawning children vivado processes
INFO: [Synth 8-7075] Helper process launched with PID 10884
---------------------------------------------------------------------------------
Starting RTL Elaboration : Time (s): cpu = 00:00:06 ; elapsed = 00:00:06 . Memory (MB): peak = 1326.355 ; gain = 543.738
---------------------------------------------------------------------------------
INFO: [Synth 8-6157] synthesizing module 'fpga_top' [C:/Users/hp/Downloads/Final_Project/fpga_imple/fpga_imple.srcs/sources_1/imports/Final_Project/fpga/fpga_top.sv:13]
INFO: [Synth 8-3876] $readmem data file 'firmware.hex' is read successfully [C:/Users/hp/Downloads/Final_Project/fpga_imple/fpga_imple.srcs/sources_1/imports/Final_Project/fpga/fpga_top.sv:101]
INFO: [Synth 8-6157] synthesizing module 'BUFG' [C:/AMDDesignTools/2025.2.1/Vivado/scripts/rt/data/unisim_comp.v:2678]
INFO: [Synth 8-6155] done synthesizing module 'BUFG' (0#1) [C:/AMDDesignTools/2025.2.1/Vivado/scripts/rt/data/unisim_comp.v:2678]
INFO: [Synth 8-6157] synthesizing module 'riscv_core_top' [C:/Users/hp/Downloads/Final_Project/fpga_imple/fpga_imple.srcs/sources_1/imports/Final_Project/rtl/riscv_core_top.sv:11]
	Parameter DATA_WIDTH bound to: 32'sb00000000000000000000000000100000 
	Parameter REG_COUNT bound to: 32'sb00000000000000000000000000010000 
	Parameter ADDR_WIDTH bound to: 32'sb00000000000000000000000000000100 
INFO: [Synth 8-6157] synthesizing module 'if_stage' [C:/Users/hp/Downloads/Final_Project/fpga_imple/fpga_imple.srcs/sources_1/imports/Final_Project/rtl/if_stage.sv:9]
	Parameter DATA_WIDTH bound to: 32'sb00000000000000000000000000100000 
INFO: [Synth 8-6155] done synthesizing module 'if_stage' (0#1) [C:/Users/hp/Downloads/Final_Project/fpga_imple/fpga_imple.srcs/sources_1/imports/Final_Project/rtl/if_stage.sv:9]
INFO: [Synth 8-6157] synthesizing module 'id_ex_stage' [C:/Users/hp/Downloads/Final_Project/fpga_imple/fpga_imple.srcs/sources_1/imports/Final_Project/rtl/id_ex_stage.sv:11]
	Parameter DATA_WIDTH bound to: 32'sb00000000000000000000000000100000 
	Parameter REG_COUNT bound to: 32'sb00000000000000000000000000010000 
	Parameter ADDR_WIDTH bound to: 32'sb00000000000000000000000000000100 
INFO: [Synth 8-6157] synthesizing module 'control_unit' [C:/Users/hp/Downloads/Final_Project/fpga_imple/fpga_imple.srcs/sources_1/imports/Final_Project/rtl/control_unit.sv:10]
INFO: [Synth 8-226] default block is never used [C:/Users/hp/Downloads/Final_Project/fpga_imple/fpga_imple.srcs/sources_1/imports/Final_Project/rtl/control_unit.sv:47]
INFO: [Synth 8-226] default block is never used [C:/Users/hp/Downloads/Final_Project/fpga_imple/fpga_imple.srcs/sources_1/imports/Final_Project/rtl/control_unit.sv:64]
INFO: [Synth 8-6155] done synthesizing module 'control_unit' (0#1) [C:/Users/hp/Downloads/Final_Project/fpga_imple/fpga_imple.srcs/sources_1/imports/Final_Project/rtl/control_unit.sv:10]
INFO: [Synth 8-6157] synthesizing module 'regfile' [C:/Users/hp/Downloads/Final_Project/fpga_imple/fpga_imple.srcs/sources_1/imports/Final_Project/rtl/regfile.sv:9]
	Parameter DATA_WIDTH bound to: 32'sb00000000000000000000000000100000 
	Parameter REG_COUNT bound to: 32'sb00000000000000000000000000010000 
	Parameter ADDR_WIDTH bound to: 32'sb00000000000000000000000000000100 
INFO: [Synth 8-6155] done synthesizing module 'regfile' (0#1) [C:/Users/hp/Downloads/Final_Project/fpga_imple/fpga_imple.srcs/sources_1/imports/Final_Project/rtl/regfile.sv:9]
INFO: [Synth 8-6157] synthesizing module 'hazard_unit' [C:/Users/hp/Downloads/Final_Project/fpga_imple/fpga_imple.srcs/sources_1/imports/Final_Project/rtl/hazard_unit.sv:9]
	Parameter ADDR_WIDTH bound to: 32'sb00000000000000000000000000000100 
INFO: [Synth 8-6155] done synthesizing module 'hazard_unit' (0#1) [C:/Users/hp/Downloads/Final_Project/fpga_imple/fpga_imple.srcs/sources_1/imports/Final_Project/rtl/hazard_unit.sv:9]
INFO: [Synth 8-6157] synthesizing module 'alu' [C:/Users/hp/Downloads/Final_Project/fpga_imple/fpga_imple.srcs/sources_1/imports/Final_Project/rtl/alu.sv:9]
	Parameter DATA_WIDTH bound to: 32'sb00000000000000000000000000100000 
INFO: [Synth 8-6155] done synthesizing module 'alu' (0#1) [C:/Users/hp/Downloads/Final_Project/fpga_imple/fpga_imple.srcs/sources_1/imports/Final_Project/rtl/alu.sv:9]
INFO: [Synth 8-6155] done synthesizing module 'id_ex_stage' (0#1) [C:/Users/hp/Downloads/Final_Project/fpga_imple/fpga_imple.srcs/sources_1/imports/Final_Project/rtl/id_ex_stage.sv:11]
INFO: [Synth 8-6157] synthesizing module 'wb_stage' [C:/Users/hp/Downloads/Final_Project/fpga_imple/fpga_imple.srcs/sources_1/imports/Final_Project/rtl/wb_stage.sv:11]
	Parameter DATA_WIDTH bound to: 32'sb00000000000000000000000000100000 
INFO: [Synth 8-6155] done synthesizing module 'wb_stage' (0#1) [C:/Users/hp/Downloads/Final_Project/fpga_imple/fpga_imple.srcs/sources_1/imports/Final_Project/rtl/wb_stage.sv:11]
INFO: [Synth 8-6155] done synthesizing module 'riscv_core_top' (0#1) [C:/Users/hp/Downloads/Final_Project/fpga_imple/fpga_imple.srcs/sources_1/imports/Final_Project/rtl/riscv_core_top.sv:11]
INFO: [Synth 8-6155] done synthesizing module 'fpga_top' (0#1) [C:/Users/hp/Downloads/Final_Project/fpga_imple/fpga_imple.srcs/sources_1/imports/Final_Project/fpga/fpga_top.sv:13]
INFO: [Synth 8-6071] Mark debug on the nets applies keep_hierarchy on instance 'u_riscv_core'. This will prevent further optimization [C:/Users/hp/Downloads/Final_Project/fpga_imple/fpga_imple.srcs/sources_1/imports/Final_Project/fpga/fpga_top.sv:77]
WARNING: [Synth 8-7129] Port funct7[6] in module control_unit is either unconnected or has no load
WARNING: [Synth 8-7129] Port funct7[4] in module control_unit is either unconnected or has no load
WARNING: [Synth 8-7129] Port funct7[3] in module control_unit is either unconnected or has no load
WARNING: [Synth 8-7129] Port funct7[2] in module control_unit is either unconnected or has no load
WARNING: [Synth 8-7129] Port funct7[1] in module control_unit is either unconnected or has no load
WARNING: [Synth 8-7129] Port funct7[0] in module control_unit is either unconnected or has no load
---------------------------------------------------------------------------------
Finished RTL Elaboration : Time (s): cpu = 00:00:08 ; elapsed = 00:00:09 . Memory (MB): peak = 1457.344 ; gain = 674.727
---------------------------------------------------------------------------------
---------------------------------------------------------------------------------
Start Handling Custom Attributes
---------------------------------------------------------------------------------
---------------------------------------------------------------------------------
Finished Handling Custom Attributes : Time (s): cpu = 00:00:08 ; elapsed = 00:00:09 . Memory (MB): peak = 1457.344 ; gain = 674.727
---------------------------------------------------------------------------------
---------------------------------------------------------------------------------
Finished RTL Optimization Phase 1 : Time (s): cpu = 00:00:08 ; elapsed = 00:00:09 . Memory (MB): peak = 1457.344 ; gain = 674.727
---------------------------------------------------------------------------------
Netlist sorting complete. Time (s): cpu = 00:00:00 ; elapsed = 00:00:00.027 . Memory (MB): peak = 1457.344 ; gain = 0.000
INFO: [Project 1-570] Preparing netlist for logic optimization

Processing XDC Constraints
Initializing timing engine
Parsing XDC File [C:/Users/hp/Downloads/Final_Project/fpga_imple/fpga_imple.srcs/constrs_1/imports/constraints/nexys4.xdc]
Finished Parsing XDC File [C:/Users/hp/Downloads/Final_Project/fpga_imple/fpga_imple.srcs/constrs_1/imports/constraints/nexys4.xdc]
INFO: [Project 1-236] Implementation specific constraints were found while reading constraint file [C:/Users/hp/Downloads/Final_Project/fpga_imple/fpga_imple.srcs/constrs_1/imports/constraints/nexys4.xdc]. These constraints will be ignored for synthesis but will be used in implementation. Impacted constraints are listed in the file [.Xil/fpga_top_propImpl.xdc].
Resolution: To avoid this warning, move constraints listed in [.Xil/fpga_top_propImpl.xdc] to another XDC file and exclude this new file from synthesis with the used_in_synthesis property (File Properties dialog in GUI) and re-run elaboration/synthesis.
Completed Processing XDC Constraints

Netlist sorting complete. Time (s): cpu = 00:00:00 ; elapsed = 00:00:00 . Memory (MB): peak = 1499.191 ; gain = 0.000
INFO: [Project 1-111] Unisim Transformation Summary:
No Unisim elements were transformed.

Constraint Validation Runtime : Time (s): cpu = 00:00:00 ; elapsed = 00:00:00.011 . Memory (MB): peak = 1499.191 ; gain = 0.000
INFO: [Designutils 20-5440] No compile time benefit to using incremental synthesis; A full resynthesis will be run
INFO: [Designutils 20-4379] Flow is switching to default flow due to incremental criteria not met. If you would like to alter this behaviour and have the flow terminate instead, please set the following parameter config_implementation {autoIncr.Synth.RejectBehavior Terminate}
---------------------------------------------------------------------------------
Finished Constraint Validation : Time (s): cpu = 00:00:15 ; elapsed = 00:00:17 . Memory (MB): peak = 1499.191 ; gain = 716.574
---------------------------------------------------------------------------------
---------------------------------------------------------------------------------
Start Loading Part and Timing Information
---------------------------------------------------------------------------------
Loading part: xc7a100tcsg324-3
---------------------------------------------------------------------------------
Finished Loading Part and Timing Information : Time (s): cpu = 00:00:15 ; elapsed = 00:00:17 . Memory (MB): peak = 1499.191 ; gain = 716.574
---------------------------------------------------------------------------------
---------------------------------------------------------------------------------
Start Applying 'set_property' XDC Constraints
---------------------------------------------------------------------------------
---------------------------------------------------------------------------------
Finished applying 'set_property' XDC Constraints : Time (s): cpu = 00:00:15 ; elapsed = 00:00:17 . Memory (MB): peak = 1499.191 ; gain = 716.574
---------------------------------------------------------------------------------
---------------------------------------------------------------------------------
Finished RTL Optimization Phase 2 : Time (s): cpu = 00:00:16 ; elapsed = 00:00:17 . Memory (MB): peak = 1499.191 ; gain = 716.574
---------------------------------------------------------------------------------
---------------------------------------------------------------------------------
Start RTL Component Statistics 
---------------------------------------------------------------------------------
Detailed RTL Component Info : 
+---Adders : 
	   2 Input   32 Bit       Adders := 5     
	   3 Input   32 Bit       Adders := 1     
	   2 Input    2 Bit       Adders := 1     
+---XORs : 
	   2 Input     32 Bit         XORs := 1     
+---Registers : 
	               32 Bit    Registers := 21    
	               16 Bit    Registers := 1     
	                4 Bit    Registers := 1     
	                3 Bit    Registers := 1     
	                2 Bit    Registers := 2     
	                1 Bit    Registers := 3     
+---RAMs : 
	             256K Bit	(8192 X 32 bit)          RAMs := 1     
+---Muxes : 
	   2 Input   32 Bit        Muxes := 26    
	   4 Input   32 Bit        Muxes := 2     
	   2 Input   16 Bit        Muxes := 2     
	   4 Input    8 Bit        Muxes := 1     
	   2 Input    8 Bit        Muxes := 1     
	   8 Input    4 Bit        Muxes := 2     
	   2 Input    4 Bit        Muxes := 2     
	   4 Input    4 Bit        Muxes := 1     
	   2 Input    3 Bit        Muxes := 3     
	   2 Input    2 Bit        Muxes := 1     
	   2 Input    1 Bit        Muxes := 18    
---------------------------------------------------------------------------------
Finished RTL Component Statistics 
---------------------------------------------------------------------------------
---------------------------------------------------------------------------------
Start Part Resource Summary
---------------------------------------------------------------------------------
Part Resources:
DSPs: 240 (col length:80)
BRAMs: 270 (col length: RAMB18 80 RAMB36 40)
---------------------------------------------------------------------------------
Finished Part Resource Summary
---------------------------------------------------------------------------------
---------------------------------------------------------------------------------
Start Cross Boundary and Area Optimization
---------------------------------------------------------------------------------
WARNING: [Synth 8-7129] Port funct7[6] in module control_unit is either unconnected or has no load
WARNING: [Synth 8-7129] Port funct7[4] in module control_unit is either unconnected or has no load
WARNING: [Synth 8-7129] Port funct7[3] in module control_unit is either unconnected or has no load
WARNING: [Synth 8-7129] Port funct7[2] in module control_unit is either unconnected or has no load
WARNING: [Synth 8-7129] Port funct7[1] in module control_unit is either unconnected or has no load
WARNING: [Synth 8-7129] Port funct7[0] in module control_unit is either unconnected or has no load
WARNING: [Synth 8-6850] RAM (mem_reg) has partial Byte Wide Write Enable pattern with ram_style = "block", however no output register found in fanout of RAM. Recommended to use supported Byte Wide Write Enable template. 
WARNING: [Synth 8-6849] Infeasible attribute ram_style = "block" set for RAM "fpga_top/mem_reg",trying to implement using LUTRAM
WARNING: [Synth 8-6849] Infeasible attribute ram_style = "block" set for RAM "fpga_top/mem_reg",trying to implement using LUTRAM
WARNING: [Synth 8-6849] Infeasible attribute ram_style = "block" set for RAM "fpga_top/mem_reg",trying to implement using LUTRAM
WARNING: [Synth 8-6849] Infeasible attribute ram_style = "block" set for RAM "fpga_top/mem_reg",trying to implement using LUTRAM
---------------------------------------------------------------------------------
Finished Cross Boundary and Area Optimization : Time (s): cpu = 00:00:42 ; elapsed = 00:00:45 . Memory (MB): peak = 1679.176 ; gain = 896.559
---------------------------------------------------------------------------------
---------------------------------------------------------------------------------
Start ROM, RAM, DSP, Shift Register and Retiming Reporting
---------------------------------------------------------------------------------

Distributed RAM: Preliminary Mapping Report (see note below)
+------------+------------+-----------+----------------------+-------------------+
|Module Name | RTL Object | Inference | Size (Depth x Width) | Primitives        | 
+------------+------------+-----------+----------------------+-------------------+
|fpga_top    | mem_reg    | Implied   | 8 K x 32             | RAM128X1D x 2048  | 
+------------+------------+-----------+----------------------+-------------------+

Note: The table above is a preliminary report that shows the Distributed RAMs at the current stage of the synthesis flow. Some Distributed RAMs may be reimplemented as non Distributed RAM primitives later in the synthesis flow. Multiple instantiated RAMs are reported only once.
---------------------------------------------------------------------------------
Finished ROM, RAM, DSP, Shift Register and Retiming Reporting
---------------------------------------------------------------------------------
---------------------------------------------------------------------------------
Start Applying XDC Timing Constraints
---------------------------------------------------------------------------------
---------------------------------------------------------------------------------
Finished Applying XDC Timing Constraints : Time (s): cpu = 00:00:47 ; elapsed = 00:00:49 . Memory (MB): peak = 1682.906 ; gain = 900.289
---------------------------------------------------------------------------------
---------------------------------------------------------------------------------
Start Timing Optimization
---------------------------------------------------------------------------------
---------------------------------------------------------------------------------
Finished Timing Optimization : Time (s): cpu = 00:00:48 ; elapsed = 00:00:51 . Memory (MB): peak = 1682.906 ; gain = 900.289
---------------------------------------------------------------------------------
---------------------------------------------------------------------------------
Start ROM, RAM, DSP, Shift Register and Retiming Reporting
---------------------------------------------------------------------------------

Distributed RAM: Final Mapping Report
+------------+------------+-----------+----------------------+-------------------+
|Module Name | RTL Object | Inference | Size (Depth x Width) | Primitives        | 
+------------+------------+-----------+----------------------+-------------------+
|fpga_top    | mem_reg    | Implied   | 8 K x 32             | RAM128X1D x 2048  | 
+------------+------------+-----------+----------------------+-------------------+

---------------------------------------------------------------------------------
Finished ROM, RAM, DSP, Shift Register and Retiming Reporting
---------------------------------------------------------------------------------
---------------------------------------------------------------------------------
Start Technology Mapping
---------------------------------------------------------------------------------
---------------------------------------------------------------------------------
Finished Technology Mapping : Time (s): cpu = 00:00:50 ; elapsed = 00:00:53 . Memory (MB): peak = 1747.316 ; gain = 964.699
---------------------------------------------------------------------------------
---------------------------------------------------------------------------------
Start IO Insertion
---------------------------------------------------------------------------------
---------------------------------------------------------------------------------
Start Flattening Before IO Insertion
---------------------------------------------------------------------------------
---------------------------------------------------------------------------------
Finished Flattening Before IO Insertion
---------------------------------------------------------------------------------
---------------------------------------------------------------------------------
Start Final Netlist Cleanup
---------------------------------------------------------------------------------
---------------------------------------------------------------------------------
Finished Final Netlist Cleanup
---------------------------------------------------------------------------------
---------------------------------------------------------------------------------
Finished IO Insertion : Time (s): cpu = 00:00:54 ; elapsed = 00:00:57 . Memory (MB): peak = 1932.238 ; gain = 1149.621
---------------------------------------------------------------------------------
---------------------------------------------------------------------------------
Start Renaming Generated Instances
---------------------------------------------------------------------------------
---------------------------------------------------------------------------------
Finished Renaming Generated Instances : Time (s): cpu = 00:00:54 ; elapsed = 00:00:57 . Memory (MB): peak = 1932.238 ; gain = 1149.621
---------------------------------------------------------------------------------
---------------------------------------------------------------------------------
Start Rebuilding User Hierarchy
---------------------------------------------------------------------------------
---------------------------------------------------------------------------------
Finished Rebuilding User Hierarchy : Time (s): cpu = 00:00:54 ; elapsed = 00:00:57 . Memory (MB): peak = 1932.238 ; gain = 1149.621
---------------------------------------------------------------------------------
---------------------------------------------------------------------------------
Start Renaming Generated Ports
---------------------------------------------------------------------------------
---------------------------------------------------------------------------------
Finished Renaming Generated Ports : Time (s): cpu = 00:00:54 ; elapsed = 00:00:57 . Memory (MB): peak = 1932.238 ; gain = 1149.621
---------------------------------------------------------------------------------
---------------------------------------------------------------------------------
Start Handling Custom Attributes
---------------------------------------------------------------------------------
---------------------------------------------------------------------------------
Finished Handling Custom Attributes : Time (s): cpu = 00:00:54 ; elapsed = 00:00:57 . Memory (MB): peak = 1932.238 ; gain = 1149.621
---------------------------------------------------------------------------------
---------------------------------------------------------------------------------
Start Renaming Generated Nets
---------------------------------------------------------------------------------
---------------------------------------------------------------------------------
Finished Renaming Generated Nets : Time (s): cpu = 00:00:54 ; elapsed = 00:00:57 . Memory (MB): peak = 1932.238 ; gain = 1149.621
---------------------------------------------------------------------------------
---------------------------------------------------------------------------------
Start Writing Synthesis Report
---------------------------------------------------------------------------------

Report BlackBoxes: 
+-+--------------+----------+
| |BlackBox name |Instances |
+-+--------------+----------+
+-+--------------+----------+

Report Cell Usage: 
+------+----------+------+
|      |Cell      |Count |
+------+----------+------+
|1     |BUFG      |     2|
|2     |CARRY4    |    74|
|3     |LUT1      |    62|
|4     |LUT2      |   390|
|5     |LUT3      |   110|
|6     |LUT4      |   239|
|7     |LUT5      |   238|
|8     |LUT6      |  2131|
|9     |MUXF7     |   580|
|10    |MUXF8     |    64|
|11    |RAM128X1D |  2048|
|12    |FDCE      |   696|
|13    |FDPE      |     4|
|14    |FDRE      |     2|
|15    |IBUF      |     2|
|16    |OBUF      |    16|
+------+----------+------+
---------------------------------------------------------------------------------
Finished Writing Synthesis Report : Time (s): cpu = 00:00:54 ; elapsed = 00:00:57 . Memory (MB): peak = 1932.238 ; gain = 1149.621
---------------------------------------------------------------------------------
Synthesis finished with 0 errors, 0 critical warnings and 11 warnings.
Synthesis Optimization Runtime : Time (s): cpu = 00:00:44 ; elapsed = 00:00:55 . Memory (MB): peak = 1932.238 ; gain = 1107.773
Synthesis Optimization Complete : Time (s): cpu = 00:00:54 ; elapsed = 00:00:57 . Memory (MB): peak = 1932.238 ; gain = 1149.621
INFO: [Project 1-571] Translating synthesized netlist
Netlist sorting complete. Time (s): cpu = 00:00:00 ; elapsed = 00:00:00.103 . Memory (MB): peak = 1939.391 ; gain = 0.000
INFO: [Netlist 29-17] Analyzing 2766 Unisim elements for replacement
INFO: [Netlist 29-28] Unisim Transformation completed in 2 CPU seconds
INFO: [Project 1-570] Preparing netlist for logic optimization
INFO: [Opt 31-138] Pushed 0 inverter(s) to 0 load pin(s).
Netlist sorting complete. Time (s): cpu = 00:00:00 ; elapsed = 00:00:00.011 . Memory (MB): peak = 1948.125 ; gain = 0.000
INFO: [Project 1-111] Unisim Transformation Summary:
  A total of 2048 instances were transformed.
  RAM128X1D => RAM128X1D (MUXF7(x2), RAMD64E(x4)): 2048 instances

Synth Design complete | Checksum: 3e3597a5
INFO: [Common 17-83] Releasing license: Synthesis
45 Infos, 17 Warnings, 0 Critical Warnings and 0 Errors encountered.
synth_design completed successfully
synth_design: Time (s): cpu = 00:01:02 ; elapsed = 00:01:07 . Memory (MB): peak = 1948.125 ; gain = 1367.762
Write ShapeDB Complete: Time (s): cpu = 00:00:00 ; elapsed = 00:00:00.045 . Memory (MB): peak = 1948.125 ; gain = 0.000
INFO: [Common 17-1381] The checkpoint 'C:/Users/hp/Downloads/Final_Project/fpga_imple/fpga_imple.runs/synth_1/fpga_top.dcp' has been generated.
INFO: [Vivado 12-24828] Executing command : report_utilization -file fpga_top_utilization_synth.rpt -pb fpga_top_utilization_synth.pb
INFO: [Common 17-206] Exiting Vivado at Tue Jul 28 15:04:18 2026...
