Copyright 1986-2022 Xilinx, Inc. All Rights Reserved. Copyright 2022-2025 Advanced Micro Devices, Inc. All Rights Reserved.
---------------------------------------------------------------------------------------------------------------------------------------------
| Tool Version : Vivado v.2025.2 (win64) Build 6299465 Fri Nov 14 19:35:11 GMT 2025
| Date         : Wed Oct  7 10:23:36 2026
| Host         : ACE running 64-bit major release  (build 9200)
| Command      : report_timing_summary -file C:/Main_Project/Final-Project-EV/synth_impl_out/post_route_timing.rpt
| Design       : riscv_core_top
| Device       : 7a100t-csg324
| Speed File   : -1  PRODUCTION 1.23 2018-06-13
| Design State : Routed
---------------------------------------------------------------------------------------------------------------------------------------------

Timing Summary Report

------------------------------------------------------------------------------------------------
| Timer Settings
| --------------
------------------------------------------------------------------------------------------------

  Enable Multi Corner Analysis               :  Yes
  Enable Pessimism Removal                   :  Yes
  Pessimism Removal Resolution               :  Nearest Common Node
  Enable Input Delay Default Clock           :  No
  Enable Preset / Clear Arcs                 :  No
  Disable Flight Delays                      :  No
  Ignore I/O Paths                           :  No
  Timing Early Launch at Borrowing Latches   :  No
  Borrow Time for Max Delay Exceptions       :  Yes
  Merge Timing Exceptions                    :  Yes
  Inter-SLR Compensation                     :  Conservative

  Corner  Analyze    Analyze    
  Name    Max Paths  Min Paths  
  ------  ---------  ---------  
  Slow    Yes        Yes        
  Fast    Yes        Yes        


------------------------------------------------------------------------------------------------
| Report Methodology
| ------------------
------------------------------------------------------------------------------------------------

No report available as report_methodology has not been run prior. Run report_methodology on the current design for the summary of methodology violations.



check_timing report

Table of Contents
-----------------
1. checking no_clock (0)
2. checking constant_clock (0)
3. checking pulse_width_clock (0)
4. checking unconstrained_internal_endpoints (0)
5. checking no_input_delay (0)
6. checking no_output_delay (0)
7. checking multiple_clock (0)
8. checking generated_clocks (0)
9. checking loops (0)
10. checking partial_input_delay (0)
11. checking partial_output_delay (0)
12. checking latch_loops (0)

1. checking no_clock (0)
------------------------
 There are 0 register/latch pins with no clock.


2. checking constant_clock (0)
------------------------------
 There are 0 register/latch pins with constant_clock.


3. checking pulse_width_clock (0)
---------------------------------
 There are 0 register/latch pins which need pulse_width check


4. checking unconstrained_internal_endpoints (0)
------------------------------------------------
 There are 0 pins that are not constrained for maximum delay.

 There are 0 pins that are not constrained for maximum delay due to constant clock.


5. checking no_input_delay (0)
------------------------------
 There are 0 input ports with no input delay specified.

 There are 0 input ports with no input delay but user has a false path constraint.


6. checking no_output_delay (0)
-------------------------------
 There are 0 ports with no output delay specified.

 There are 0 ports with no output delay but user has a false path constraint

 There are 0 ports with no output delay but with a timing clock defined on it or propagating through it


7. checking multiple_clock (0)
------------------------------
 There are 0 register/latch pins with multiple clocks.


8. checking generated_clocks (0)
--------------------------------
 There are 0 generated clocks that are not connected to a clock source.


9. checking loops (0)
---------------------
 There are 0 combinational loops in the design.


10. checking partial_input_delay (0)
------------------------------------
 There are 0 input ports with partial input delay specified.


11. checking partial_output_delay (0)
-------------------------------------
 There are 0 ports with partial output delay specified.


12. checking latch_loops (0)
----------------------------
 There are 0 combinational latch loops in the design through latch input



------------------------------------------------------------------------------------------------
| Design Timing Summary
| ---------------------
------------------------------------------------------------------------------------------------

    WNS(ns)      TNS(ns)  TNS Failing Endpoints  TNS Total Endpoints      WHS(ns)      THS(ns)  THS Failing Endpoints  THS Total Endpoints     WPWS(ns)     TPWS(ns)  TPWS Failing Endpoints  TPWS Total Endpoints  
    -------      -------  ---------------------  -------------------      -------      -------  ---------------------  -------------------     --------     --------  ----------------------  --------------------  
     10.668        0.000                      0                 1813        0.181        0.000                      0                 1813       19.500        0.000                       0                   788  


All user specified timing constraints are met.


------------------------------------------------------------------------------------------------
| Clock Summary
| -------------
------------------------------------------------------------------------------------------------

Clock  Waveform(ns)       Period(ns)      Frequency(MHz)
-----  ------------       ----------      --------------
clk    {0.000 20.000}     40.000          25.000          


------------------------------------------------------------------------------------------------
| Intra Clock Table
| -----------------
------------------------------------------------------------------------------------------------

Clock             WNS(ns)      TNS(ns)  TNS Failing Endpoints  TNS Total Endpoints      WHS(ns)      THS(ns)  THS Failing Endpoints  THS Total Endpoints     WPWS(ns)     TPWS(ns)  TPWS Failing Endpoints  TPWS Total Endpoints  
-----             -------      -------  ---------------------  -------------------      -------      -------  ---------------------  -------------------     --------     --------  ----------------------  --------------------  
clk                10.668        0.000                      0                 1025        0.181        0.000                      0                 1025       19.500        0.000                       0                   788  


------------------------------------------------------------------------------------------------
| Inter Clock Table
| -----------------
------------------------------------------------------------------------------------------------

From Clock    To Clock          WNS(ns)      TNS(ns)  TNS Failing Endpoints  TNS Total Endpoints      WHS(ns)      THS(ns)  THS Failing Endpoints  THS Total Endpoints  
----------    --------          -------      -------  ---------------------  -------------------      -------      -------  ---------------------  -------------------  


------------------------------------------------------------------------------------------------
| Other Path Groups Table
| -----------------------
------------------------------------------------------------------------------------------------

Path Group         From Clock         To Clock               WNS(ns)      TNS(ns)  TNS Failing Endpoints  TNS Total Endpoints      WHS(ns)      THS(ns)  THS Failing Endpoints  THS Total Endpoints  
----------         ----------         --------               -------      -------  ---------------------  -------------------      -------      -------  ---------------------  -------------------  
**async_default**  clk                clk                     26.800        0.000                      0                  788        5.270        0.000                      0                  788  


------------------------------------------------------------------------------------------------
| Timing Details
| --------------
------------------------------------------------------------------------------------------------


---------------------------------------------------------------------------------------------------
From Clock:  clk
  To Clock:  clk

Setup :            0  Failing Endpoints,  Worst Slack       10.668ns,  Total Violation        0.000ns
Hold  :            0  Failing Endpoints,  Worst Slack        0.181ns,  Total Violation        0.000ns
PW    :            0  Failing Endpoints,  Worst Slack       19.500ns,  Total Violation        0.000ns
---------------------------------------------------------------------------------------------------


Max Delay Paths
--------------------------------------------------------------------------------------
Slack (MET) :             10.668ns  (required time - arrival time)
  Source:                 u_if_stage/instr_id_reg[22]/C
                            (rising edge-triggered cell FDCE clocked by clk  {rise@0.000ns fall@20.000ns period=40.000ns})
  Destination:            dmem_wdata[25]
                            (output port clocked by clk  {rise@0.000ns fall@20.000ns period=40.000ns})
  Path Group:             clk
  Path Type:              Max at Slow Process Corner
  Requirement:            40.000ns  (clk rise@40.000ns - clk rise@0.000ns)
  Data Path Delay:        23.324ns  (logic 3.272ns (14.029%)  route 20.052ns (85.971%))
  Logic Levels:           17  (LUT2=1 LUT3=2 LUT4=3 LUT5=4 LUT6=7)
  Output Delay:           5.000ns
  Clock Path Skew:        -0.973ns (DCD - SCD + CPR)
    Destination Clock Delay (DCD):    0.000ns = ( 40.000 - 40.000 ) 
    Source Clock Delay      (SCD):    0.973ns
    Clock Pessimism Removal (CPR):    0.000ns
  Clock Uncertainty:      0.035ns  ((TSJ^2 + TIJ^2)^1/2 + DJ) / 2 + PE
    Total System Jitter     (TSJ):    0.071ns
    Total Input Jitter      (TIJ):    0.000ns
    Discrete Jitter          (DJ):    0.000ns
    Phase Error              (PE):    0.000ns

    Location             Delay type                Incr(ns)  Path(ns)    Netlist Resource(s)
  -------------------------------------------------------------------    -------------------
                         (clock clk rise edge)        0.000     0.000 r  
                                                      0.000     0.000 r  clk (IN)
                         net (fo=787, unset)          0.973     0.973    u_if_stage/clk
    SLICE_X55Y112        FDCE                                         r  u_if_stage/instr_id_reg[22]/C
  -------------------------------------------------------------------    -------------------
    SLICE_X55Y112        FDCE (Prop_fdce_C_Q)         0.456     1.429 r  u_if_stage/instr_id_reg[22]/Q
                         net (fo=66, routed)          1.440     2.869    u_if_stage/Q[16]
    SLICE_X54Y106        LUT2 (Prop_lut2_I0_O)        0.148     3.017 r  u_if_stage/ecc_sec_2_INST_0_i_57/O
                         net (fo=39, routed)          2.721     5.738    u_id_ex_stage/u_regfile/ecc_sec_2_INST_0_i_8_0
    SLICE_X32Y133        LUT6 (Prop_lut6_I2_O)        0.328     6.066 r  u_id_ex_stage/u_regfile/dmem_wdata[26]_INST_0_i_18/O
                         net (fo=1, routed)           0.343     6.409    u_id_ex_stage/u_regfile/dmem_wdata[26]_INST_0_i_18_n_0
    SLICE_X33Y133        LUT5 (Prop_lut5_I4_O)        0.124     6.533 r  u_id_ex_stage/u_regfile/dmem_wdata[26]_INST_0_i_11/O
                         net (fo=3, routed)           1.885     8.417    u_id_ex_stage/u_regfile/p_1_in[32]
    SLICE_X47Y116        LUT6 (Prop_lut6_I0_O)        0.124     8.541 r  u_id_ex_stage/u_regfile/ecc_ded_2_INST_0_i_9/O
                         net (fo=1, routed)           0.732     9.273    u_id_ex_stage/u_regfile/ecc_ded_2_INST_0_i_9_n_0
    SLICE_X51Y116        LUT4 (Prop_lut4_I0_O)        0.124     9.397 f  u_id_ex_stage/u_regfile/ecc_ded_2_INST_0_i_4/O
                         net (fo=12, routed)          0.841    10.238    u_id_ex_stage/u_regfile/ded2
    SLICE_X50Y115        LUT3 (Prop_lut3_I2_O)        0.152    10.390 r  u_id_ex_stage/u_regfile/dmem_wdata[30]_INST_0_i_10/O
                         net (fo=5, routed)           0.988    11.378    u_id_ex_stage/u_regfile/dmem_wdata[30]_INST_0_i_10_n_0
    SLICE_X53Y114        LUT6 (Prop_lut6_I0_O)        0.348    11.726 r  u_id_ex_stage/u_regfile/dmem_wdata[9]_INST_0_i_2/O
                         net (fo=2, routed)           0.703    12.428    u_id_ex_stage/u_regfile/h__0[4]
    SLICE_X53Y106        LUT6 (Prop_lut6_I2_O)        0.124    12.552 r  u_id_ex_stage/u_regfile/dmem_addr[1]_INST_0_i_19/O
                         net (fo=174, routed)         1.871    14.424    u_id_ex_stage/u_regfile/alu_in_b[1]
    SLICE_X39Y88         LUT4 (Prop_lut4_I2_O)        0.124    14.548 r  u_id_ex_stage/u_regfile/dmem_addr[14]_INST_0_i_33/O
                         net (fo=4, routed)           1.117    15.665    u_id_ex_stage/u_regfile/dmem_addr[14]_INST_0_i_33_n_0
    SLICE_X35Y87         LUT6 (Prop_lut6_I0_O)        0.124    15.789 r  u_id_ex_stage/u_regfile/dmem_addr[5]_INST_0_i_24/O
                         net (fo=4, routed)           0.993    16.782    u_id_ex_stage/u_regfile/dmem_addr[5]_INST_0_i_24_n_0
    SLICE_X28Y89         LUT5 (Prop_lut5_I4_O)        0.124    16.906 r  u_id_ex_stage/u_regfile/dmem_addr[1]_INST_0_i_28/O
                         net (fo=1, routed)           0.431    17.337    u_id_ex_stage/u_regfile/dmem_addr[1]_INST_0_i_28_n_0
    SLICE_X29Y87         LUT5 (Prop_lut5_I0_O)        0.124    17.461 r  u_id_ex_stage/u_regfile/dmem_addr[1]_INST_0_i_17/O
                         net (fo=1, routed)           0.433    17.894    u_id_ex_stage/u_regfile/dmem_addr[1]_INST_0_i_17_n_0
    SLICE_X29Y87         LUT5 (Prop_lut5_I2_O)        0.124    18.018 r  u_id_ex_stage/u_regfile/dmem_addr[1]_INST_0_i_6/O
                         net (fo=2, routed)           0.903    18.921    u_id_ex_stage/u_regfile/dmem_addr[1]_INST_0_i_6_n_0
    SLICE_X42Y90         LUT6 (Prop_lut6_I3_O)        0.124    19.045 r  u_id_ex_stage/u_regfile/dmem_addr[1]_INST_0_i_1/O
                         net (fo=3, routed)           1.040    20.086    u_id_ex_stage/u_regfile/alu_result_2_fi[1]
    SLICE_X41Y96         LUT4 (Prop_lut4_I0_O)        0.124    20.210 r  u_id_ex_stage/u_regfile/dmem_addr[1]_INST_0/O
                         net (fo=33, routed)          1.625    21.834    u_id_ex_stage/u_regfile/tmr_mode_pin_0
    SLICE_X54Y109        LUT3 (Prop_lut3_I1_O)        0.148    21.982 r  u_id_ex_stage/u_regfile/dmem_wdata[25]_INST_0_i_2/O
                         net (fo=2, routed)           1.013    22.996    u_id_ex_stage/u_regfile/dmem_wdata[25]_INST_0_i_2_n_0
    SLICE_X54Y110        LUT6 (Prop_lut6_I2_O)        0.328    23.324 r  u_id_ex_stage/u_regfile/dmem_wdata[25]_INST_0/O
                         net (fo=0)                   0.973    24.297    dmem_wdata[25]
                                                                      r  dmem_wdata[25] (OUT)
  -------------------------------------------------------------------    -------------------

                         (clock clk rise edge)       40.000    40.000 r  
                         clock pessimism              0.000    40.000    
                         clock uncertainty           -0.035    39.965    
                         output delay                -5.000    34.965    
  -------------------------------------------------------------------
                         required time                         34.965    
                         arrival time                         -24.297    
  -------------------------------------------------------------------
                         slack                                 10.668    





Min Delay Paths
--------------------------------------------------------------------------------------
Slack (MET) :             0.181ns  (arrival time - required time)
  Source:                 u_if_stage/pc_reg_reg[4]/C
                            (rising edge-triggered cell FDCE clocked by clk  {rise@0.000ns fall@20.000ns period=40.000ns})
  Destination:            u_if_stage/pc_id_reg[4]/D
                            (rising edge-triggered cell FDCE clocked by clk  {rise@0.000ns fall@20.000ns period=40.000ns})
  Path Group:             clk
  Path Type:              Hold (Min at Fast Process Corner)
  Requirement:            0.000ns  (clk rise@0.000ns - clk rise@0.000ns)
  Data Path Delay:        0.309ns  (logic 0.215ns (69.526%)  route 0.094ns (30.474%))
  Logic Levels:           1  (LUT2=1)
  Clock Path Skew:        0.022ns (DCD - SCD - CPR)
    Destination Clock Delay (DCD):    0.432ns
    Source Clock Delay      (SCD):    0.410ns
    Clock Pessimism Removal (CPR):    -0.000ns

    Location             Delay type                Incr(ns)  Path(ns)    Netlist Resource(s)
  -------------------------------------------------------------------    -------------------
                         (clock clk rise edge)        0.000     0.000 r  
                                                      0.000     0.000 r  clk (IN)
                         net (fo=787, unset)          0.410     0.410    u_if_stage/clk
    SLICE_X50Y104        FDCE                                         r  u_if_stage/pc_reg_reg[4]/C
  -------------------------------------------------------------------    -------------------
    SLICE_X50Y104        FDCE (Prop_fdce_C_Q)         0.164     0.574 r  u_if_stage/pc_reg_reg[4]/Q
                         net (fo=2, routed)           0.094     0.668    u_if_stage/pc_debug[4]
    SLICE_X51Y104        LUT2 (Prop_lut2_I0_O)        0.051     0.719 r  u_if_stage/pc_id[4]_i_1/O
                         net (fo=1, routed)           0.000     0.719    u_if_stage/p_0_in[4]
    SLICE_X51Y104        FDCE                                         r  u_if_stage/pc_id_reg[4]/D
  -------------------------------------------------------------------    -------------------

                         (clock clk rise edge)        0.000     0.000 r  
                                                      0.000     0.000 r  clk (IN)
                         net (fo=787, unset)          0.432     0.432    u_if_stage/clk
    SLICE_X51Y104        FDCE                                         r  u_if_stage/pc_id_reg[4]/C
                         clock pessimism              0.000     0.432    
    SLICE_X51Y104        FDCE (Hold_fdce_C_D)         0.107     0.539    u_if_stage/pc_id_reg[4]
  -------------------------------------------------------------------
                         required time                         -0.539    
                         arrival time                           0.719    
  -------------------------------------------------------------------
                         slack                                  0.181    





Pulse Width Checks
--------------------------------------------------------------------------------------
Clock Name:         clk
Waveform(ns):       { 0.000 20.000 }
Period(ns):         40.000
Sources:            { clk }

Check Type        Corner  Lib Pin  Reference Pin  Required(ns)  Actual(ns)  Slack(ns)  Location       Pin
Min Period        n/a     FDCE/C   n/a            1.000         40.000      39.000     SLICE_X47Y102  sw_tmr_mode_reg_reg/C
Low Pulse Width   Slow    FDCE/C   n/a            0.500         20.000      19.500     SLICE_X47Y102  sw_tmr_mode_reg_reg/C
High Pulse Width  Slow    FDCE/C   n/a            0.500         20.000      19.500     SLICE_X47Y102  sw_tmr_mode_reg_reg/C



---------------------------------------------------------------------------------------------------
Path Group:  **async_default**
From Clock:  clk
  To Clock:  clk

Setup :            0  Failing Endpoints,  Worst Slack       26.800ns,  Total Violation        0.000ns
Hold  :            0  Failing Endpoints,  Worst Slack        5.270ns,  Total Violation        0.000ns
---------------------------------------------------------------------------------------------------


Max Delay Paths
--------------------------------------------------------------------------------------
Slack (MET) :             26.800ns  (required time - arrival time)
  Source:                 rst_n
                            (input port clocked by clk  {rise@0.000ns fall@20.000ns period=40.000ns})
  Destination:            u_if_stage/pc_id_reg[22]/CLR
                            (recovery check against rising-edge clock clk  {rise@0.000ns fall@20.000ns period=40.000ns})
  Path Group:             **async_default**
  Path Type:              Recovery (Max at Slow Process Corner)
  Requirement:            40.000ns  (clk rise@40.000ns - clk rise@0.000ns)
  Data Path Delay:        8.728ns  (logic 0.124ns (1.421%)  route 8.604ns (98.579%))
  Logic Levels:           1  (LUT1=1)
  Input Delay:            5.000ns
  Clock Path Skew:        0.924ns (DCD - SCD + CPR)
    Destination Clock Delay (DCD):    0.924ns = ( 40.924 - 40.000 ) 
    Source Clock Delay      (SCD):    0.000ns
    Clock Pessimism Removal (CPR):    0.000ns
  Clock Uncertainty:      0.035ns  ((TSJ^2 + TIJ^2)^1/2 + DJ) / 2 + PE
    Total System Jitter     (TSJ):    0.071ns
    Total Input Jitter      (TIJ):    0.000ns
    Discrete Jitter          (DJ):    0.000ns
    Phase Error              (PE):    0.000ns

    Location             Delay type                Incr(ns)  Path(ns)    Netlist Resource(s)
  -------------------------------------------------------------------    -------------------
                         (clock clk rise edge)        0.000     0.000 r  
                         input delay                  5.000     5.000    
                                                      0.000     5.000 r  rst_n (IN)
                         net (fo=0)                   0.973     5.973    u_id_ex_stage/u_regfile/rst_n
    SLICE_X36Y134        LUT1 (Prop_lut1_I0_O)        0.124     6.097 f  u_id_ex_stage/u_regfile/pc_reg[31]_i_3/O
                         net (fo=788, routed)         7.631    13.728    u_if_stage/AR[0]
    SLICE_X46Y109        FDCE                                         f  u_if_stage/pc_id_reg[22]/CLR
  -------------------------------------------------------------------    -------------------

                         (clock clk rise edge)       40.000    40.000 r  
                                                      0.000    40.000 r  clk (IN)
                         net (fo=787, unset)          0.924    40.924    u_if_stage/clk
    SLICE_X46Y109        FDCE                                         r  u_if_stage/pc_id_reg[22]/C
                         clock pessimism              0.000    40.924    
                         clock uncertainty           -0.035    40.889    
    SLICE_X46Y109        FDCE (Recov_fdce_C_CLR)     -0.361    40.528    u_if_stage/pc_id_reg[22]
  -------------------------------------------------------------------
                         required time                         40.528    
                         arrival time                         -13.728    
  -------------------------------------------------------------------
                         slack                                 26.800    





Min Delay Paths
--------------------------------------------------------------------------------------
Slack (MET) :             5.270ns  (arrival time - required time)
  Source:                 rst_n
                            (input port clocked by clk  {rise@0.000ns fall@20.000ns period=40.000ns})
  Destination:            u_id_ex_stage/u_regfile/rf_reg[12][33]/CLR
                            (removal check against rising-edge clock clk  {rise@0.000ns fall@20.000ns period=40.000ns})
  Path Group:             **async_default**
  Path Type:              Removal (Min at Fast Process Corner)
  Requirement:            0.000ns  (clk rise@0.000ns - clk rise@0.000ns)
  Data Path Delay:        0.645ns  (logic 0.045ns (6.981%)  route 0.600ns (93.019%))
  Logic Levels:           1  (LUT1=1)
  Input Delay:            5.000ns
  Clock Path Skew:        0.432ns (DCD - SCD - CPR)
    Destination Clock Delay (DCD):    0.432ns
    Source Clock Delay      (SCD):    0.000ns
    Clock Pessimism Removal (CPR):    -0.000ns
  Clock Uncertainty:      0.035ns  ((TSJ^2 + TIJ^2)^1/2 + DJ) / 2 + PE
    Total System Jitter     (TSJ):    0.071ns
    Total Input Jitter      (TIJ):    0.000ns
    Discrete Jitter          (DJ):    0.000ns
    Phase Error              (PE):    0.000ns

    Location             Delay type                Incr(ns)  Path(ns)    Netlist Resource(s)
  -------------------------------------------------------------------    -------------------
                         (clock clk rise edge)        0.000     0.000 r  
                         input delay                  5.000     5.000    
                                                      0.000     5.000 r  rst_n (IN)
                         net (fo=0)                   0.410     5.410    u_id_ex_stage/u_regfile/rst_n
    SLICE_X36Y134        LUT1 (Prop_lut1_I0_O)        0.045     5.455 f  u_id_ex_stage/u_regfile/pc_reg[31]_i_3/O
                         net (fo=788, routed)         0.189     5.645    u_id_ex_stage/u_regfile/rst_n_0
    SLICE_X36Y134        FDCE                                         f  u_id_ex_stage/u_regfile/rf_reg[12][33]/CLR
  -------------------------------------------------------------------    -------------------

                         (clock clk rise edge)        0.000     0.000 r  
                                                      0.000     0.000 r  clk (IN)
                         net (fo=787, unset)          0.432     0.432    u_id_ex_stage/u_regfile/clk
    SLICE_X36Y134        FDCE                                         r  u_id_ex_stage/u_regfile/rf_reg[12][33]/C
                         clock pessimism              0.000     0.432    
                         clock uncertainty            0.035     0.467    
    SLICE_X36Y134        FDCE (Remov_fdce_C_CLR)     -0.092     0.375    u_id_ex_stage/u_regfile/rf_reg[12][33]
  -------------------------------------------------------------------
                         required time                         -0.375    
                         arrival time                           5.645    
  -------------------------------------------------------------------
                         slack                                  5.270    





