Copyright 1986-2022 Xilinx, Inc. All Rights Reserved. Copyright 2022-2026 Advanced Micro Devices, Inc. All Rights Reserved.
------------------------------------------------------------------------------------------------------------------------------------------------------------------------------------------------------------------------------------
| Tool Version : Vivado v.2025.2.1 (win64) Build 6403652 Thu Mar 19 19:48:24 GMT 2026
| Date         : Tue Jul 28 15:07:00 2026
| Host         : Adithyan running 64-bit major release  (build 9200)
| Command      : report_timing_summary -max_paths 10 -routable_nets -report_unconstrained -file fpga_top_timing_summary_routed.rpt -pb fpga_top_timing_summary_routed.pb -rpx fpga_top_timing_summary_routed.rpx -warn_on_violation
| Design       : fpga_top
| Device       : 7a100t-csg324
| Speed File   : -3  PRODUCTION 1.23 2018-06-13
| Design State : Routed
------------------------------------------------------------------------------------------------------------------------------------------------------------------------------------------------------------------------------------

Timing Summary Report

------------------------------------------------------------------------------------------------
| Timer Settings
| --------------
------------------------------------------------------------------------------------------------

  Enable Multi Corner Analysis               :  Yes
  Enable Pessimism Removal                   :  Yes
  Pessimism Removal Resolution               :  Nearest Common Node
  Enable Input Delay Default Clock           :  No
  Enable Preset / Clear Arcs                 :  No
  Disable Flight Delays                      :  No
  Ignore I/O Paths                           :  No
  Timing Early Launch at Borrowing Latches   :  No
  Borrow Time for Max Delay Exceptions       :  Yes
  Merge Timing Exceptions                    :  Yes
  Inter-SLR Compensation                     :  Conservative

  Corner  Analyze    Analyze    
  Name    Max Paths  Min Paths  
  ------  ---------  ---------  
  Slow    Yes        Yes        
  Fast    Yes        Yes        


------------------------------------------------------------------------------------------------
| Report Methodology
| ------------------
------------------------------------------------------------------------------------------------

Rule       Severity          Description                                                Violations  
---------  ----------------  ---------------------------------------------------------  ----------  
TIMING-17  Critical Warning  Non-clocked sequential cell                                1000        
SYNTH-5    Warning           Mapped onto distributed RAM because of timing constraints  2048        

Note: This report is based on the most recent report_methodology run and may not be up-to-date. Run report_methodology on the current design for the latest report.



check_timing report

Table of Contents
-----------------
1. checking no_clock (8908)
2. checking constant_clock (0)
3. checking pulse_width_clock (0)
4. checking unconstrained_internal_endpoints (75767)
5. checking no_input_delay (1)
6. checking no_output_delay (16)
7. checking multiple_clock (0)
8. checking generated_clocks (0)
9. checking loops (0)
10. checking partial_input_delay (0)
11. checking partial_output_delay (0)
12. checking latch_loops (0)

1. checking no_clock (8908)
---------------------------
 There are 8908 register/latch pins with no clock driven by root clock pin: clk_div_cnt_reg[1]/Q (HIGH)


2. checking constant_clock (0)
------------------------------
 There are 0 register/latch pins with constant_clock.


3. checking pulse_width_clock (0)
---------------------------------
 There are 0 register/latch pins which need pulse_width check


4. checking unconstrained_internal_endpoints (75767)
----------------------------------------------------
 There are 75767 pins that are not constrained for maximum delay. (HIGH)

 There are 0 pins that are not constrained for maximum delay due to constant clock.


5. checking no_input_delay (1)
------------------------------
 There is 1 input port with no input delay specified. (HIGH)

 There are 0 input ports with no input delay but user has a false path constraint.


6. checking no_output_delay (16)
--------------------------------
 There are 16 ports with no output delay specified. (HIGH)

 There are 0 ports with no output delay but user has a false path constraint

 There are 0 ports with no output delay but with a timing clock defined on it or propagating through it


7. checking multiple_clock (0)
------------------------------
 There are 0 register/latch pins with multiple clocks.


8. checking generated_clocks (0)
--------------------------------
 There are 0 generated clocks that are not connected to a clock source.


9. checking loops (0)
---------------------
 There are 0 combinational loops in the design.


10. checking partial_input_delay (0)
------------------------------------
 There are 0 input ports with partial input delay specified.


11. checking partial_output_delay (0)
-------------------------------------
 There are 0 ports with partial output delay specified.


12. checking latch_loops (0)
----------------------------
 There are 0 combinational latch loops in the design through latch input



------------------------------------------------------------------------------------------------
| Design Timing Summary
| ---------------------
------------------------------------------------------------------------------------------------

    WNS(ns)      TNS(ns)  TNS Failing Endpoints  TNS Total Endpoints      WHS(ns)      THS(ns)  THS Failing Endpoints  THS Total Endpoints     WPWS(ns)     TPWS(ns)  TPWS Failing Endpoints  TPWS Total Endpoints  
    -------      -------  ---------------------  -------------------      -------      -------  ---------------------  -------------------     --------     --------  ----------------------  --------------------  
      8.852        0.000                      0                    2        0.236        0.000                      0                    2        4.500        0.000                       0                     3  


All user specified timing constraints are met.


------------------------------------------------------------------------------------------------
| Clock Summary
| -------------
------------------------------------------------------------------------------------------------

Clock        Waveform(ns)       Period(ns)      Frequency(MHz)
-----        ------------       ----------      --------------
sys_clk_pin  {0.000 5.000}      10.000          100.000         


------------------------------------------------------------------------------------------------
| Intra Clock Table
| -----------------
------------------------------------------------------------------------------------------------

Clock             WNS(ns)      TNS(ns)  TNS Failing Endpoints  TNS Total Endpoints      WHS(ns)      THS(ns)  THS Failing Endpoints  THS Total Endpoints     WPWS(ns)     TPWS(ns)  TPWS Failing Endpoints  TPWS Total Endpoints  
-----             -------      -------  ---------------------  -------------------      -------      -------  ---------------------  -------------------     --------     --------  ----------------------  --------------------  
sys_clk_pin         8.852        0.000                      0                    2        0.236        0.000                      0                    2        4.500        0.000                       0                     3  


------------------------------------------------------------------------------------------------
| Inter Clock Table
| -----------------
------------------------------------------------------------------------------------------------

From Clock    To Clock          WNS(ns)      TNS(ns)  TNS Failing Endpoints  TNS Total Endpoints      WHS(ns)      THS(ns)  THS Failing Endpoints  THS Total Endpoints  
----------    --------          -------      -------  ---------------------  -------------------      -------      -------  ---------------------  -------------------  


------------------------------------------------------------------------------------------------
| Other Path Groups Table
| -----------------------
------------------------------------------------------------------------------------------------

Path Group    From Clock    To Clock          WNS(ns)      TNS(ns)  TNS Failing Endpoints  TNS Total Endpoints      WHS(ns)      THS(ns)  THS Failing Endpoints  THS Total Endpoints  
----------    ----------    --------          -------      -------  ---------------------  -------------------      -------      -------  ---------------------  -------------------  


------------------------------------------------------------------------------------------------
| User Ignored Path Table
| -----------------------
------------------------------------------------------------------------------------------------

Path Group    From Clock    To Clock    
----------    ----------    --------    


------------------------------------------------------------------------------------------------
| Unconstrained Path Table
| ------------------------
------------------------------------------------------------------------------------------------

Path Group    From Clock    To Clock    
----------    ----------    --------    
(none)                                    


------------------------------------------------------------------------------------------------
| Timing Details
| --------------
------------------------------------------------------------------------------------------------


---------------------------------------------------------------------------------------------------
From Clock:  sys_clk_pin
  To Clock:  sys_clk_pin

Setup :            0  Failing Endpoints,  Worst Slack        8.852ns,  Total Violation        0.000ns
Hold  :            0  Failing Endpoints,  Worst Slack        0.236ns,  Total Violation        0.000ns
PW    :            0  Failing Endpoints,  Worst Slack        4.500ns,  Total Violation        0.000ns
---------------------------------------------------------------------------------------------------


Max Delay Paths
--------------------------------------------------------------------------------------
Slack (MET) :             8.852ns  (required time - arrival time)
  Source:                 clk_div_cnt_reg[1]/C
                            (rising edge-triggered cell FDRE clocked by sys_clk_pin  {rise@0.000ns fall@5.000ns period=10.000ns})
  Destination:            clk_div_cnt_reg[1]/D
                            (rising edge-triggered cell FDRE clocked by sys_clk_pin  {rise@0.000ns fall@5.000ns period=10.000ns})
  Path Group:             sys_clk_pin
  Path Type:              Setup (Max at Slow Process Corner)
  Requirement:            10.000ns  (sys_clk_pin rise@10.000ns - sys_clk_pin rise@0.000ns)
  Data Path Delay:        1.177ns  (logic 0.544ns (46.220%)  route 0.633ns (53.780%))
  Logic Levels:           1  (LUT2=1)
  Clock Path Skew:        0.000ns (DCD - SCD + CPR)
    Destination Clock Delay (DCD):    3.916ns = ( 13.916 - 10.000 ) 
    Source Clock Delay      (SCD):    4.174ns
    Clock Pessimism Removal (CPR):    0.258ns
  Clock Uncertainty:      0.035ns  ((TSJ^2 + TIJ^2)^1/2 + DJ) / 2 + PE
    Total System Jitter     (TSJ):    0.071ns
    Total Input Jitter      (TIJ):    0.000ns
    Discrete Jitter          (DJ):    0.000ns
    Phase Error              (PE):    0.000ns

    Location             Delay type                Incr(ns)  Path(ns)    Netlist Resource(s)
  -------------------------------------------------------------------    -------------------
                         (clock sys_clk_pin rise edge)
                                                      0.000     0.000 r  
    E3                                                0.000     0.000 r  CLK100MHZ (IN)
                         net (fo=0)                   0.000     0.000    CLK100MHZ
    E3                   IBUF (Prop_ibuf_I_O)         1.330     1.330 r  CLK100MHZ_IBUF_inst/O
                         net (fo=1, routed)           1.525     2.855    CLK100MHZ_IBUF
    BUFGCTRL_X0Y16       BUFG (Prop_bufg_I_O)         0.076     2.931 r  CLK100MHZ_IBUF_BUFG_inst/O
                         net (fo=2, routed)           1.242     4.174    CLK100MHZ_IBUF_BUFG
    SLICE_X52Y96         FDRE                                         r  clk_div_cnt_reg[1]/C
  -------------------------------------------------------------------    -------------------
    SLICE_X52Y96         FDRE (Prop_fdre_C_Q)         0.313     4.487 r  clk_div_cnt_reg[1]/Q
                         net (fo=2, routed)           0.633     5.119    clk_25m_raw
    SLICE_X52Y96         LUT2 (Prop_lut2_I1_O)        0.231     5.350 r  clk_div_cnt[1]_i_1/O
                         net (fo=1, routed)           0.000     5.350    clk_div_cnt[1]_i_1_n_0
    SLICE_X52Y96         FDRE                                         r  clk_div_cnt_reg[1]/D
  -------------------------------------------------------------------    -------------------

                         (clock sys_clk_pin rise edge)
                                                     10.000    10.000 r  
    E3                                                0.000    10.000 r  CLK100MHZ (IN)
                         net (fo=0)                   0.000    10.000    CLK100MHZ
    E3                   IBUF (Prop_ibuf_I_O)         1.263    11.263 r  CLK100MHZ_IBUF_inst/O
                         net (fo=1, routed)           1.443    12.706    CLK100MHZ_IBUF
    BUFGCTRL_X0Y16       BUFG (Prop_bufg_I_O)         0.072    12.778 r  CLK100MHZ_IBUF_BUFG_inst/O
                         net (fo=2, routed)           1.138    13.916    CLK100MHZ_IBUF_BUFG
    SLICE_X52Y96         FDRE                                         r  clk_div_cnt_reg[1]/C
                         clock pessimism              0.258    14.174    
                         clock uncertainty           -0.035    14.138    
    SLICE_X52Y96         FDRE (Setup_fdre_C_D)        0.064    14.202    clk_div_cnt_reg[1]
  -------------------------------------------------------------------
                         required time                         14.202    
                         arrival time                          -5.350    
  -------------------------------------------------------------------
                         slack                                  8.852    

Slack (MET) :             9.206ns  (required time - arrival time)
  Source:                 clk_div_cnt_reg[0]/C
                            (rising edge-triggered cell FDRE clocked by sys_clk_pin  {rise@0.000ns fall@5.000ns period=10.000ns})
  Destination:            clk_div_cnt_reg[0]/D
                            (rising edge-triggered cell FDRE clocked by sys_clk_pin  {rise@0.000ns fall@5.000ns period=10.000ns})
  Path Group:             sys_clk_pin
  Path Type:              Setup (Max at Slow Process Corner)
  Requirement:            10.000ns  (sys_clk_pin rise@10.000ns - sys_clk_pin rise@0.000ns)
  Data Path Delay:        0.789ns  (logic 0.438ns (55.509%)  route 0.351ns (44.491%))
  Logic Levels:           1  (LUT1=1)
  Clock Path Skew:        0.000ns (DCD - SCD + CPR)
    Destination Clock Delay (DCD):    3.916ns = ( 13.916 - 10.000 ) 
    Source Clock Delay      (SCD):    4.174ns
    Clock Pessimism Removal (CPR):    0.258ns
  Clock Uncertainty:      0.035ns  ((TSJ^2 + TIJ^2)^1/2 + DJ) / 2 + PE
    Total System Jitter     (TSJ):    0.071ns
    Total Input Jitter      (TIJ):    0.000ns
    Discrete Jitter          (DJ):    0.000ns
    Phase Error              (PE):    0.000ns

    Location             Delay type                Incr(ns)  Path(ns)    Netlist Resource(s)
  -------------------------------------------------------------------    -------------------
                         (clock sys_clk_pin rise edge)
                                                      0.000     0.000 r  
    E3                                                0.000     0.000 r  CLK100MHZ (IN)
                         net (fo=0)                   0.000     0.000    CLK100MHZ
    E3                   IBUF (Prop_ibuf_I_O)         1.330     1.330 r  CLK100MHZ_IBUF_inst/O
                         net (fo=1, routed)           1.525     2.855    CLK100MHZ_IBUF
    BUFGCTRL_X0Y16       BUFG (Prop_bufg_I_O)         0.076     2.931 r  CLK100MHZ_IBUF_BUFG_inst/O
                         net (fo=2, routed)           1.242     4.174    CLK100MHZ_IBUF_BUFG
    SLICE_X52Y96         FDRE                                         r  clk_div_cnt_reg[0]/C
  -------------------------------------------------------------------    -------------------
    SLICE_X52Y96         FDRE (Prop_fdre_C_Q)         0.341     4.515 f  clk_div_cnt_reg[0]/Q
                         net (fo=2, routed)           0.351     4.866    clk_div_cnt_reg_n_0_[0]
    SLICE_X52Y96         LUT1 (Prop_lut1_I0_O)        0.097     4.963 r  clk_div_cnt[0]_i_1/O
                         net (fo=1, routed)           0.000     4.963    clk_div_cnt[0]_i_1_n_0
    SLICE_X52Y96         FDRE                                         r  clk_div_cnt_reg[0]/D
  -------------------------------------------------------------------    -------------------

                         (clock sys_clk_pin rise edge)
                                                     10.000    10.000 r  
    E3                                                0.000    10.000 r  CLK100MHZ (IN)
                         net (fo=0)                   0.000    10.000    CLK100MHZ
    E3                   IBUF (Prop_ibuf_I_O)         1.263    11.263 r  CLK100MHZ_IBUF_inst/O
                         net (fo=1, routed)           1.443    12.706    CLK100MHZ_IBUF
    BUFGCTRL_X0Y16       BUFG (Prop_bufg_I_O)         0.072    12.778 r  CLK100MHZ_IBUF_BUFG_inst/O
                         net (fo=2, routed)           1.138    13.916    CLK100MHZ_IBUF_BUFG
    SLICE_X52Y96         FDRE                                         r  clk_div_cnt_reg[0]/C
                         clock pessimism              0.258    14.174    
                         clock uncertainty           -0.035    14.138    
    SLICE_X52Y96         FDRE (Setup_fdre_C_D)        0.030    14.168    clk_div_cnt_reg[0]
  -------------------------------------------------------------------
                         required time                         14.168    
                         arrival time                          -4.963    
  -------------------------------------------------------------------
                         slack                                  9.206    





Min Delay Paths
--------------------------------------------------------------------------------------
Slack (MET) :             0.236ns  (arrival time - required time)
  Source:                 clk_div_cnt_reg[0]/C
                            (rising edge-triggered cell FDRE clocked by sys_clk_pin  {rise@0.000ns fall@5.000ns period=10.000ns})
  Destination:            clk_div_cnt_reg[1]/D
                            (rising edge-triggered cell FDRE clocked by sys_clk_pin  {rise@0.000ns fall@5.000ns period=10.000ns})
  Path Group:             sys_clk_pin
  Path Type:              Hold (Min at Fast Process Corner)
  Requirement:            0.000ns  (sys_clk_pin rise@0.000ns - sys_clk_pin rise@0.000ns)
  Data Path Delay:        0.343ns  (logic 0.183ns (53.344%)  route 0.160ns (46.656%))
  Logic Levels:           1  (LUT2=1)
  Clock Path Skew:        0.000ns (DCD - SCD - CPR)
    Destination Clock Delay (DCD):    1.999ns
    Source Clock Delay      (SCD):    1.483ns
    Clock Pessimism Removal (CPR):    0.515ns

    Location             Delay type                Incr(ns)  Path(ns)    Netlist Resource(s)
  -------------------------------------------------------------------    -------------------
                         (clock sys_clk_pin rise edge)
                                                      0.000     0.000 r  
    E3                                                0.000     0.000 r  CLK100MHZ (IN)
                         net (fo=0)                   0.000     0.000    CLK100MHZ
    E3                   IBUF (Prop_ibuf_I_O)         0.250     0.250 r  CLK100MHZ_IBUF_inst/O
                         net (fo=1, routed)           0.644     0.894    CLK100MHZ_IBUF
    BUFGCTRL_X0Y16       BUFG (Prop_bufg_I_O)         0.026     0.920 r  CLK100MHZ_IBUF_BUFG_inst/O
                         net (fo=2, routed)           0.564     1.483    CLK100MHZ_IBUF_BUFG
    SLICE_X52Y96         FDRE                                         r  clk_div_cnt_reg[0]/C
  -------------------------------------------------------------------    -------------------
    SLICE_X52Y96         FDRE (Prop_fdre_C_Q)         0.141     1.624 r  clk_div_cnt_reg[0]/Q
                         net (fo=2, routed)           0.160     1.784    clk_div_cnt_reg_n_0_[0]
    SLICE_X52Y96         LUT2 (Prop_lut2_I0_O)        0.042     1.826 r  clk_div_cnt[1]_i_1/O
                         net (fo=1, routed)           0.000     1.826    clk_div_cnt[1]_i_1_n_0
    SLICE_X52Y96         FDRE                                         r  clk_div_cnt_reg[1]/D
  -------------------------------------------------------------------    -------------------

                         (clock sys_clk_pin rise edge)
                                                      0.000     0.000 r  
    E3                                                0.000     0.000 r  CLK100MHZ (IN)
                         net (fo=0)                   0.000     0.000    CLK100MHZ
    E3                   IBUF (Prop_ibuf_I_O)         0.438     0.438 r  CLK100MHZ_IBUF_inst/O
                         net (fo=1, routed)           0.699     1.136    CLK100MHZ_IBUF
    BUFGCTRL_X0Y16       BUFG (Prop_bufg_I_O)         0.029     1.165 r  CLK100MHZ_IBUF_BUFG_inst/O
                         net (fo=2, routed)           0.834     1.999    CLK100MHZ_IBUF_BUFG
    SLICE_X52Y96         FDRE                                         r  clk_div_cnt_reg[1]/C
                         clock pessimism             -0.515     1.483    
    SLICE_X52Y96         FDRE (Hold_fdre_C_D)         0.107     1.590    clk_div_cnt_reg[1]
  -------------------------------------------------------------------
                         required time                         -1.590    
                         arrival time                           1.826    
  -------------------------------------------------------------------
                         slack                                  0.236    

Slack (MET) :             0.255ns  (arrival time - required time)
  Source:                 clk_div_cnt_reg[0]/C
                            (rising edge-triggered cell FDRE clocked by sys_clk_pin  {rise@0.000ns fall@5.000ns period=10.000ns})
  Destination:            clk_div_cnt_reg[0]/D
                            (rising edge-triggered cell FDRE clocked by sys_clk_pin  {rise@0.000ns fall@5.000ns period=10.000ns})
  Path Group:             sys_clk_pin
  Path Type:              Hold (Min at Fast Process Corner)
  Requirement:            0.000ns  (sys_clk_pin rise@0.000ns - sys_clk_pin rise@0.000ns)
  Data Path Delay:        0.346ns  (logic 0.186ns (53.749%)  route 0.160ns (46.251%))
  Logic Levels:           1  (LUT1=1)
  Clock Path Skew:        0.000ns (DCD - SCD - CPR)
    Destination Clock Delay (DCD):    1.999ns
    Source Clock Delay      (SCD):    1.483ns
    Clock Pessimism Removal (CPR):    0.515ns

    Location             Delay type                Incr(ns)  Path(ns)    Netlist Resource(s)
  -------------------------------------------------------------------    -------------------
                         (clock sys_clk_pin rise edge)
                                                      0.000     0.000 r  
    E3                                                0.000     0.000 r  CLK100MHZ (IN)
                         net (fo=0)                   0.000     0.000    CLK100MHZ
    E3                   IBUF (Prop_ibuf_I_O)         0.250     0.250 r  CLK100MHZ_IBUF_inst/O
                         net (fo=1, routed)           0.644     0.894    CLK100MHZ_IBUF
    BUFGCTRL_X0Y16       BUFG (Prop_bufg_I_O)         0.026     0.920 r  CLK100MHZ_IBUF_BUFG_inst/O
                         net (fo=2, routed)           0.564     1.483    CLK100MHZ_IBUF_BUFG
    SLICE_X52Y96         FDRE                                         r  clk_div_cnt_reg[0]/C
  -------------------------------------------------------------------    -------------------
    SLICE_X52Y96         FDRE (Prop_fdre_C_Q)         0.141     1.624 f  clk_div_cnt_reg[0]/Q
                         net (fo=2, routed)           0.160     1.784    clk_div_cnt_reg_n_0_[0]
    SLICE_X52Y96         LUT1 (Prop_lut1_I0_O)        0.045     1.829 r  clk_div_cnt[0]_i_1/O
                         net (fo=1, routed)           0.000     1.829    clk_div_cnt[0]_i_1_n_0
    SLICE_X52Y96         FDRE                                         r  clk_div_cnt_reg[0]/D
  -------------------------------------------------------------------    -------------------

                         (clock sys_clk_pin rise edge)
                                                      0.000     0.000 r  
    E3                                                0.000     0.000 r  CLK100MHZ (IN)
                         net (fo=0)                   0.000     0.000    CLK100MHZ
    E3                   IBUF (Prop_ibuf_I_O)         0.438     0.438 r  CLK100MHZ_IBUF_inst/O
                         net (fo=1, routed)           0.699     1.136    CLK100MHZ_IBUF
    BUFGCTRL_X0Y16       BUFG (Prop_bufg_I_O)         0.029     1.165 r  CLK100MHZ_IBUF_BUFG_inst/O
                         net (fo=2, routed)           0.834     1.999    CLK100MHZ_IBUF_BUFG
    SLICE_X52Y96         FDRE                                         r  clk_div_cnt_reg[0]/C
                         clock pessimism             -0.515     1.483    
    SLICE_X52Y96         FDRE (Hold_fdre_C_D)         0.091     1.574    clk_div_cnt_reg[0]
  -------------------------------------------------------------------
                         required time                         -1.574    
                         arrival time                           1.829    
  -------------------------------------------------------------------
                         slack                                  0.255    





Pulse Width Checks
--------------------------------------------------------------------------------------
Clock Name:         sys_clk_pin
Waveform(ns):       { 0.000 5.000 }
Period(ns):         10.000
Sources:            { CLK100MHZ }

Check Type        Corner  Lib Pin  Reference Pin  Required(ns)  Actual(ns)  Slack(ns)  Location        Pin
Min Period        n/a     BUFG/I   n/a            1.592         10.000      8.408      BUFGCTRL_X0Y16  CLK100MHZ_IBUF_BUFG_inst/I
Min Period        n/a     FDRE/C   n/a            1.000         10.000      9.000      SLICE_X52Y96    clk_div_cnt_reg[0]/C
Min Period        n/a     FDRE/C   n/a            1.000         10.000      9.000      SLICE_X52Y96    clk_div_cnt_reg[1]/C
Low Pulse Width   Slow    FDRE/C   n/a            0.500         5.000       4.500      SLICE_X52Y96    clk_div_cnt_reg[0]/C
Low Pulse Width   Fast    FDRE/C   n/a            0.500         5.000       4.500      SLICE_X52Y96    clk_div_cnt_reg[0]/C
Low Pulse Width   Slow    FDRE/C   n/a            0.500         5.000       4.500      SLICE_X52Y96    clk_div_cnt_reg[1]/C
Low Pulse Width   Fast    FDRE/C   n/a            0.500         5.000       4.500      SLICE_X52Y96    clk_div_cnt_reg[1]/C
High Pulse Width  Slow    FDRE/C   n/a            0.500         5.000       4.500      SLICE_X52Y96    clk_div_cnt_reg[0]/C
High Pulse Width  Fast    FDRE/C   n/a            0.500         5.000       4.500      SLICE_X52Y96    clk_div_cnt_reg[0]/C
High Pulse Width  Slow    FDRE/C   n/a            0.500         5.000       4.500      SLICE_X52Y96    clk_div_cnt_reg[1]/C
High Pulse Width  Fast    FDRE/C   n/a            0.500         5.000       4.500      SLICE_X52Y96    clk_div_cnt_reg[1]/C



--------------------------------------------------------------------------------------
Path Group:  (none)
From Clock:  
  To Clock:  

Max Delay         75783 Endpoints
Min Delay         75783 Endpoints
--------------------------------------------------------------------------------------


Max Delay Paths
--------------------------------------------------------------------------------------
Slack:                    inf
  Source:                 u_riscv_core/u_if_stage/instr_id_reg[20]/C
                            (rising edge-triggered cell FDCE)
  Destination:            u_riscv_core/u_id_ex_stage/dmem_rdata_raw_wb_reg[30]/D
  Path Group:             (none)
  Path Type:              Max at Slow Process Corner
  Data Path Delay:        62.246ns  (logic 2.444ns (3.926%)  route 59.802ns (96.074%))
  Logic Levels:           17  (FDCE=1 LUT2=4 LUT4=1 LUT5=1 LUT6=7 MUXF7=2 RAMD64E=1)

    Location             Delay type                Incr(ns)  Path(ns)    Netlist Resource(s)
  -------------------------------------------------------------------    -------------------
    SLICE_X15Y76         FDCE                         0.000     0.000 r  u_riscv_core/u_if_stage/instr_id_reg[20]/C
    SLICE_X15Y76         FDCE (Prop_fdce_C_Q)         0.341     0.341 r  u_riscv_core/u_if_stage/instr_id_reg[20]/Q
                         net (fo=105, routed)         4.435     4.776    u_riscv_core/u_if_stage/Q[3]
    SLICE_X16Y47         LUT6 (Prop_lut6_I3_O)        0.097     4.873 f  u_riscv_core/u_if_stage/dmem_wdata[31]_INST_0_i_15/O
                         net (fo=1, routed)           0.302     5.175    u_riscv_core/u_id_ex_stage/dmem_addr[3]_INST_0_i_4
    SLICE_X16Y47         LUT4 (Prop_lut4_I1_O)        0.097     5.272 r  u_riscv_core/u_id_ex_stage/dmem_wdata[31]_INST_0_i_8/O
                         net (fo=38, routed)          2.075     7.348    u_riscv_core/u_if_stage/led_reg_reg[4]_0
    SLICE_X5Y48          LUT6 (Prop_lut6_I1_O)        0.097     7.445 r  u_riscv_core/u_if_stage/i__carry__0_i_11/O
                         net (fo=2, routed)           0.850     8.295    u_riscv_core/u_if_stage/i__carry__0_i_11_n_0
    SLICE_X17Y48         LUT6 (Prop_lut6_I1_O)        0.097     8.392 r  u_riscv_core/u_if_stage/dmem_addr[15]_INST_0_i_19/O
                         net (fo=77, routed)          1.631    10.023    u_riscv_core/u_if_stage/dmem_addr[15]_INST_0_i_19_n_0
    SLICE_X10Y56         LUT2 (Prop_lut2_I0_O)        0.097    10.120 r  u_riscv_core/u_if_stage/dmem_addr[15]_INST_0_i_11/O
                         net (fo=23, routed)          1.637    11.757    u_riscv_core/u_if_stage/dmem_addr[15]_INST_0_i_11_n_0
    SLICE_X13Y49         LUT2 (Prop_lut2_I1_O)        0.097    11.854 f  u_riscv_core/u_if_stage/dmem_addr[9]_INST_0_i_7/O
                         net (fo=16, routed)          1.724    13.578    u_riscv_core/u_if_stage/dmem_addr[9]_INST_0_i_7_n_0
    SLICE_X33Y54         LUT2 (Prop_lut2_I1_O)        0.101    13.679 f  u_riscv_core/u_if_stage/dmem_addr[5]_INST_0_i_7/O
                         net (fo=3, routed)           0.886    14.565    u_riscv_core/u_if_stage/dmem_addr[5]_INST_0_i_7_n_0
    SLICE_X29Y49         LUT6 (Prop_lut6_I4_O)        0.239    14.804 f  u_riscv_core/u_if_stage/dmem_addr[5]_INST_0_i_3/O
                         net (fo=1, routed)           0.797    15.600    u_riscv_core/u_if_stage/dmem_addr[5]_INST_0_i_3_n_0
    SLICE_X26Y48         LUT6 (Prop_lut6_I5_O)        0.097    15.697 r  u_riscv_core/u_if_stage/dmem_addr[5]_INST_0/O
                         net (fo=12289, routed)      41.697    57.395    mem_reg_2944_3071_30_30/A3
    SLICE_X88Y73         RAMD64E (Prop_ramd64e_RADR3_O)
                                                      0.097    57.492 r  mem_reg_2944_3071_30_30/SP.LOW/O
                         net (fo=1, routed)           0.000    57.492    mem_reg_2944_3071_30_30/SPO0
    SLICE_X88Y73         MUXF7 (Prop_muxf7_I0_O)      0.182    57.674 r  mem_reg_2944_3071_30_30/F7.SP/O
                         net (fo=1, routed)           0.938    58.611    mem_reg_2944_3071_30_30_n_1
    SLICE_X81Y76         LUT6 (Prop_lut6_I0_O)        0.215    58.826 r  u_riscv_core_i_1286/O
                         net (fo=1, routed)           0.000    58.826    u_riscv_core_i_1286_n_0
    SLICE_X81Y76         MUXF7 (Prop_muxf7_I1_O)      0.167    58.993 r  u_riscv_core_i_504/O
                         net (fo=1, routed)           0.936    59.929    u_riscv_core_i_504_n_0
    SLICE_X79Y67         LUT6 (Prop_lut6_I1_O)        0.229    60.158 r  u_riscv_core_i_166/O
                         net (fo=1, routed)           0.438    60.597    u_riscv_core_i_166_n_0
    SLICE_X72Y67         LUT5 (Prop_lut5_I2_O)        0.097    60.694 r  u_riscv_core_i_34/O
                         net (fo=1, routed)           1.455    62.149    u_riscv_core/u_id_ex_stage/dmem_rdata[30]
    SLICE_X43Y64         LUT2 (Prop_lut2_I0_O)        0.097    62.246 r  u_riscv_core/u_id_ex_stage/dmem_rdata_raw_wb[30]_i_1/O
                         net (fo=1, routed)           0.000    62.246    u_riscv_core/u_id_ex_stage/dmem_rdata_raw_wb[30]_i_1_n_0
    SLICE_X43Y64         FDCE                                         r  u_riscv_core/u_id_ex_stage/dmem_rdata_raw_wb_reg[30]/D
  -------------------------------------------------------------------    -------------------

Slack:                    inf
  Source:                 u_riscv_core/u_if_stage/instr_id_reg[20]/C
                            (rising edge-triggered cell FDCE)
  Destination:            u_riscv_core/u_id_ex_stage/dmem_rdata_raw_wb_reg[28]/D
  Path Group:             (none)
  Path Type:              Max at Slow Process Corner
  Data Path Delay:        61.898ns  (logic 2.444ns (3.948%)  route 59.454ns (96.052%))
  Logic Levels:           17  (FDCE=1 LUT2=4 LUT4=1 LUT5=1 LUT6=7 MUXF7=2 RAMD64E=1)

    Location             Delay type                Incr(ns)  Path(ns)    Netlist Resource(s)
  -------------------------------------------------------------------    -------------------
    SLICE_X15Y76         FDCE                         0.000     0.000 r  u_riscv_core/u_if_stage/instr_id_reg[20]/C
    SLICE_X15Y76         FDCE (Prop_fdce_C_Q)         0.341     0.341 r  u_riscv_core/u_if_stage/instr_id_reg[20]/Q
                         net (fo=105, routed)         4.435     4.776    u_riscv_core/u_if_stage/Q[3]
    SLICE_X16Y47         LUT6 (Prop_lut6_I3_O)        0.097     4.873 f  u_riscv_core/u_if_stage/dmem_wdata[31]_INST_0_i_15/O
                         net (fo=1, routed)           0.302     5.175    u_riscv_core/u_id_ex_stage/dmem_addr[3]_INST_0_i_4
    SLICE_X16Y47         LUT4 (Prop_lut4_I1_O)        0.097     5.272 r  u_riscv_core/u_id_ex_stage/dmem_wdata[31]_INST_0_i_8/O
                         net (fo=38, routed)          2.075     7.348    u_riscv_core/u_if_stage/led_reg_reg[4]_0
    SLICE_X5Y48          LUT6 (Prop_lut6_I1_O)        0.097     7.445 r  u_riscv_core/u_if_stage/i__carry__0_i_11/O
                         net (fo=2, routed)           0.850     8.295    u_riscv_core/u_if_stage/i__carry__0_i_11_n_0
    SLICE_X17Y48         LUT6 (Prop_lut6_I1_O)        0.097     8.392 r  u_riscv_core/u_if_stage/dmem_addr[15]_INST_0_i_19/O
                         net (fo=77, routed)          1.631    10.023    u_riscv_core/u_if_stage/dmem_addr[15]_INST_0_i_19_n_0
    SLICE_X10Y56         LUT2 (Prop_lut2_I0_O)        0.097    10.120 r  u_riscv_core/u_if_stage/dmem_addr[15]_INST_0_i_11/O
                         net (fo=23, routed)          1.637    11.757    u_riscv_core/u_if_stage/dmem_addr[15]_INST_0_i_11_n_0
    SLICE_X13Y49         LUT2 (Prop_lut2_I1_O)        0.097    11.854 f  u_riscv_core/u_if_stage/dmem_addr[9]_INST_0_i_7/O
                         net (fo=16, routed)          1.724    13.578    u_riscv_core/u_if_stage/dmem_addr[9]_INST_0_i_7_n_0
    SLICE_X33Y54         LUT2 (Prop_lut2_I1_O)        0.101    13.679 f  u_riscv_core/u_if_stage/dmem_addr[5]_INST_0_i_7/O
                         net (fo=3, routed)           0.886    14.565    u_riscv_core/u_if_stage/dmem_addr[5]_INST_0_i_7_n_0
    SLICE_X29Y49         LUT6 (Prop_lut6_I4_O)        0.239    14.804 f  u_riscv_core/u_if_stage/dmem_addr[5]_INST_0_i_3/O
                         net (fo=1, routed)           0.797    15.600    u_riscv_core/u_if_stage/dmem_addr[5]_INST_0_i_3_n_0
    SLICE_X26Y48         LUT6 (Prop_lut6_I5_O)        0.097    15.697 r  u_riscv_core/u_if_stage/dmem_addr[5]_INST_0/O
                         net (fo=12289, routed)      41.847    57.544    mem_reg_2816_2943_28_28/A3
    SLICE_X88Y75         RAMD64E (Prop_ramd64e_RADR3_O)
                                                      0.097    57.641 r  mem_reg_2816_2943_28_28/SP.LOW/O
                         net (fo=1, routed)           0.000    57.641    mem_reg_2816_2943_28_28/SPO0
    SLICE_X88Y75         MUXF7 (Prop_muxf7_I0_O)      0.182    57.823 r  mem_reg_2816_2943_28_28/F7.SP/O
                         net (fo=1, routed)           0.707    58.530    mem_reg_2816_2943_28_28_n_1
    SLICE_X85Y77         LUT6 (Prop_lut6_I1_O)        0.215    58.745 r  u_riscv_core_i_1318/O
                         net (fo=1, routed)           0.000    58.745    u_riscv_core_i_1318_n_0
    SLICE_X85Y77         MUXF7 (Prop_muxf7_I1_O)      0.167    58.912 r  u_riscv_core_i_520/O
                         net (fo=1, routed)           0.997    59.910    u_riscv_core_i_520_n_0
    SLICE_X64Y74         LUT6 (Prop_lut6_I1_O)        0.229    60.139 r  u_riscv_core_i_170/O
                         net (fo=1, routed)           0.201    60.339    u_riscv_core_i_170_n_0
    SLICE_X64Y73         LUT5 (Prop_lut5_I2_O)        0.097    60.436 r  u_riscv_core_i_36/O
                         net (fo=1, routed)           1.365    61.801    u_riscv_core/u_id_ex_stage/dmem_rdata[28]
    SLICE_X44Y62         LUT2 (Prop_lut2_I0_O)        0.097    61.898 r  u_riscv_core/u_id_ex_stage/dmem_rdata_raw_wb[28]_i_1/O
                         net (fo=1, routed)           0.000    61.898    u_riscv_core/u_id_ex_stage/dmem_rdata_raw_wb[28]_i_1_n_0
    SLICE_X44Y62         FDCE                                         r  u_riscv_core/u_id_ex_stage/dmem_rdata_raw_wb_reg[28]/D
  -------------------------------------------------------------------    -------------------

Slack:                    inf
  Source:                 u_riscv_core/u_if_stage/instr_id_reg[20]/C
                            (rising edge-triggered cell FDCE)
  Destination:            u_riscv_core/u_id_ex_stage/dmem_rdata_raw_wb_reg[29]/D
  Path Group:             (none)
  Path Type:              Max at Slow Process Corner
  Data Path Delay:        61.716ns  (logic 2.448ns (3.967%)  route 59.268ns (96.033%))
  Logic Levels:           17  (FDCE=1 LUT2=4 LUT4=1 LUT5=1 LUT6=7 MUXF7=2 RAMD64E=1)

    Location             Delay type                Incr(ns)  Path(ns)    Netlist Resource(s)
  -------------------------------------------------------------------    -------------------
    SLICE_X15Y76         FDCE                         0.000     0.000 r  u_riscv_core/u_if_stage/instr_id_reg[20]/C
    SLICE_X15Y76         FDCE (Prop_fdce_C_Q)         0.341     0.341 r  u_riscv_core/u_if_stage/instr_id_reg[20]/Q
                         net (fo=105, routed)         4.435     4.776    u_riscv_core/u_if_stage/Q[3]
    SLICE_X16Y47         LUT6 (Prop_lut6_I3_O)        0.097     4.873 f  u_riscv_core/u_if_stage/dmem_wdata[31]_INST_0_i_15/O
                         net (fo=1, routed)           0.302     5.175    u_riscv_core/u_id_ex_stage/dmem_addr[3]_INST_0_i_4
    SLICE_X16Y47         LUT4 (Prop_lut4_I1_O)        0.097     5.272 r  u_riscv_core/u_id_ex_stage/dmem_wdata[31]_INST_0_i_8/O
                         net (fo=38, routed)          2.075     7.348    u_riscv_core/u_if_stage/led_reg_reg[4]_0
    SLICE_X5Y48          LUT6 (Prop_lut6_I1_O)        0.097     7.445 r  u_riscv_core/u_if_stage/i__carry__0_i_11/O
                         net (fo=2, routed)           0.850     8.295    u_riscv_core/u_if_stage/i__carry__0_i_11_n_0
    SLICE_X17Y48         LUT6 (Prop_lut6_I1_O)        0.097     8.392 r  u_riscv_core/u_if_stage/dmem_addr[15]_INST_0_i_19/O
                         net (fo=77, routed)          1.631    10.023    u_riscv_core/u_if_stage/dmem_addr[15]_INST_0_i_19_n_0
    SLICE_X10Y56         LUT2 (Prop_lut2_I0_O)        0.097    10.120 r  u_riscv_core/u_if_stage/dmem_addr[15]_INST_0_i_11/O
                         net (fo=23, routed)          1.637    11.757    u_riscv_core/u_if_stage/dmem_addr[15]_INST_0_i_11_n_0
    SLICE_X13Y49         LUT2 (Prop_lut2_I1_O)        0.097    11.854 f  u_riscv_core/u_if_stage/dmem_addr[9]_INST_0_i_7/O
                         net (fo=16, routed)          1.724    13.578    u_riscv_core/u_if_stage/dmem_addr[9]_INST_0_i_7_n_0
    SLICE_X33Y54         LUT2 (Prop_lut2_I1_O)        0.101    13.679 f  u_riscv_core/u_if_stage/dmem_addr[5]_INST_0_i_7/O
                         net (fo=3, routed)           0.886    14.565    u_riscv_core/u_if_stage/dmem_addr[5]_INST_0_i_7_n_0
    SLICE_X29Y49         LUT6 (Prop_lut6_I4_O)        0.239    14.804 f  u_riscv_core/u_if_stage/dmem_addr[5]_INST_0_i_3/O
                         net (fo=1, routed)           0.797    15.600    u_riscv_core/u_if_stage/dmem_addr[5]_INST_0_i_3_n_0
    SLICE_X26Y48         LUT6 (Prop_lut6_I5_O)        0.097    15.697 r  u_riscv_core/u_if_stage/dmem_addr[5]_INST_0/O
                         net (fo=12289, routed)      41.460    57.157    mem_reg_2304_2431_29_29/A3
    SLICE_X88Y70         RAMD64E (Prop_ramd64e_RADR3_O)
                                                      0.097    57.254 r  mem_reg_2304_2431_29_29/SP.LOW/O
                         net (fo=1, routed)           0.000    57.254    mem_reg_2304_2431_29_29/SPO0
    SLICE_X88Y70         MUXF7 (Prop_muxf7_I0_O)      0.182    57.436 r  mem_reg_2304_2431_29_29/F7.SP/O
                         net (fo=1, routed)           0.707    58.143    mem_reg_2304_2431_29_29_n_1
    SLICE_X85Y72         LUT6 (Prop_lut6_I1_O)        0.215    58.358 r  u_riscv_core_i_1301/O
                         net (fo=1, routed)           0.000    58.358    u_riscv_core_i_1301_n_0
    SLICE_X85Y72         MUXF7 (Prop_muxf7_I0_O)      0.163    58.521 r  u_riscv_core_i_512/O
                         net (fo=1, routed)           0.887    59.408    u_riscv_core_i_512_n_0
    SLICE_X79Y71         LUT6 (Prop_lut6_I1_O)        0.229    59.637 r  u_riscv_core_i_168/O
                         net (fo=1, routed)           0.636    60.273    u_riscv_core_i_168_n_0
    SLICE_X72Y71         LUT5 (Prop_lut5_I2_O)        0.097    60.370 r  u_riscv_core_i_35/O
                         net (fo=1, routed)           1.240    61.611    u_riscv_core/u_id_ex_stage/dmem_rdata[29]
    SLICE_X44Y62         LUT2 (Prop_lut2_I0_O)        0.105    61.716 r  u_riscv_core/u_id_ex_stage/dmem_rdata_raw_wb[29]_i_1/O
                         net (fo=1, routed)           0.000    61.716    u_riscv_core/u_id_ex_stage/dmem_rdata_raw_wb[29]_i_1_n_0
    SLICE_X44Y62         FDCE                                         r  u_riscv_core/u_id_ex_stage/dmem_rdata_raw_wb_reg[29]/D
  -------------------------------------------------------------------    -------------------

Slack:                    inf
  Source:                 u_riscv_core/u_if_stage/instr_id_reg[20]/C
                            (rising edge-triggered cell FDCE)
  Destination:            u_riscv_core/u_id_ex_stage/dmem_rdata_raw_wb_reg[9]/D
  Path Group:             (none)
  Path Type:              Max at Slow Process Corner
  Data Path Delay:        61.243ns  (logic 2.472ns (4.036%)  route 58.771ns (95.964%))
  Logic Levels:           17  (FDCE=1 LUT2=4 LUT4=1 LUT6=8 MUXF7=2 RAMD64E=1)

    Location             Delay type                Incr(ns)  Path(ns)    Netlist Resource(s)
  -------------------------------------------------------------------    -------------------
    SLICE_X15Y76         FDCE                         0.000     0.000 r  u_riscv_core/u_if_stage/instr_id_reg[20]/C
    SLICE_X15Y76         FDCE (Prop_fdce_C_Q)         0.341     0.341 r  u_riscv_core/u_if_stage/instr_id_reg[20]/Q
                         net (fo=105, routed)         4.435     4.776    u_riscv_core/u_if_stage/Q[3]
    SLICE_X16Y47         LUT6 (Prop_lut6_I3_O)        0.097     4.873 f  u_riscv_core/u_if_stage/dmem_wdata[31]_INST_0_i_15/O
                         net (fo=1, routed)           0.302     5.175    u_riscv_core/u_id_ex_stage/dmem_addr[3]_INST_0_i_4
    SLICE_X16Y47         LUT4 (Prop_lut4_I1_O)        0.097     5.272 r  u_riscv_core/u_id_ex_stage/dmem_wdata[31]_INST_0_i_8/O
                         net (fo=38, routed)          2.075     7.348    u_riscv_core/u_if_stage/led_reg_reg[4]_0
    SLICE_X5Y48          LUT6 (Prop_lut6_I1_O)        0.097     7.445 r  u_riscv_core/u_if_stage/i__carry__0_i_11/O
                         net (fo=2, routed)           0.850     8.295    u_riscv_core/u_if_stage/i__carry__0_i_11_n_0
    SLICE_X17Y48         LUT6 (Prop_lut6_I1_O)        0.097     8.392 r  u_riscv_core/u_if_stage/dmem_addr[15]_INST_0_i_19/O
                         net (fo=77, routed)          1.631    10.023    u_riscv_core/u_if_stage/dmem_addr[15]_INST_0_i_19_n_0
    SLICE_X10Y56         LUT2 (Prop_lut2_I0_O)        0.097    10.120 r  u_riscv_core/u_if_stage/dmem_addr[15]_INST_0_i_11/O
                         net (fo=23, routed)          1.637    11.757    u_riscv_core/u_if_stage/dmem_addr[15]_INST_0_i_11_n_0
    SLICE_X13Y49         LUT2 (Prop_lut2_I1_O)        0.097    11.854 f  u_riscv_core/u_if_stage/dmem_addr[9]_INST_0_i_7/O
                         net (fo=16, routed)          1.724    13.578    u_riscv_core/u_if_stage/dmem_addr[9]_INST_0_i_7_n_0
    SLICE_X33Y54         LUT2 (Prop_lut2_I1_O)        0.101    13.679 f  u_riscv_core/u_if_stage/dmem_addr[5]_INST_0_i_7/O
                         net (fo=3, routed)           0.886    14.565    u_riscv_core/u_if_stage/dmem_addr[5]_INST_0_i_7_n_0
    SLICE_X29Y49         LUT6 (Prop_lut6_I4_O)        0.239    14.804 f  u_riscv_core/u_if_stage/dmem_addr[5]_INST_0_i_3/O
                         net (fo=1, routed)           0.797    15.600    u_riscv_core/u_if_stage/dmem_addr[5]_INST_0_i_3_n_0
    SLICE_X26Y48         LUT6 (Prop_lut6_I5_O)        0.097    15.697 r  u_riscv_core/u_if_stage/dmem_addr[5]_INST_0/O
                         net (fo=12289, routed)      40.962    56.660    mem_reg_3200_3327_9_9/A3
    SLICE_X88Y61         RAMD64E (Prop_ramd64e_RADR3_O)
                                                      0.097    56.757 r  mem_reg_3200_3327_9_9/SP.LOW/O
                         net (fo=1, routed)           0.000    56.757    mem_reg_3200_3327_9_9/SPO0
    SLICE_X88Y61         MUXF7 (Prop_muxf7_I0_O)      0.182    56.939 r  mem_reg_3200_3327_9_9/F7.SP/O
                         net (fo=1, routed)           0.695    57.634    mem_reg_3200_3327_9_9_n_1
    SLICE_X85Y60         LUT6 (Prop_lut6_I3_O)        0.215    57.849 r  u_riscv_core_i_1611/O
                         net (fo=1, routed)           0.000    57.849    u_riscv_core_i_1611_n_0
    SLICE_X85Y60         MUXF7 (Prop_muxf7_I0_O)      0.181    58.030 r  u_riscv_core_i_667/O
                         net (fo=1, routed)           1.260    59.291    u_riscv_core_i_667_n_0
    SLICE_X69Y54         LUT6 (Prop_lut6_I0_O)        0.227    59.518 r  u_riscv_core_i_207/O
                         net (fo=1, routed)           0.853    60.371    u_riscv_core_i_207_n_0
    SLICE_X49Y52         LUT6 (Prop_lut6_I3_O)        0.097    60.468 r  u_riscv_core_i_55/O
                         net (fo=1, routed)           0.662    61.130    u_riscv_core/u_id_ex_stage/dmem_rdata[9]
    SLICE_X40Y56         LUT2 (Prop_lut2_I0_O)        0.113    61.243 r  u_riscv_core/u_id_ex_stage/dmem_rdata_raw_wb[9]_i_1/O
                         net (fo=1, routed)           0.000    61.243    u_riscv_core/u_id_ex_stage/dmem_rdata_raw_wb[9]_i_1_n_0
    SLICE_X40Y56         FDCE                                         r  u_riscv_core/u_id_ex_stage/dmem_rdata_raw_wb_reg[9]/D
  -------------------------------------------------------------------    -------------------

Slack:                    inf
  Source:                 u_riscv_core/u_if_stage/instr_id_reg[20]/C
                            (rising edge-triggered cell FDCE)
  Destination:            u_riscv_core/u_id_ex_stage/dmem_rdata_raw_wb_reg[8]/D
  Path Group:             (none)
  Path Type:              Max at Slow Process Corner
  Data Path Delay:        60.975ns  (logic 2.456ns (4.028%)  route 58.519ns (95.972%))
  Logic Levels:           17  (FDCE=1 LUT2=4 LUT4=1 LUT6=8 MUXF7=2 RAMD64E=1)

    Location             Delay type                Incr(ns)  Path(ns)    Netlist Resource(s)
  -------------------------------------------------------------------    -------------------
    SLICE_X15Y76         FDCE                         0.000     0.000 r  u_riscv_core/u_if_stage/instr_id_reg[20]/C
    SLICE_X15Y76         FDCE (Prop_fdce_C_Q)         0.341     0.341 r  u_riscv_core/u_if_stage/instr_id_reg[20]/Q
                         net (fo=105, routed)         4.435     4.776    u_riscv_core/u_if_stage/Q[3]
    SLICE_X16Y47         LUT6 (Prop_lut6_I3_O)        0.097     4.873 f  u_riscv_core/u_if_stage/dmem_wdata[31]_INST_0_i_15/O
                         net (fo=1, routed)           0.302     5.175    u_riscv_core/u_id_ex_stage/dmem_addr[3]_INST_0_i_4
    SLICE_X16Y47         LUT4 (Prop_lut4_I1_O)        0.097     5.272 r  u_riscv_core/u_id_ex_stage/dmem_wdata[31]_INST_0_i_8/O
                         net (fo=38, routed)          2.075     7.348    u_riscv_core/u_if_stage/led_reg_reg[4]_0
    SLICE_X5Y48          LUT6 (Prop_lut6_I1_O)        0.097     7.445 r  u_riscv_core/u_if_stage/i__carry__0_i_11/O
                         net (fo=2, routed)           0.850     8.295    u_riscv_core/u_if_stage/i__carry__0_i_11_n_0
    SLICE_X17Y48         LUT6 (Prop_lut6_I1_O)        0.097     8.392 r  u_riscv_core/u_if_stage/dmem_addr[15]_INST_0_i_19/O
                         net (fo=77, routed)          1.631    10.023    u_riscv_core/u_if_stage/dmem_addr[15]_INST_0_i_19_n_0
    SLICE_X10Y56         LUT2 (Prop_lut2_I0_O)        0.097    10.120 r  u_riscv_core/u_if_stage/dmem_addr[15]_INST_0_i_11/O
                         net (fo=23, routed)          1.637    11.757    u_riscv_core/u_if_stage/dmem_addr[15]_INST_0_i_11_n_0
    SLICE_X13Y49         LUT2 (Prop_lut2_I1_O)        0.097    11.854 f  u_riscv_core/u_if_stage/dmem_addr[9]_INST_0_i_7/O
                         net (fo=16, routed)          1.724    13.578    u_riscv_core/u_if_stage/dmem_addr[9]_INST_0_i_7_n_0
    SLICE_X33Y54         LUT2 (Prop_lut2_I1_O)        0.101    13.679 f  u_riscv_core/u_if_stage/dmem_addr[5]_INST_0_i_7/O
                         net (fo=3, routed)           0.886    14.565    u_riscv_core/u_if_stage/dmem_addr[5]_INST_0_i_7_n_0
    SLICE_X29Y49         LUT6 (Prop_lut6_I4_O)        0.239    14.804 f  u_riscv_core/u_if_stage/dmem_addr[5]_INST_0_i_3/O
                         net (fo=1, routed)           0.797    15.600    u_riscv_core/u_if_stage/dmem_addr[5]_INST_0_i_3_n_0
    SLICE_X26Y48         LUT6 (Prop_lut6_I5_O)        0.097    15.697 r  u_riscv_core/u_if_stage/dmem_addr[5]_INST_0/O
                         net (fo=12289, routed)      40.595    56.293    mem_reg_3328_3455_8_8/A3
    SLICE_X88Y55         RAMD64E (Prop_ramd64e_RADR3_O)
                                                      0.097    56.390 r  mem_reg_3328_3455_8_8/SP.LOW/O
                         net (fo=1, routed)           0.000    56.390    mem_reg_3328_3455_8_8/SPO0
    SLICE_X88Y55         MUXF7 (Prop_muxf7_I0_O)      0.182    56.572 r  mem_reg_3328_3455_8_8/F7.SP/O
                         net (fo=1, routed)           0.607    57.179    mem_reg_3328_3455_8_8_n_1
    SLICE_X85Y55         LUT6 (Prop_lut6_I1_O)        0.215    57.394 r  u_riscv_core_i_1627/O
                         net (fo=1, routed)           0.000    57.394    u_riscv_core_i_1627_n_0
    SLICE_X85Y55         MUXF7 (Prop_muxf7_I0_O)      0.181    57.575 r  u_riscv_core_i_675/O
                         net (fo=1, routed)           0.791    58.366    u_riscv_core_i_675_n_0
    SLICE_X79Y54         LUT6 (Prop_lut6_I0_O)        0.227    58.593 r  u_riscv_core_i_209/O
                         net (fo=1, routed)           1.349    59.942    u_riscv_core_i_209_n_0
    SLICE_X49Y52         LUT6 (Prop_lut6_I3_O)        0.097    60.039 r  u_riscv_core_i_56/O
                         net (fo=1, routed)           0.839    60.878    u_riscv_core/u_id_ex_stage/dmem_rdata[8]
    SLICE_X40Y56         LUT2 (Prop_lut2_I0_O)        0.097    60.975 r  u_riscv_core/u_id_ex_stage/dmem_rdata_raw_wb[8]_i_1/O
                         net (fo=1, routed)           0.000    60.975    u_riscv_core/u_id_ex_stage/dmem_rdata_raw_wb[8]_i_1_n_0
    SLICE_X40Y56         FDCE                                         r  u_riscv_core/u_id_ex_stage/dmem_rdata_raw_wb_reg[8]/D
  -------------------------------------------------------------------    -------------------

Slack:                    inf
  Source:                 u_riscv_core/u_if_stage/instr_id_reg[20]/C
                            (rising edge-triggered cell FDCE)
  Destination:            u_riscv_core/u_id_ex_stage/dmem_rdata_raw_wb_reg[31]/D
  Path Group:             (none)
  Path Type:              Max at Slow Process Corner
  Data Path Delay:        60.953ns  (logic 2.452ns (4.023%)  route 58.501ns (95.977%))
  Logic Levels:           17  (FDCE=1 LUT2=4 LUT4=1 LUT5=1 LUT6=7 MUXF7=2 RAMD64E=1)

    Location             Delay type                Incr(ns)  Path(ns)    Netlist Resource(s)
  -------------------------------------------------------------------    -------------------
    SLICE_X15Y76         FDCE                         0.000     0.000 r  u_riscv_core/u_if_stage/instr_id_reg[20]/C
    SLICE_X15Y76         FDCE (Prop_fdce_C_Q)         0.341     0.341 r  u_riscv_core/u_if_stage/instr_id_reg[20]/Q
                         net (fo=105, routed)         4.435     4.776    u_riscv_core/u_if_stage/Q[3]
    SLICE_X16Y47         LUT6 (Prop_lut6_I3_O)        0.097     4.873 f  u_riscv_core/u_if_stage/dmem_wdata[31]_INST_0_i_15/O
                         net (fo=1, routed)           0.302     5.175    u_riscv_core/u_id_ex_stage/dmem_addr[3]_INST_0_i_4
    SLICE_X16Y47         LUT4 (Prop_lut4_I1_O)        0.097     5.272 r  u_riscv_core/u_id_ex_stage/dmem_wdata[31]_INST_0_i_8/O
                         net (fo=38, routed)          2.075     7.348    u_riscv_core/u_if_stage/led_reg_reg[4]_0
    SLICE_X5Y48          LUT6 (Prop_lut6_I1_O)        0.097     7.445 r  u_riscv_core/u_if_stage/i__carry__0_i_11/O
                         net (fo=2, routed)           0.850     8.295    u_riscv_core/u_if_stage/i__carry__0_i_11_n_0
    SLICE_X17Y48         LUT6 (Prop_lut6_I1_O)        0.097     8.392 r  u_riscv_core/u_if_stage/dmem_addr[15]_INST_0_i_19/O
                         net (fo=77, routed)          1.631    10.023    u_riscv_core/u_if_stage/dmem_addr[15]_INST_0_i_19_n_0
    SLICE_X10Y56         LUT2 (Prop_lut2_I0_O)        0.097    10.120 r  u_riscv_core/u_if_stage/dmem_addr[15]_INST_0_i_11/O
                         net (fo=23, routed)          1.637    11.757    u_riscv_core/u_if_stage/dmem_addr[15]_INST_0_i_11_n_0
    SLICE_X13Y49         LUT2 (Prop_lut2_I1_O)        0.097    11.854 f  u_riscv_core/u_if_stage/dmem_addr[9]_INST_0_i_7/O
                         net (fo=16, routed)          1.724    13.578    u_riscv_core/u_if_stage/dmem_addr[9]_INST_0_i_7_n_0
    SLICE_X33Y54         LUT2 (Prop_lut2_I1_O)        0.101    13.679 f  u_riscv_core/u_if_stage/dmem_addr[5]_INST_0_i_7/O
                         net (fo=3, routed)           0.886    14.565    u_riscv_core/u_if_stage/dmem_addr[5]_INST_0_i_7_n_0
    SLICE_X29Y49         LUT6 (Prop_lut6_I4_O)        0.239    14.804 f  u_riscv_core/u_if_stage/dmem_addr[5]_INST_0_i_3/O
                         net (fo=1, routed)           0.797    15.600    u_riscv_core/u_if_stage/dmem_addr[5]_INST_0_i_3_n_0
    SLICE_X26Y48         LUT6 (Prop_lut6_I5_O)        0.097    15.697 r  u_riscv_core/u_if_stage/dmem_addr[5]_INST_0/O
                         net (fo=12289, routed)      41.207    56.905    mem_reg_2944_3071_31_31/A3
    SLICE_X88Y65         RAMD64E (Prop_ramd64e_RADR3_O)
                                                      0.097    57.002 r  mem_reg_2944_3071_31_31/SP.LOW/O
                         net (fo=1, routed)           0.000    57.002    mem_reg_2944_3071_31_31/SPO0
    SLICE_X88Y65         MUXF7 (Prop_muxf7_I0_O)      0.182    57.184 r  mem_reg_2944_3071_31_31/F7.SP/O
                         net (fo=1, routed)           0.705    57.889    mem_reg_2944_3071_31_31_n_1
    SLICE_X85Y65         LUT6 (Prop_lut6_I0_O)        0.215    58.104 r  u_riscv_core_i_1270/O
                         net (fo=1, routed)           0.000    58.104    u_riscv_core_i_1270_n_0
    SLICE_X85Y65         MUXF7 (Prop_muxf7_I1_O)      0.167    58.271 r  u_riscv_core_i_492/O
                         net (fo=1, routed)           1.025    59.295    u_riscv_core_i_492_n_0
    SLICE_X72Y64         LUT6 (Prop_lut6_I1_O)        0.229    59.524 r  u_riscv_core_i_163/O
                         net (fo=1, routed)           0.188    59.712    u_riscv_core_i_163_n_0
    SLICE_X72Y64         LUT5 (Prop_lut5_I2_O)        0.097    59.809 r  u_riscv_core_i_33/O
                         net (fo=1, routed)           1.039    60.848    u_riscv_core/u_id_ex_stage/dmem_rdata[31]
    SLICE_X43Y64         LUT2 (Prop_lut2_I0_O)        0.105    60.953 r  u_riscv_core/u_id_ex_stage/dmem_rdata_raw_wb[31]_i_1/O
                         net (fo=1, routed)           0.000    60.953    u_riscv_core/u_id_ex_stage/dmem_rdata_raw_wb[31]_i_1_n_0
    SLICE_X43Y64         FDCE                                         r  u_riscv_core/u_id_ex_stage/dmem_rdata_raw_wb_reg[31]/D
  -------------------------------------------------------------------    -------------------

Slack:                    inf
  Source:                 u_riscv_core/u_if_stage/instr_id_reg[20]/C
                            (rising edge-triggered cell FDCE)
  Destination:            u_riscv_core/u_id_ex_stage/dmem_rdata_raw_wb_reg[11]/D
  Path Group:             (none)
  Path Type:              Max at Slow Process Corner
  Data Path Delay:        60.825ns  (logic 2.464ns (4.051%)  route 58.361ns (95.949%))
  Logic Levels:           17  (FDCE=1 LUT2=4 LUT4=1 LUT6=8 MUXF7=2 RAMD64E=1)

    Location             Delay type                Incr(ns)  Path(ns)    Netlist Resource(s)
  -------------------------------------------------------------------    -------------------
    SLICE_X15Y76         FDCE                         0.000     0.000 r  u_riscv_core/u_if_stage/instr_id_reg[20]/C
    SLICE_X15Y76         FDCE (Prop_fdce_C_Q)         0.341     0.341 r  u_riscv_core/u_if_stage/instr_id_reg[20]/Q
                         net (fo=105, routed)         4.435     4.776    u_riscv_core/u_if_stage/Q[3]
    SLICE_X16Y47         LUT6 (Prop_lut6_I3_O)        0.097     4.873 f  u_riscv_core/u_if_stage/dmem_wdata[31]_INST_0_i_15/O
                         net (fo=1, routed)           0.302     5.175    u_riscv_core/u_id_ex_stage/dmem_addr[3]_INST_0_i_4
    SLICE_X16Y47         LUT4 (Prop_lut4_I1_O)        0.097     5.272 r  u_riscv_core/u_id_ex_stage/dmem_wdata[31]_INST_0_i_8/O
                         net (fo=38, routed)          2.075     7.348    u_riscv_core/u_if_stage/led_reg_reg[4]_0
    SLICE_X5Y48          LUT6 (Prop_lut6_I1_O)        0.097     7.445 r  u_riscv_core/u_if_stage/i__carry__0_i_11/O
                         net (fo=2, routed)           0.850     8.295    u_riscv_core/u_if_stage/i__carry__0_i_11_n_0
    SLICE_X17Y48         LUT6 (Prop_lut6_I1_O)        0.097     8.392 r  u_riscv_core/u_if_stage/dmem_addr[15]_INST_0_i_19/O
                         net (fo=77, routed)          1.631    10.023    u_riscv_core/u_if_stage/dmem_addr[15]_INST_0_i_19_n_0
    SLICE_X10Y56         LUT2 (Prop_lut2_I0_O)        0.097    10.120 r  u_riscv_core/u_if_stage/dmem_addr[15]_INST_0_i_11/O
                         net (fo=23, routed)          1.637    11.757    u_riscv_core/u_if_stage/dmem_addr[15]_INST_0_i_11_n_0
    SLICE_X13Y49         LUT2 (Prop_lut2_I1_O)        0.097    11.854 f  u_riscv_core/u_if_stage/dmem_addr[9]_INST_0_i_7/O
                         net (fo=16, routed)          1.724    13.578    u_riscv_core/u_if_stage/dmem_addr[9]_INST_0_i_7_n_0
    SLICE_X33Y54         LUT2 (Prop_lut2_I1_O)        0.101    13.679 f  u_riscv_core/u_if_stage/dmem_addr[5]_INST_0_i_7/O
                         net (fo=3, routed)           0.886    14.565    u_riscv_core/u_if_stage/dmem_addr[5]_INST_0_i_7_n_0
    SLICE_X29Y49         LUT6 (Prop_lut6_I4_O)        0.239    14.804 f  u_riscv_core/u_if_stage/dmem_addr[5]_INST_0_i_3/O
                         net (fo=1, routed)           0.797    15.600    u_riscv_core/u_if_stage/dmem_addr[5]_INST_0_i_3_n_0
    SLICE_X26Y48         LUT6 (Prop_lut6_I5_O)        0.097    15.697 r  u_riscv_core/u_if_stage/dmem_addr[5]_INST_0/O
                         net (fo=12289, routed)      40.581    56.279    mem_reg_3328_3455_11_11/A3
    SLICE_X88Y50         RAMD64E (Prop_ramd64e_RADR3_O)
                                                      0.097    56.376 r  mem_reg_3328_3455_11_11/SP.LOW/O
                         net (fo=1, routed)           0.000    56.376    mem_reg_3328_3455_11_11/SPO0
    SLICE_X88Y50         MUXF7 (Prop_muxf7_I0_O)      0.182    56.558 r  mem_reg_3328_3455_11_11/F7.SP/O
                         net (fo=1, routed)           0.715    57.272    mem_reg_3328_3455_11_11_n_1
    SLICE_X85Y52         LUT6 (Prop_lut6_I1_O)        0.215    57.487 r  u_riscv_core_i_1579/O
                         net (fo=1, routed)           0.000    57.487    u_riscv_core_i_1579_n_0
    SLICE_X85Y52         MUXF7 (Prop_muxf7_I0_O)      0.181    57.668 r  u_riscv_core_i_651/O
                         net (fo=1, routed)           1.047    58.715    u_riscv_core_i_651_n_0
    SLICE_X77Y47         LUT6 (Prop_lut6_I0_O)        0.227    58.942 r  u_riscv_core_i_203/O
                         net (fo=1, routed)           1.147    60.089    u_riscv_core_i_203_n_0
    SLICE_X49Y49         LUT6 (Prop_lut6_I3_O)        0.097    60.186 r  u_riscv_core_i_53/O
                         net (fo=1, routed)           0.533    60.720    u_riscv_core/u_id_ex_stage/dmem_rdata[11]
    SLICE_X41Y54         LUT2 (Prop_lut2_I0_O)        0.105    60.825 r  u_riscv_core/u_id_ex_stage/dmem_rdata_raw_wb[11]_i_1/O
                         net (fo=1, routed)           0.000    60.825    u_riscv_core/u_id_ex_stage/dmem_rdata_raw_wb[11]_i_1_n_0
    SLICE_X41Y54         FDCE                                         r  u_riscv_core/u_id_ex_stage/dmem_rdata_raw_wb_reg[11]/D
  -------------------------------------------------------------------    -------------------

Slack:                    inf
  Source:                 u_riscv_core/u_if_stage/instr_id_reg[20]/C
                            (rising edge-triggered cell FDCE)
  Destination:            u_riscv_core/u_id_ex_stage/dmem_rdata_raw_wb_reg[10]/D
  Path Group:             (none)
  Path Type:              Max at Slow Process Corner
  Data Path Delay:        60.467ns  (logic 2.463ns (4.073%)  route 58.004ns (95.927%))
  Logic Levels:           17  (FDCE=1 LUT2=4 LUT4=1 LUT6=8 MUXF7=2 RAMD64E=1)

    Location             Delay type                Incr(ns)  Path(ns)    Netlist Resource(s)
  -------------------------------------------------------------------    -------------------
    SLICE_X15Y76         FDCE                         0.000     0.000 r  u_riscv_core/u_if_stage/instr_id_reg[20]/C
    SLICE_X15Y76         FDCE (Prop_fdce_C_Q)         0.341     0.341 r  u_riscv_core/u_if_stage/instr_id_reg[20]/Q
                         net (fo=105, routed)         4.435     4.776    u_riscv_core/u_if_stage/Q[3]
    SLICE_X16Y47         LUT6 (Prop_lut6_I3_O)        0.097     4.873 f  u_riscv_core/u_if_stage/dmem_wdata[31]_INST_0_i_15/O
                         net (fo=1, routed)           0.302     5.175    u_riscv_core/u_id_ex_stage/dmem_addr[3]_INST_0_i_4
    SLICE_X16Y47         LUT4 (Prop_lut4_I1_O)        0.097     5.272 r  u_riscv_core/u_id_ex_stage/dmem_wdata[31]_INST_0_i_8/O
                         net (fo=38, routed)          2.075     7.348    u_riscv_core/u_if_stage/led_reg_reg[4]_0
    SLICE_X5Y48          LUT6 (Prop_lut6_I1_O)        0.097     7.445 r  u_riscv_core/u_if_stage/i__carry__0_i_11/O
                         net (fo=2, routed)           0.850     8.295    u_riscv_core/u_if_stage/i__carry__0_i_11_n_0
    SLICE_X17Y48         LUT6 (Prop_lut6_I1_O)        0.097     8.392 r  u_riscv_core/u_if_stage/dmem_addr[15]_INST_0_i_19/O
                         net (fo=77, routed)          1.631    10.023    u_riscv_core/u_if_stage/dmem_addr[15]_INST_0_i_19_n_0
    SLICE_X10Y56         LUT2 (Prop_lut2_I0_O)        0.097    10.120 r  u_riscv_core/u_if_stage/dmem_addr[15]_INST_0_i_11/O
                         net (fo=23, routed)          1.637    11.757    u_riscv_core/u_if_stage/dmem_addr[15]_INST_0_i_11_n_0
    SLICE_X13Y49         LUT2 (Prop_lut2_I1_O)        0.097    11.854 f  u_riscv_core/u_if_stage/dmem_addr[9]_INST_0_i_7/O
                         net (fo=16, routed)          1.724    13.578    u_riscv_core/u_if_stage/dmem_addr[9]_INST_0_i_7_n_0
    SLICE_X33Y54         LUT2 (Prop_lut2_I1_O)        0.101    13.679 f  u_riscv_core/u_if_stage/dmem_addr[5]_INST_0_i_7/O
                         net (fo=3, routed)           0.886    14.565    u_riscv_core/u_if_stage/dmem_addr[5]_INST_0_i_7_n_0
    SLICE_X29Y49         LUT6 (Prop_lut6_I4_O)        0.239    14.804 f  u_riscv_core/u_if_stage/dmem_addr[5]_INST_0_i_3/O
                         net (fo=1, routed)           0.797    15.600    u_riscv_core/u_if_stage/dmem_addr[5]_INST_0_i_3_n_0
    SLICE_X26Y48         LUT6 (Prop_lut6_I5_O)        0.097    15.697 r  u_riscv_core/u_if_stage/dmem_addr[5]_INST_0/O
                         net (fo=12289, routed)      40.457    56.155    mem_reg_3968_4095_10_10/A3
    SLICE_X84Y50         RAMD64E (Prop_ramd64e_RADR3_O)
                                                      0.097    56.252 r  mem_reg_3968_4095_10_10/SP.LOW/O
                         net (fo=1, routed)           0.000    56.252    mem_reg_3968_4095_10_10/SPO0
    SLICE_X84Y50         MUXF7 (Prop_muxf7_I0_O)      0.182    56.434 r  mem_reg_3968_4095_10_10/F7.SP/O
                         net (fo=1, routed)           0.742    57.176    mem_reg_3968_4095_10_10_n_1
    SLICE_X79Y49         LUT6 (Prop_lut6_I0_O)        0.215    57.391 r  u_riscv_core_i_1596/O
                         net (fo=1, routed)           0.000    57.391    u_riscv_core_i_1596_n_0
    SLICE_X79Y49         MUXF7 (Prop_muxf7_I1_O)      0.188    57.579 r  u_riscv_core_i_659/O
                         net (fo=1, routed)           0.777    58.356    u_riscv_core_i_659_n_0
    SLICE_X72Y43         LUT6 (Prop_lut6_I0_O)        0.227    58.583 r  u_riscv_core_i_205/O
                         net (fo=1, routed)           1.020    59.603    u_riscv_core_i_205_n_0
    SLICE_X44Y46         LUT6 (Prop_lut6_I3_O)        0.097    59.700 r  u_riscv_core_i_54/O
                         net (fo=1, routed)           0.670    60.370    u_riscv_core/u_id_ex_stage/dmem_rdata[10]
    SLICE_X41Y54         LUT2 (Prop_lut2_I0_O)        0.097    60.467 r  u_riscv_core/u_id_ex_stage/dmem_rdata_raw_wb[10]_i_1/O
                         net (fo=1, routed)           0.000    60.467    u_riscv_core/u_id_ex_stage/dmem_rdata_raw_wb[10]_i_1_n_0
    SLICE_X41Y54         FDCE                                         r  u_riscv_core/u_id_ex_stage/dmem_rdata_raw_wb_reg[10]/D
  -------------------------------------------------------------------    -------------------

Slack:                    inf
  Source:                 u_riscv_core/u_if_stage/instr_id_reg[20]/C
                            (rising edge-triggered cell FDCE)
  Destination:            mem_reg_2944_3071_28_28/DP.HIGH/WADR3
  Path Group:             (none)
  Path Type:              Max at Slow Process Corner
  Data Path Delay:        57.658ns  (logic 1.360ns (2.359%)  route 56.298ns (97.641%))
  Logic Levels:           10  (FDCE=1 LUT2=3 LUT4=1 LUT6=5)

    Location             Delay type                Incr(ns)  Path(ns)    Netlist Resource(s)
  -------------------------------------------------------------------    -------------------
    SLICE_X15Y76         FDCE                         0.000     0.000 r  u_riscv_core/u_if_stage/instr_id_reg[20]/C
    SLICE_X15Y76         FDCE (Prop_fdce_C_Q)         0.341     0.341 r  u_riscv_core/u_if_stage/instr_id_reg[20]/Q
                         net (fo=105, routed)         4.435     4.776    u_riscv_core/u_if_stage/Q[3]
    SLICE_X16Y47         LUT6 (Prop_lut6_I3_O)        0.097     4.873 f  u_riscv_core/u_if_stage/dmem_wdata[31]_INST_0_i_15/O
                         net (fo=1, routed)           0.302     5.175    u_riscv_core/u_id_ex_stage/dmem_addr[3]_INST_0_i_4
    SLICE_X16Y47         LUT4 (Prop_lut4_I1_O)        0.097     5.272 r  u_riscv_core/u_id_ex_stage/dmem_wdata[31]_INST_0_i_8/O
                         net (fo=38, routed)          2.075     7.348    u_riscv_core/u_if_stage/led_reg_reg[4]_0
    SLICE_X5Y48          LUT6 (Prop_lut6_I1_O)        0.097     7.445 r  u_riscv_core/u_if_stage/i__carry__0_i_11/O
                         net (fo=2, routed)           0.850     8.295    u_riscv_core/u_if_stage/i__carry__0_i_11_n_0
    SLICE_X17Y48         LUT6 (Prop_lut6_I1_O)        0.097     8.392 r  u_riscv_core/u_if_stage/dmem_addr[15]_INST_0_i_19/O
                         net (fo=77, routed)          1.631    10.023    u_riscv_core/u_if_stage/dmem_addr[15]_INST_0_i_19_n_0
    SLICE_X10Y56         LUT2 (Prop_lut2_I0_O)        0.097    10.120 r  u_riscv_core/u_if_stage/dmem_addr[15]_INST_0_i_11/O
                         net (fo=23, routed)          1.637    11.757    u_riscv_core/u_if_stage/dmem_addr[15]_INST_0_i_11_n_0
    SLICE_X13Y49         LUT2 (Prop_lut2_I1_O)        0.097    11.854 f  u_riscv_core/u_if_stage/dmem_addr[9]_INST_0_i_7/O
                         net (fo=16, routed)          1.724    13.578    u_riscv_core/u_if_stage/dmem_addr[9]_INST_0_i_7_n_0
    SLICE_X33Y54         LUT2 (Prop_lut2_I1_O)        0.101    13.679 f  u_riscv_core/u_if_stage/dmem_addr[5]_INST_0_i_7/O
                         net (fo=3, routed)           0.886    14.565    u_riscv_core/u_if_stage/dmem_addr[5]_INST_0_i_7_n_0
    SLICE_X29Y49         LUT6 (Prop_lut6_I4_O)        0.239    14.804 f  u_riscv_core/u_if_stage/dmem_addr[5]_INST_0_i_3/O
                         net (fo=1, routed)           0.797    15.600    u_riscv_core/u_if_stage/dmem_addr[5]_INST_0_i_3_n_0
    SLICE_X26Y48         LUT6 (Prop_lut6_I5_O)        0.097    15.697 r  u_riscv_core/u_if_stage/dmem_addr[5]_INST_0/O
                         net (fo=12289, routed)      41.961    57.658    mem_reg_2944_3071_28_28/A3
    SLICE_X88Y77         RAMD64E                                      r  mem_reg_2944_3071_28_28/DP.HIGH/WADR3
  -------------------------------------------------------------------    -------------------

Slack:                    inf
  Source:                 u_riscv_core/u_if_stage/instr_id_reg[20]/C
                            (rising edge-triggered cell FDCE)
  Destination:            mem_reg_2944_3071_28_28/DP.LOW/WADR3
  Path Group:             (none)
  Path Type:              Max at Slow Process Corner
  Data Path Delay:        57.658ns  (logic 1.360ns (2.359%)  route 56.298ns (97.641%))
  Logic Levels:           10  (FDCE=1 LUT2=3 LUT4=1 LUT6=5)

    Location             Delay type                Incr(ns)  Path(ns)    Netlist Resource(s)
  -------------------------------------------------------------------    -------------------
    SLICE_X15Y76         FDCE                         0.000     0.000 r  u_riscv_core/u_if_stage/instr_id_reg[20]/C
    SLICE_X15Y76         FDCE (Prop_fdce_C_Q)         0.341     0.341 r  u_riscv_core/u_if_stage/instr_id_reg[20]/Q
                         net (fo=105, routed)         4.435     4.776    u_riscv_core/u_if_stage/Q[3]
    SLICE_X16Y47         LUT6 (Prop_lut6_I3_O)        0.097     4.873 f  u_riscv_core/u_if_stage/dmem_wdata[31]_INST_0_i_15/O
                         net (fo=1, routed)           0.302     5.175    u_riscv_core/u_id_ex_stage/dmem_addr[3]_INST_0_i_4
    SLICE_X16Y47         LUT4 (Prop_lut4_I1_O)        0.097     5.272 r  u_riscv_core/u_id_ex_stage/dmem_wdata[31]_INST_0_i_8/O
                         net (fo=38, routed)          2.075     7.348    u_riscv_core/u_if_stage/led_reg_reg[4]_0
    SLICE_X5Y48          LUT6 (Prop_lut6_I1_O)        0.097     7.445 r  u_riscv_core/u_if_stage/i__carry__0_i_11/O
                         net (fo=2, routed)           0.850     8.295    u_riscv_core/u_if_stage/i__carry__0_i_11_n_0
    SLICE_X17Y48         LUT6 (Prop_lut6_I1_O)        0.097     8.392 r  u_riscv_core/u_if_stage/dmem_addr[15]_INST_0_i_19/O
                         net (fo=77, routed)          1.631    10.023    u_riscv_core/u_if_stage/dmem_addr[15]_INST_0_i_19_n_0
    SLICE_X10Y56         LUT2 (Prop_lut2_I0_O)        0.097    10.120 r  u_riscv_core/u_if_stage/dmem_addr[15]_INST_0_i_11/O
                         net (fo=23, routed)          1.637    11.757    u_riscv_core/u_if_stage/dmem_addr[15]_INST_0_i_11_n_0
    SLICE_X13Y49         LUT2 (Prop_lut2_I1_O)        0.097    11.854 f  u_riscv_core/u_if_stage/dmem_addr[9]_INST_0_i_7/O
                         net (fo=16, routed)          1.724    13.578    u_riscv_core/u_if_stage/dmem_addr[9]_INST_0_i_7_n_0
    SLICE_X33Y54         LUT2 (Prop_lut2_I1_O)        0.101    13.679 f  u_riscv_core/u_if_stage/dmem_addr[5]_INST_0_i_7/O
                         net (fo=3, routed)           0.886    14.565    u_riscv_core/u_if_stage/dmem_addr[5]_INST_0_i_7_n_0
    SLICE_X29Y49         LUT6 (Prop_lut6_I4_O)        0.239    14.804 f  u_riscv_core/u_if_stage/dmem_addr[5]_INST_0_i_3/O
                         net (fo=1, routed)           0.797    15.600    u_riscv_core/u_if_stage/dmem_addr[5]_INST_0_i_3_n_0
    SLICE_X26Y48         LUT6 (Prop_lut6_I5_O)        0.097    15.697 r  u_riscv_core/u_if_stage/dmem_addr[5]_INST_0/O
                         net (fo=12289, routed)      41.961    57.658    mem_reg_2944_3071_28_28/A3
    SLICE_X88Y77         RAMD64E                                      r  mem_reg_2944_3071_28_28/DP.LOW/WADR3
  -------------------------------------------------------------------    -------------------





Min Delay Paths
--------------------------------------------------------------------------------------
Slack:                    inf
  Source:                 u_riscv_core/u_if_stage/pc_id_reg[0]/C
                            (rising edge-triggered cell FDCE)
  Destination:            u_riscv_core/u_id_ex_stage/pc_wb_reg[0]/D
  Path Group:             (none)
  Path Type:              Min at Fast Process Corner
  Data Path Delay:        0.314ns  (logic 0.209ns (66.662%)  route 0.105ns (33.338%))
  Logic Levels:           2  (FDCE=1 LUT2=1)

    Location             Delay type                Incr(ns)  Path(ns)    Netlist Resource(s)
  -------------------------------------------------------------------    -------------------
    SLICE_X8Y53          FDCE                         0.000     0.000 r  u_riscv_core/u_if_stage/pc_id_reg[0]/C
    SLICE_X8Y53          FDCE (Prop_fdce_C_Q)         0.164     0.164 r  u_riscv_core/u_if_stage/pc_id_reg[0]/Q
                         net (fo=3, routed)           0.105     0.269    u_riscv_core/u_if_stage/pc_id[0]
    SLICE_X9Y53          LUT2 (Prop_lut2_I0_O)        0.045     0.314 r  u_riscv_core/u_if_stage/pc_wb[0]_i_1/O
                         net (fo=1, routed)           0.000     0.314    u_riscv_core/u_id_ex_stage/D[0]
    SLICE_X9Y53          FDCE                                         r  u_riscv_core/u_id_ex_stage/pc_wb_reg[0]/D
  -------------------------------------------------------------------    -------------------

Slack:                    inf
  Source:                 rst_n_sync_1_reg/C
                            (rising edge-triggered cell FDCE)
  Destination:            rst_n_reg/D
  Path Group:             (none)
  Path Type:              Min at Fast Process Corner
  Data Path Delay:        0.317ns  (logic 0.141ns (44.470%)  route 0.176ns (55.530%))
  Logic Levels:           1  (FDCE=1)

    Location             Delay type                Incr(ns)  Path(ns)    Netlist Resource(s)
  -------------------------------------------------------------------    -------------------
    SLICE_X32Y49         FDCE                         0.000     0.000 r  rst_n_sync_1_reg/C
    SLICE_X32Y49         FDCE (Prop_fdce_C_Q)         0.141     0.141 r  rst_n_sync_1_reg/Q
                         net (fo=1, routed)           0.176     0.317    rst_n_sync_1
    SLICE_X32Y49         FDCE                                         r  rst_n_reg/D
  -------------------------------------------------------------------    -------------------

Slack:                    inf
  Source:                 u_riscv_core/u_if_stage/pc_reg_reg[25]/C
                            (rising edge-triggered cell FDCE)
  Destination:            u_riscv_core/u_if_stage/pc_id_reg[25]/D
  Path Group:             (none)
  Path Type:              Min at Fast Process Corner
  Data Path Delay:        0.343ns  (logic 0.186ns (54.287%)  route 0.157ns (45.713%))
  Logic Levels:           2  (FDCE=1 LUT2=1)

    Location             Delay type                Incr(ns)  Path(ns)    Netlist Resource(s)
  -------------------------------------------------------------------    -------------------
    SLICE_X7Y62          FDCE                         0.000     0.000 r  u_riscv_core/u_if_stage/pc_reg_reg[25]/C
    SLICE_X7Y62          FDCE (Prop_fdce_C_Q)         0.141     0.141 r  u_riscv_core/u_if_stage/pc_reg_reg[25]/Q
                         net (fo=3, routed)           0.157     0.298    u_riscv_core/u_if_stage/pc_debug[25]
    SLICE_X7Y63          LUT2 (Prop_lut2_I0_O)        0.045     0.343 r  u_riscv_core/u_if_stage/pc_id[25]_i_1/O
                         net (fo=1, routed)           0.000     0.343    u_riscv_core/u_if_stage/p_0_in[25]
    SLICE_X7Y63          FDCE                                         r  u_riscv_core/u_if_stage/pc_id_reg[25]/D
  -------------------------------------------------------------------    -------------------

Slack:                    inf
  Source:                 u_riscv_core/u_if_stage/pc_id_reg[1]/C
                            (rising edge-triggered cell FDCE)
  Destination:            u_riscv_core/u_id_ex_stage/pc_wb_reg[1]/D
  Path Group:             (none)
  Path Type:              Min at Fast Process Corner
  Data Path Delay:        0.379ns  (logic 0.209ns (55.187%)  route 0.170ns (44.813%))
  Logic Levels:           2  (FDCE=1 LUT2=1)

    Location             Delay type                Incr(ns)  Path(ns)    Netlist Resource(s)
  -------------------------------------------------------------------    -------------------
    SLICE_X8Y53          FDCE                         0.000     0.000 r  u_riscv_core/u_if_stage/pc_id_reg[1]/C
    SLICE_X8Y53          FDCE (Prop_fdce_C_Q)         0.164     0.164 r  u_riscv_core/u_if_stage/pc_id_reg[1]/Q
                         net (fo=4, routed)           0.170     0.334    u_riscv_core/u_if_stage/pc_id[1]
    SLICE_X9Y53          LUT2 (Prop_lut2_I0_O)        0.045     0.379 r  u_riscv_core/u_if_stage/pc_wb[1]_i_1/O
                         net (fo=1, routed)           0.000     0.379    u_riscv_core/u_id_ex_stage/D[1]
    SLICE_X9Y53          FDCE                                         r  u_riscv_core/u_id_ex_stage/pc_wb_reg[1]/D
  -------------------------------------------------------------------    -------------------

Slack:                    inf
  Source:                 u_riscv_core/u_if_stage/pc_reg_reg[0]/C
                            (rising edge-triggered cell FDCE)
  Destination:            u_riscv_core/u_if_stage/pc_id_reg[0]/D
  Path Group:             (none)
  Path Type:              Min at Fast Process Corner
  Data Path Delay:        0.388ns  (logic 0.246ns (63.391%)  route 0.142ns (36.609%))
  Logic Levels:           2  (FDCE=1 LUT2=1)

    Location             Delay type                Incr(ns)  Path(ns)    Netlist Resource(s)
  -------------------------------------------------------------------    -------------------
    SLICE_X8Y53          FDCE                         0.000     0.000 r  u_riscv_core/u_if_stage/pc_reg_reg[0]/C
    SLICE_X8Y53          FDCE (Prop_fdce_C_Q)         0.148     0.148 r  u_riscv_core/u_if_stage/pc_reg_reg[0]/Q
                         net (fo=2, routed)           0.142     0.290    u_riscv_core/u_if_stage/pc_debug[0]
    SLICE_X8Y53          LUT2 (Prop_lut2_I0_O)        0.098     0.388 r  u_riscv_core/u_if_stage/pc_id[0]_i_1/O
                         net (fo=1, routed)           0.000     0.388    u_riscv_core/u_if_stage/p_0_in[0]
    SLICE_X8Y53          FDCE                                         r  u_riscv_core/u_if_stage/pc_id_reg[0]/D
  -------------------------------------------------------------------    -------------------

Slack:                    inf
  Source:                 u_riscv_core/u_if_stage/pc_reg_reg[0]/C
                            (rising edge-triggered cell FDCE)
  Destination:            u_riscv_core/u_if_stage/pc_reg_reg[0]/D
  Path Group:             (none)
  Path Type:              Min at Fast Process Corner
  Data Path Delay:        0.391ns  (logic 0.249ns (63.671%)  route 0.142ns (36.329%))
  Logic Levels:           2  (FDCE=1 LUT4=1)

    Location             Delay type                Incr(ns)  Path(ns)    Netlist Resource(s)
  -------------------------------------------------------------------    -------------------
    SLICE_X8Y53          FDCE                         0.000     0.000 r  u_riscv_core/u_if_stage/pc_reg_reg[0]/C
    SLICE_X8Y53          FDCE (Prop_fdce_C_Q)         0.148     0.148 r  u_riscv_core/u_if_stage/pc_reg_reg[0]/Q
                         net (fo=2, routed)           0.142     0.290    u_riscv_core/u_if_stage/pc_debug[0]
    SLICE_X8Y53          LUT4 (Prop_lut4_I0_O)        0.101     0.391 r  u_riscv_core/u_if_stage/pc_reg[0]_i_1/O
                         net (fo=1, routed)           0.000     0.391    u_riscv_core/u_if_stage/pc_reg[0]_i_1_n_0
    SLICE_X8Y53          FDCE                                         r  u_riscv_core/u_if_stage/pc_reg_reg[0]/D
  -------------------------------------------------------------------    -------------------

Slack:                    inf
  Source:                 u_riscv_core/u_if_stage/pc_reg_reg[24]/C
                            (rising edge-triggered cell FDCE)
  Destination:            u_riscv_core/u_if_stage/pc_id_reg[24]/D
  Path Group:             (none)
  Path Type:              Min at Fast Process Corner
  Data Path Delay:        0.410ns  (logic 0.184ns (44.912%)  route 0.226ns (55.088%))
  Logic Levels:           2  (FDCE=1 LUT2=1)

    Location             Delay type                Incr(ns)  Path(ns)    Netlist Resource(s)
  -------------------------------------------------------------------    -------------------
    SLICE_X9Y60          FDCE                         0.000     0.000 r  u_riscv_core/u_if_stage/pc_reg_reg[24]/C
    SLICE_X9Y60          FDCE (Prop_fdce_C_Q)         0.141     0.141 r  u_riscv_core/u_if_stage/pc_reg_reg[24]/Q
                         net (fo=3, routed)           0.226     0.367    u_riscv_core/u_if_stage/pc_debug[24]
    SLICE_X9Y60          LUT2 (Prop_lut2_I0_O)        0.043     0.410 r  u_riscv_core/u_if_stage/pc_id[24]_i_1/O
                         net (fo=1, routed)           0.000     0.410    u_riscv_core/u_if_stage/p_0_in[24]
    SLICE_X9Y60          FDCE                                         r  u_riscv_core/u_if_stage/pc_id_reg[24]/D
  -------------------------------------------------------------------    -------------------

Slack:                    inf
  Source:                 u_riscv_core/u_if_stage/pc_reg_reg[15]/C
                            (rising edge-triggered cell FDCE)
  Destination:            u_riscv_core/u_if_stage/pc_id_reg[15]/D
  Path Group:             (none)
  Path Type:              Min at Fast Process Corner
  Data Path Delay:        0.412ns  (logic 0.186ns (45.161%)  route 0.226ns (54.839%))
  Logic Levels:           2  (FDCE=1 LUT2=1)

    Location             Delay type                Incr(ns)  Path(ns)    Netlist Resource(s)
  -------------------------------------------------------------------    -------------------
    SLICE_X4Y57          FDCE                         0.000     0.000 r  u_riscv_core/u_if_stage/pc_reg_reg[15]/C
    SLICE_X4Y57          FDCE (Prop_fdce_C_Q)         0.141     0.141 r  u_riscv_core/u_if_stage/pc_reg_reg[15]/Q
                         net (fo=3, routed)           0.226     0.367    u_riscv_core/u_if_stage/pc_debug[15]
    SLICE_X4Y55          LUT2 (Prop_lut2_I0_O)        0.045     0.412 r  u_riscv_core/u_if_stage/pc_id[15]_i_1/O
                         net (fo=1, routed)           0.000     0.412    u_riscv_core/u_if_stage/p_0_in[15]
    SLICE_X4Y55          FDCE                                         r  u_riscv_core/u_if_stage/pc_id_reg[15]/D
  -------------------------------------------------------------------    -------------------

Slack:                    inf
  Source:                 u_riscv_core/u_if_stage/pc_reg_reg[21]/C
                            (rising edge-triggered cell FDCE)
  Destination:            u_riscv_core/u_if_stage/pc_id_reg[21]/D
  Path Group:             (none)
  Path Type:              Min at Fast Process Corner
  Data Path Delay:        0.415ns  (logic 0.186ns (44.785%)  route 0.229ns (55.215%))
  Logic Levels:           2  (FDCE=1 LUT2=1)

    Location             Delay type                Incr(ns)  Path(ns)    Netlist Resource(s)
  -------------------------------------------------------------------    -------------------
    SLICE_X9Y59          FDCE                         0.000     0.000 r  u_riscv_core/u_if_stage/pc_reg_reg[21]/C
    SLICE_X9Y59          FDCE (Prop_fdce_C_Q)         0.141     0.141 r  u_riscv_core/u_if_stage/pc_reg_reg[21]/Q
                         net (fo=3, routed)           0.229     0.370    u_riscv_core/u_if_stage/pc_debug[21]
    SLICE_X9Y59          LUT2 (Prop_lut2_I0_O)        0.045     0.415 r  u_riscv_core/u_if_stage/pc_id[21]_i_1/O
                         net (fo=1, routed)           0.000     0.415    u_riscv_core/u_if_stage/p_0_in[21]
    SLICE_X9Y59          FDCE                                         r  u_riscv_core/u_if_stage/pc_id_reg[21]/D
  -------------------------------------------------------------------    -------------------

Slack:                    inf
  Source:                 u_riscv_core/u_if_stage/pc_id_reg[23]/C
                            (rising edge-triggered cell FDCE)
  Destination:            u_riscv_core/u_id_ex_stage/pc_wb_reg[23]/D
  Path Group:             (none)
  Path Type:              Min at Fast Process Corner
  Data Path Delay:        0.418ns  (logic 0.189ns (45.254%)  route 0.229ns (54.746%))
  Logic Levels:           2  (FDCE=1 LUT2=1)

    Location             Delay type                Incr(ns)  Path(ns)    Netlist Resource(s)
  -------------------------------------------------------------------    -------------------
    SLICE_X9Y60          FDCE                         0.000     0.000 r  u_riscv_core/u_if_stage/pc_id_reg[23]/C
    SLICE_X9Y60          FDCE (Prop_fdce_C_Q)         0.141     0.141 r  u_riscv_core/u_if_stage/pc_id_reg[23]/Q
                         net (fo=5, routed)           0.229     0.370    u_riscv_core/u_if_stage/pc_id[23]
    SLICE_X9Y63          LUT2 (Prop_lut2_I0_O)        0.048     0.418 r  u_riscv_core/u_if_stage/pc_wb[23]_i_1/O
                         net (fo=1, routed)           0.000     0.418    u_riscv_core/u_id_ex_stage/D[23]
    SLICE_X9Y63          FDCE                                         r  u_riscv_core/u_id_ex_stage/pc_wb_reg[23]/D
  -------------------------------------------------------------------    -------------------





